#
# There is insufficient memory for the Java Runtime Environment to continue.
# Native memory allocation (malloc) failed to allocate 1048576 bytes. Error detail: AllocateHeap
# Possible reasons:
#   The system is out of physical RAM or swap space
#   This process is running with CompressedOops enabled, and the Java Heap may be blocking the growth of the native heap
# Possible solutions:
#   Reduce memory load on the system
#   Increase physical memory or swap space
#   Check if swap backing store is full
#   Decrease Java heap size (-Xmx/-Xms)
#   Decrease number of Java threads
#   Decrease Java thread stack sizes (-Xss)
#   Set larger code cache with -XX:ReservedCodeCacheSize=
#   JVM is running with Unscaled Compressed Oops mode in which the Java heap is
#     placed in the first 4GB address space. The Java Heap base address is the
#     maximum limit for the native heap growth. Please use -XX:HeapBaseMinAddress
#     to set the Java Heap base and to place the Java Heap above 4GB virtual address.
# This output file may be truncated or incomplete.
#
#  Out of Memory Error (allocation.cpp:44), pid=23720, tid=4372
#
# JRE version: OpenJDK Runtime Environment Temurin-21.0.10+7 (21.0.10+7) (build 21.0.10+7-LTS)
# Java VM: OpenJDK 64-Bit Server VM Temurin-21.0.10+7 (21.0.10+7-LTS, mixed mode, sharing, tiered, compressed oops, compressed class ptrs, parallel gc, windows-amd64)
# No core dump will be written. Minidumps are not enabled by default on client versions of Windows
#

---------------  S U M M A R Y ------------

Command Line: --add-modules=ALL-SYSTEM --add-opens=java.base/java.util=ALL-UNNAMED --add-opens=java.base/java.lang=ALL-UNNAMED --add-opens=java.base/sun.nio.fs=ALL-UNNAMED -Declipse.application=org.eclipse.jdt.ls.core.id1 -Dosgi.bundles.defaultStartLevel=4 -Declipse.product=org.eclipse.jdt.ls.core.product -Djava.import.generatesMetadataFilesAtProjectRoot=false -DDetectVMInstallationsJob.disabled=true -Dfile.encoding=utf8 -XX:+UseParallelGC -XX:GCTimeRatio=4 -XX:AdaptiveSizePolicyWeight=90 -Dsun.zip.disableMemoryMapping=true -Xmx2G -Xms100m -Xlog:disable -javaagent:c:\Users\asus\.vscode\extensions\redhat.java-1.53.0-win32-x64\lombok\lombok-1.18.39-4050.jar -XX:+HeapDumpOnOutOfMemoryError -XX:HeapDumpPath=c:\Users\asus\AppData\Roaming\Code\User\workspaceStorage\2afa85fb7a82db2e5244f1107a170b3c\redhat.java -Daether.dependencyCollector.impl=bf c:\Users\asus\.vscode\extensions\redhat.java-1.53.0-win32-x64\server\plugins\org.eclipse.equinox.launcher_1.7.100.v20251111-0406.jar -configuration c:\Users\asus\AppData\Roaming\Code\User\globalStorage\redhat.java\1.53.0\config_win -data c:\Users\asus\AppData\Roaming\Code\User\workspaceStorage\2afa85fb7a82db2e5244f1107a170b3c\redhat.java\jdt_ws --pipe=\\.\pipe\lsp-51baf343ed06a5289d978e3cea510f7e-sock

Host: AMD Ryzen 5 3500U with Radeon Vega Mobile Gfx  , 8 cores, 5G,  Windows 11 , 64 bit Build 26100 (10.0.26100.7920)
Time: Thu Mar 12 23:05:02 2026 Paris, Madrid elapsed time: 19742.702408 seconds (0d 5h 29m 2s)

---------------  T H R E A D  ---------------

Current thread (0x0000020d7c035190):  JavaThread "Attach Listener" daemon [_thread_in_vm, id=4372, stack(0x0000002d49b00000,0x0000002d49c00000) (1024K)]

Stack: [0x0000002d49b00000,0x0000002d49c00000]
Native frames: (J=compiled Java code, j=interpreted, Vv=VM code, C=native code)
V  [jvm.dll+0x6d7a39]
V  [jvm.dll+0x8b4b26]
V  [jvm.dll+0x8b70de]
V  [jvm.dll+0x8b77c3]
V  [jvm.dll+0x284346]
V  [jvm.dll+0xc1277]
V  [jvm.dll+0x6d82e9]
V  [jvm.dll+0x1334a6]
V  [jvm.dll+0x3f857e]
V  [jvm.dll+0x85f59d]
V  [jvm.dll+0x6d626d]
C  [ucrtbase.dll+0x37b0]
C  [KERNEL32.DLL+0x2e8d7]
C  [ntdll.dll+0x8c48c]


---------------  P R O C E S S  ---------------

Threads class SMR info:
_java_thread_list=0x0000020d54e85180, length=44, elements={
0x0000020d7267c220, 0x0000020d7c02d6e0, 0x0000020d7c02fe30, 0x0000020d7c034530,
0x0000020d7c035190, 0x0000020d7c03a7a0, 0x0000020d7c03b200, 0x0000020d7c03e050,
0x0000020d7da82950, 0x0000020d7dd15370, 0x0000020d7de04070, 0x0000020d7e345780,
0x0000020d7e859190, 0x0000020d7e5ecd90, 0x0000020d7e597fd0, 0x0000020d7ed2b860,
0x0000020d7ecb4c20, 0x0000020d7edf2500, 0x0000020d7f014000, 0x0000020d7f0132e0,
0x0000020d7f011210, 0x0000020d7f011f30, 0x0000020d7f013970, 0x0000020d55392d00,
0x0000020d55396180, 0x0000020d55393390, 0x0000020d55394dd0, 0x0000020d55393a20,
0x0000020d553940b0, 0x0000020d55395460, 0x0000020d55395af0, 0x0000020d54465000,
0x0000020d54462f30, 0x0000020d54465690, 0x0000020d54465d20, 0x0000020d544628a0,
0x0000020d544663b0, 0x0000020d54469830, 0x0000020d54469ec0, 0x0000020d54db06b0,
0x0000020d54daec70, 0x0000020d54daf990, 0x0000020d54db0020, 0x0000020d54dae5e0
}

Java Threads: ( => current thread )
  0x0000020d7267c220 JavaThread "main"                              [_thread_blocked, id=24884, stack(0x0000002d49400000,0x0000002d49500000) (1024K)]
  0x0000020d7c02d6e0 JavaThread "Reference Handler"          daemon [_thread_blocked, id=24844, stack(0x0000002d49800000,0x0000002d49900000) (1024K)]
  0x0000020d7c02fe30 JavaThread "Finalizer"                  daemon [_thread_blocked, id=24836, stack(0x0000002d49900000,0x0000002d49a00000) (1024K)]
  0x0000020d7c034530 JavaThread "Signal Dispatcher"          daemon [_thread_blocked, id=24948, stack(0x0000002d49a00000,0x0000002d49b00000) (1024K)]
=>0x0000020d7c035190 JavaThread "Attach Listener"            daemon [_thread_in_vm, id=4372, stack(0x0000002d49b00000,0x0000002d49c00000) (1024K)]
  0x0000020d7c03a7a0 JavaThread "Service Thread"             daemon [_thread_blocked, id=24768, stack(0x0000002d49c00000,0x0000002d49d00000) (1024K)]
  0x0000020d7c03b200 JavaThread "Monitor Deflation Thread"   daemon [_thread_blocked, id=24960, stack(0x0000002d49d00000,0x0000002d49e00000) (1024K)]
  0x0000020d7c03e050 JavaThread "C2 CompilerThread0"         daemon [_thread_blocked, id=24956, stack(0x0000002d49e00000,0x0000002d49f00000) (1024K)]
  0x0000020d7da82950 JavaThread "C1 CompilerThread0"         daemon [_thread_blocked, id=24752, stack(0x0000002d49f00000,0x0000002d4a000000) (1024K)]
  0x0000020d7dd15370 JavaThread "Common-Cleaner"             daemon [_thread_blocked, id=22408, stack(0x0000002d4a100000,0x0000002d4a200000) (1024K)]
  0x0000020d7de04070 JavaThread "Notification Thread"        daemon [_thread_blocked, id=14484, stack(0x0000002d4a000000,0x0000002d4a100000) (1024K)]
  0x0000020d7e345780 JavaThread "Active Thread: Equinox Container: 6a117da8-ec60-4ab0-882c-26af7d3d545f"        [_thread_blocked, id=25296, stack(0x0000002d4a800000,0x0000002d4a900000) (1024K)]
  0x0000020d7e859190 JavaThread "Refresh Thread: Equinox Container: 6a117da8-ec60-4ab0-882c-26af7d3d545f" daemon [_thread_blocked, id=29728, stack(0x0000002d4aa00000,0x0000002d4ab00000) (1024K)]
  0x0000020d7e5ecd90 JavaThread "Framework Event Dispatcher: Equinox Container: 6a117da8-ec60-4ab0-882c-26af7d3d545f" daemon [_thread_blocked, id=28068, stack(0x0000002d4ab00000,0x0000002d4ac00000) (1024K)]
  0x0000020d7e597fd0 JavaThread "Start Level: Equinox Container: 6a117da8-ec60-4ab0-882c-26af7d3d545f" daemon [_thread_blocked, id=30696, stack(0x0000002d4ac00000,0x0000002d4ad00000) (1024K)]
  0x0000020d7ed2b860 JavaThread "Bundle File Closer"         daemon [_thread_blocked, id=9104, stack(0x0000002d4ae00000,0x0000002d4af00000) (1024K)]
  0x0000020d7ecb4c20 JavaThread "SCR Component Actor"        daemon [_thread_blocked, id=28044, stack(0x0000002d4af00000,0x0000002d4b000000) (1024K)]
  0x0000020d7edf2500 JavaThread "Worker-JM"                         [_thread_blocked, id=21992, stack(0x0000002d4ad00000,0x0000002d4ae00000) (1024K)]
  0x0000020d7f014000 JavaThread "JNA Cleaner"                daemon [_thread_blocked, id=26996, stack(0x0000002d4b000000,0x0000002d4b100000) (1024K)]
  0x0000020d7f0132e0 JavaThread "Worker-0: Initialize workspace"        [_thread_blocked, id=18536, stack(0x0000002d4b100000,0x0000002d4b200000) (1024K)]
  0x0000020d7f011210 JavaThread "Worker-1: Compacting resource model"        [_thread_blocked, id=7484, stack(0x0000002d4b200000,0x0000002d4b300000) (1024K)]
  0x0000020d7f011f30 JavaThread "Worker-3: Initialize Workspace"        [_thread_blocked, id=5392, stack(0x0000002d4b500000,0x0000002d4b600000) (1024K)]
  0x0000020d7f013970 JavaThread "Java indexing"              daemon [_thread_blocked, id=14908, stack(0x0000002d4b600000,0x0000002d4b700000) (1024K)]
  0x0000020d55392d00 JavaThread "Thread-1"                   daemon [_thread_in_native, id=22052, stack(0x0000002d4bb00000,0x0000002d4bc00000) (1024K)]
  0x0000020d55396180 JavaThread "Thread-2"                   daemon [_thread_in_native, id=27956, stack(0x0000002d4bc00000,0x0000002d4bd00000) (1024K)]
  0x0000020d55393390 JavaThread "Thread-3"                   daemon [_thread_in_native, id=4184, stack(0x0000002d4bd00000,0x0000002d4be00000) (1024K)]
  0x0000020d55394dd0 JavaThread "Thread-4"                   daemon [_thread_in_native, id=29604, stack(0x0000002d4be00000,0x0000002d4bf00000) (1024K)]
  0x0000020d55393a20 JavaThread "Thread-5"                   daemon [_thread_in_native, id=7540, stack(0x0000002d4bf00000,0x0000002d4c000000) (1024K)]
  0x0000020d553940b0 JavaThread "Thread-6"                   daemon [_thread_in_native, id=28396, stack(0x0000002d4c000000,0x0000002d4c100000) (1024K)]
  0x0000020d55395460 JavaThread "Thread-7"                   daemon [_thread_in_native, id=856, stack(0x0000002d4c100000,0x0000002d4c200000) (1024K)]
  0x0000020d55395af0 JavaThread "Thread-8"                   daemon [_thread_in_native, id=6844, stack(0x0000002d4c200000,0x0000002d4c300000) (1024K)]
  0x0000020d54465000 JavaThread "Thread-9"                   daemon [_thread_in_native, id=21160, stack(0x0000002d4c300000,0x0000002d4c400000) (1024K)]
  0x0000020d54462f30 JavaThread "pool-2-thread-1"                   [_thread_blocked, id=16440, stack(0x0000002d4c400000,0x0000002d4c500000) (1024K)]
  0x0000020d54465690 JavaThread "WorkspaceEventsHandler"            [_thread_blocked, id=29752, stack(0x0000002d4c500000,0x0000002d4c600000) (1024K)]
  0x0000020d54465d20 JavaThread "pool-1-thread-1"                   [_thread_blocked, id=7488, stack(0x0000002d4c600000,0x0000002d4c700000) (1024K)]
  0x0000020d544628a0 JavaThread "Worker-6: Refreshing workspace"        [_thread_blocked, id=24416, stack(0x0000002d49100000,0x0000002d49200000) (1024K)]
  0x0000020d544663b0 JavaThread "ForkJoinPool.commonPool-worker-8" daemon [_thread_blocked, id=7572, stack(0x0000002d49200000,0x0000002d49300000) (1024K)]
  0x0000020d54469830 JavaThread "Worker-8"                          [_thread_blocked, id=27900, stack(0x0000002d49300000,0x0000002d49400000) (1024K)]
  0x0000020d54469ec0 JavaThread "Worker-10"                         [_thread_blocked, id=10232, stack(0x0000002d4b800000,0x0000002d4b900000) (1024K)]
  0x0000020d54db06b0 JavaThread "ForkJoinPool.commonPool-worker-9" daemon [_thread_blocked, id=26836, stack(0x0000002d4ba00000,0x0000002d4bb00000) (1024K)]
  0x0000020d54daec70 JavaThread "ForkJoinPool.commonPool-worker-10" daemon [_thread_blocked, id=25284, stack(0x0000002d4c700000,0x0000002d4c800000) (1024K)]
  0x0000020d54daf990 JavaThread "ForkJoinPool.commonPool-worker-11" daemon [_thread_blocked, id=24780, stack(0x0000002d4c800000,0x0000002d4c900000) (1024K)]
  0x0000020d54db0020 JavaThread "ForkJoinPool.commonPool-worker-12" daemon [_thread_blocked, id=29868, stack(0x0000002d4c900000,0x0000002d4ca00000) (1024K)]
  0x0000020d54dae5e0 JavaThread "ForkJoinPool.commonPool-worker-13" daemon [_thread_blocked, id=30424, stack(0x0000002d4ca00000,0x0000002d4cb00000) (1024K)]
Total: 44

Other Threads:
  0x0000020d7c00fb20 VMThread "VM Thread"                           [id=24312, stack(0x0000002d49700000,0x0000002d49800000) (1024K)]
  0x0000020d7bf4ca00 WatcherThread "VM Periodic Task Thread"        [id=10168, stack(0x0000002d49600000,0x0000002d49700000) (1024K)]
  0x0000020d7269a330 WorkerThread "GC Thread#0"                     [id=10976, stack(0x0000002d49500000,0x0000002d49600000) (1024K)]
  0x0000020d7deddb20 WorkerThread "GC Thread#1"                     [id=21212, stack(0x0000002d4a200000,0x0000002d4a300000) (1024K)]
  0x0000020d7dedded0 WorkerThread "GC Thread#2"                     [id=26288, stack(0x0000002d4a300000,0x0000002d4a400000) (1024K)]
  0x0000020d7e4dd170 WorkerThread "GC Thread#3"                     [id=19072, stack(0x0000002d4a400000,0x0000002d4a500000) (1024K)]
  0x0000020d7e4dd520 WorkerThread "GC Thread#4"                     [id=17052, stack(0x0000002d4a500000,0x0000002d4a600000) (1024K)]
  0x0000020d7e4dd8d0 WorkerThread "GC Thread#5"                     [id=21860, stack(0x0000002d4a600000,0x0000002d4a700000) (1024K)]
  0x0000020d7e4ddc80 WorkerThread "GC Thread#6"                     [id=20464, stack(0x0000002d4a700000,0x0000002d4a800000) (1024K)]
  0x0000020d7e51e240 WorkerThread "GC Thread#7"                     [id=23944, stack(0x0000002d4a900000,0x0000002d4aa00000) (1024K)]
Total: 10

Threads with active compile tasks:
Total: 0

VM state: not at safepoint (normal execution)

VM Mutex/Monitor currently owned by a thread: None

Heap address: 0x0000000080000000, size: 2048 MB, Compressed Oops mode: 32-bit

CDS archive(s) mapped at: [0x0000020d0f000000-0x0000020d0fba0000-0x0000020d0fba0000), size 12189696, SharedBaseAddress: 0x0000020d0f000000, ArchiveRelocationMode: 1.
Compressed class space mapped at: 0x0000020d10000000-0x0000020d50000000, reserved size: 1073741824
Narrow klass base: 0x0000020d0f000000, Narrow klass shift: 0, Narrow klass range: 0x100000000

GC Precious Log:
 CardTable entry size: 512
 CPUs: 8 total, 8 available
 Memory: 6091M
 Large Page Support: Disabled
 NUMA Support: Disabled
 Compressed Oops: Enabled (32-bit)
 Alignments: Space 512K, Generation 512K, Heap 2M
 Heap Min Capacity: 100M
 Heap Initial Capacity: 100M
 Heap Max Capacity: 2G
 Pre-touch: Disabled
 Parallel Workers: 8

Heap:
 PSYoungGen      total 5120K, used 4149K [0x00000000d5580000, 0x00000000d5c80000, 0x0000000100000000)
  eden space 4608K, 86% used [0x00000000d5580000,0x00000000d59655b8,0x00000000d5a00000)
  from space 512K, 31% used [0x00000000d5b80000,0x00000000d5ba8000,0x00000000d5c00000)
  to   space 512K, 0% used [0x00000000d5c00000,0x00000000d5c00000,0x00000000d5c80000)
 ParOldGen       total 110592K, used 110437K [0x0000000080000000, 0x0000000086c00000, 0x00000000d5580000)
  object space 110592K, 99% used [0x0000000080000000,0x0000000086bd97e0,0x0000000086c00000)
 Metaspace       used 64338K, committed 65600K, reserved 1114112K
  class space    used 6644K, committed 7168K, reserved 1048576K

Card table byte_map: [0x0000020d77380000,0x0000020d77790000] _byte_map_base: 0x0000020d76f80000

Marking Bits: (ParMarkBitMap*) 0x00007ff9c4ff3450
 Begin Bits: [0x0000020d77a40000, 0x0000020d79a40000)
 End Bits:   [0x0000020d79a40000, 0x0000020d7ba40000)

Polling page: 0x0000020d77170000

Metaspace:

Usage:
  Non-class:     56.34 MB used.
      Class:      6.49 MB used.
       Both:     62.83 MB used.

Virtual space:
  Non-class space:       64.00 MB reserved,      57.06 MB ( 89%) committed,  1 nodes.
      Class space:        1.00 GB reserved,       7.00 MB ( <1%) committed,  1 nodes.
             Both:        1.06 GB reserved,      64.06 MB (  6%) committed. 

Chunk freelists:
   Non-Class:  6.98 MB
       Class:  8.94 MB
        Both:  15.92 MB

MaxMetaspaceSize: unlimited
CompressedClassSpaceSize: 1.00 GB
Initial GC threshold: 21.00 MB
Current GC threshold: 100.25 MB
CDS: on
 - commit_granule_bytes: 65536.
 - commit_granule_words: 8192.
 - virtual_space_node_default_size: 8388608.
 - enlarge_chunks_in_place: 1.
 - use_allocation_guard: 0.


Internal statistics:

num_allocs_failed_limit: 17.
num_arena_births: 1180.
num_arena_deaths: 232.
num_vsnodes_births: 2.
num_vsnodes_deaths: 0.
num_space_committed: 1025.
num_space_uncommitted: 0.
num_chunks_returned_to_freelist: 284.
num_chunks_taken_from_freelist: 4411.
num_chunk_merges: 63.
num_chunk_splits: 2563.
num_chunks_enlarged: 1430.
num_inconsistent_stats: 0.

CodeHeap 'non-profiled nmethods': size=120000Kb used=8707Kb max_used=8707Kb free=111292Kb
 bounds [0x0000020d07ad0000, 0x0000020d08360000, 0x0000020d0f000000]
CodeHeap 'profiled nmethods': size=120000Kb used=25625Kb max_used=25625Kb free=94374Kb
 bounds [0x0000020d00000000, 0x0000020d01910000, 0x0000020d07530000]
CodeHeap 'non-nmethods': size=5760Kb used=1441Kb max_used=1654Kb free=4319Kb
 bounds [0x0000020d07530000, 0x0000020d077a0000, 0x0000020d07ad0000]
CodeCache: size=245760Kb, used=35773Kb, max_used=35986Kb, free=209985Kb
 total_blobs=11702, nmethods=10947, adapters=659, full_count=0
Compilation: enabled, stopped_count=0, restarted_count=0

Compilation events (20 events):
Event: 18549.184 Thread 0x0000020d7c03e050 11765       4       jdk.internal.misc.Unsafe::putIntOpaque (9 bytes)
Event: 18549.197 Thread 0x0000020d7c03e050 nmethod 11765 0x0000020d08350490 code [0x0000020d08350620, 0x0000020d083506b8]
Event: 18808.453 Thread 0x0000020d7da82950 11766       1       org.eclipse.osgi.internal.location.BasicLocation::isReadOnly (5 bytes)
Event: 18808.460 Thread 0x0000020d7da82950 nmethod 11766 0x0000020d08350790 code [0x0000020d08350920, 0x0000020d083509f0]
Event: 19145.533 Thread 0x0000020d7da82950 11767       1       com.sun.jna.internal.Cleaner::access$200 (5 bytes)
Event: 19145.544 Thread 0x0000020d7da82950 nmethod 11767 0x0000020d08350a90 code [0x0000020d08350c20, 0x0000020d08350cd0]
Event: 19149.636 Thread 0x0000020d7da82950 11768       3       java.lang.ProcessHandleImpl::get (51 bytes)
Event: 19149.653 Thread 0x0000020d7da82950 nmethod 11768 0x0000020d018ff790 code [0x0000020d018ff9a0, 0x0000020d018fffa8]
Event: 19149.653 Thread 0x0000020d7da82950 11769       3       java.lang.ProcessHandleImpl::isAlive (44 bytes)
Event: 19149.654 Thread 0x0000020d7da82950 nmethod 11769 0x0000020d01900210 code [0x0000020d019003c0, 0x0000020d01900620]
Event: 19350.695 Thread 0x0000020d7da82950 11770       3       org.eclipse.core.internal.jobs.JobManager::startJob (89 bytes)
Event: 19350.770 Thread 0x0000020d7da82950 nmethod 11770 0x0000020d01900710 code [0x0000020d019009c0, 0x0000020d01901820]
Event: 19478.134 Thread 0x0000020d7da82950 11772 % !   3       org.eclipse.core.internal.jobs.InternalWorker::run @ 56 (152 bytes)
Event: 19478.161 Thread 0x0000020d7da82950 nmethod 11772% 0x0000020d01901c90 code [0x0000020d01901f20, 0x0000020d01902e28]
Event: 19530.634 Thread 0x0000020d7da82950 11773   !   3       org.eclipse.core.internal.jobs.JobManager::sleepHint (67 bytes)
Event: 19530.656 Thread 0x0000020d7da82950 nmethod 11773 0x0000020d01903690 code [0x0000020d01903900, 0x0000020d01904418]
Event: 19530.656 Thread 0x0000020d7da82950 11774       3       org.eclipse.core.internal.jobs.JobQueue::isEmpty (18 bytes)
Event: 19530.656 Thread 0x0000020d7da82950 nmethod 11774 0x0000020d01904910 code [0x0000020d01904ac0, 0x0000020d01904c50]
Event: 19531.170 Thread 0x0000020d7da82950 11775   !   3       org.eclipse.core.internal.jobs.InternalWorker::run (152 bytes)
Event: 19531.173 Thread 0x0000020d7da82950 nmethod 11775 0x0000020d01904d10 code [0x0000020d01904fa0, 0x0000020d01905d08]

GC Heap History (20 events):
Event: 16898.781 GC heap before
{Heap before GC invocations=125 (full 3):
 PSYoungGen      total 7168K, used 5664K [0x00000000d5580000, 0x00000000d5e00000, 0x0000000100000000)
  eden space 4608K, 100% used [0x00000000d5580000,0x00000000d5a00000,0x00000000d5a00000)
  from space 2560K, 41% used [0x00000000d5a00000,0x00000000d5b08010,0x00000000d5c80000)
  to   space 1536K, 0% used [0x00000000d5c80000,0x00000000d5c80000,0x00000000d5e00000)
 ParOldGen       total 107008K, used 106535K [0x0000000080000000, 0x0000000086880000, 0x00000000d5580000)
  object space 107008K, 99% used [0x0000000080000000,0x0000000086809e08,0x0000000086880000)
 Metaspace       used 63798K, committed 65088K, reserved 1114112K
  class space    used 6593K, committed 7168K, reserved 1048576K
}
Event: 16898.785 GC heap after
{Heap after GC invocations=125 (full 3):
 PSYoungGen      total 5632K, used 896K [0x00000000d5580000, 0x00000000d5d80000, 0x0000000100000000)
  eden space 4608K, 0% used [0x00000000d5580000,0x00000000d5580000,0x00000000d5a00000)
  from space 1024K, 87% used [0x00000000d5c80000,0x00000000d5d60000,0x00000000d5d80000)
  to   space 1536K, 0% used [0x00000000d5a80000,0x00000000d5a80000,0x00000000d5c00000)
 ParOldGen       total 107520K, used 107478K [0x0000000080000000, 0x0000000086900000, 0x00000000d5580000)
  object space 107520K, 99% used [0x0000000080000000,0x00000000868f58d0,0x0000000086900000)
 Metaspace       used 63798K, committed 65088K, reserved 1114112K
  class space    used 6593K, committed 7168K, reserved 1048576K
}
Event: 16898.868 GC heap before
{Heap before GC invocations=126 (full 3):
 PSYoungGen      total 5632K, used 5504K [0x00000000d5580000, 0x00000000d5d80000, 0x0000000100000000)
  eden space 4608K, 100% used [0x00000000d5580000,0x00000000d5a00000,0x00000000d5a00000)
  from space 1024K, 87% used [0x00000000d5c80000,0x00000000d5d60000,0x00000000d5d80000)
  to   space 1536K, 0% used [0x00000000d5a80000,0x00000000d5a80000,0x00000000d5c00000)
 ParOldGen       total 107520K, used 107478K [0x0000000080000000, 0x0000000086900000, 0x00000000d5580000)
  object space 107520K, 99% used [0x0000000080000000,0x00000000868f58d0,0x0000000086900000)
 Metaspace       used 63811K, committed 65088K, reserved 1114112K
  class space    used 6593K, committed 7168K, reserved 1048576K
}
Event: 16898.873 GC heap after
{Heap after GC invocations=126 (full 3):
 PSYoungGen      total 6144K, used 1184K [0x00000000d5580000, 0x00000000d5d00000, 0x0000000100000000)
  eden space 4608K, 0% used [0x00000000d5580000,0x00000000d5580000,0x00000000d5a00000)
  from space 1536K, 77% used [0x00000000d5a80000,0x00000000d5ba8010,0x00000000d5c00000)
  to   space 1024K, 0% used [0x00000000d5c00000,0x00000000d5c00000,0x00000000d5d00000)
 ParOldGen       total 108544K, used 108294K [0x0000000080000000, 0x0000000086a00000, 0x00000000d5580000)
  object space 108544K, 99% used [0x0000000080000000,0x00000000869c18f0,0x0000000086a00000)
 Metaspace       used 63811K, committed 65088K, reserved 1114112K
  class space    used 6593K, committed 7168K, reserved 1048576K
}
Event: 16899.022 GC heap before
{Heap before GC invocations=127 (full 3):
 PSYoungGen      total 6144K, used 5792K [0x00000000d5580000, 0x00000000d5d00000, 0x0000000100000000)
  eden space 4608K, 100% used [0x00000000d5580000,0x00000000d5a00000,0x00000000d5a00000)
  from space 1536K, 77% used [0x00000000d5a80000,0x00000000d5ba8010,0x00000000d5c00000)
  to   space 1024K, 0% used [0x00000000d5c00000,0x00000000d5c00000,0x00000000d5d00000)
 ParOldGen       total 108544K, used 108305K [0x0000000080000000, 0x0000000086a00000, 0x00000000d5580000)
  object space 108544K, 99% used [0x0000000080000000,0x00000000869c4600,0x0000000086a00000)
 Metaspace       used 63936K, committed 65216K, reserved 1114112K
  class space    used 6605K, committed 7168K, reserved 1048576K
}
Event: 16899.027 GC heap after
{Heap after GC invocations=127 (full 3):
 PSYoungGen      total 5632K, used 615K [0x00000000d5580000, 0x00000000d5d00000, 0x0000000100000000)
  eden space 4608K, 0% used [0x00000000d5580000,0x00000000d5580000,0x00000000d5a00000)
  from space 1024K, 60% used [0x00000000d5c00000,0x00000000d5c99e90,0x00000000d5d00000)
  to   space 1024K, 0% used [0x00000000d5b00000,0x00000000d5b00000,0x00000000d5c00000)
 ParOldGen       total 109568K, used 109417K [0x0000000080000000, 0x0000000086b00000, 0x00000000d5580000)
  object space 109568K, 99% used [0x0000000080000000,0x0000000086ada630,0x0000000086b00000)
 Metaspace       used 63936K, committed 65216K, reserved 1114112K
  class space    used 6605K, committed 7168K, reserved 1048576K
}
Event: 17010.567 GC heap before
{Heap before GC invocations=128 (full 3):
 PSYoungGen      total 5632K, used 5223K [0x00000000d5580000, 0x00000000d5d00000, 0x0000000100000000)
  eden space 4608K, 100% used [0x00000000d5580000,0x00000000d5a00000,0x00000000d5a00000)
  from space 1024K, 60% used [0x00000000d5c00000,0x00000000d5c99e90,0x00000000d5d00000)
  to   space 1024K, 0% used [0x00000000d5b00000,0x00000000d5b00000,0x00000000d5c00000)
 ParOldGen       total 109568K, used 109427K [0x0000000080000000, 0x0000000086b00000, 0x00000000d5580000)
  object space 109568K, 99% used [0x0000000080000000,0x0000000086adcf00,0x0000000086b00000)
 Metaspace       used 64311K, committed 65536K, reserved 1114112K
  class space    used 6644K, committed 7168K, reserved 1048576K
}
Event: 17010.595 GC heap after
{Heap after GC invocations=128 (full 3):
 PSYoungGen      total 5632K, used 547K [0x00000000d5580000, 0x00000000d5c80000, 0x0000000100000000)
  eden space 4608K, 0% used [0x00000000d5580000,0x00000000d5580000,0x00000000d5a00000)
  from space 1024K, 53% used [0x00000000d5b00000,0x00000000d5b88df8,0x00000000d5c00000)
  to   space 512K, 0% used [0x00000000d5c00000,0x00000000d5c00000,0x00000000d5c80000)
 ParOldGen       total 110080K, used 109942K [0x0000000080000000, 0x0000000086b80000, 0x00000000d5580000)
  object space 110080K, 99% used [0x0000000080000000,0x0000000086b5da48,0x0000000086b80000)
 Metaspace       used 64311K, committed 65536K, reserved 1114112K
  class space    used 6644K, committed 7168K, reserved 1048576K
}
Event: 17385.084 GC heap before
{Heap before GC invocations=129 (full 3):
 PSYoungGen      total 5632K, used 5155K [0x00000000d5580000, 0x00000000d5c80000, 0x0000000100000000)
  eden space 4608K, 100% used [0x00000000d5580000,0x00000000d5a00000,0x00000000d5a00000)
  from space 1024K, 53% used [0x00000000d5b00000,0x00000000d5b88df8,0x00000000d5c00000)
  to   space 512K, 0% used [0x00000000d5c00000,0x00000000d5c00000,0x00000000d5c80000)
 ParOldGen       total 110080K, used 109942K [0x0000000080000000, 0x0000000086b80000, 0x00000000d5580000)
  object space 110080K, 99% used [0x0000000080000000,0x0000000086b5da48,0x0000000086b80000)
 Metaspace       used 64321K, committed 65536K, reserved 1114112K
  class space    used 6644K, committed 7168K, reserved 1048576K
}
Event: 17385.114 GC heap after
{Heap after GC invocations=129 (full 3):
 PSYoungGen      total 5120K, used 160K [0x00000000d5580000, 0x00000000d5c80000, 0x0000000100000000)
  eden space 4608K, 0% used [0x00000000d5580000,0x00000000d5580000,0x00000000d5a00000)
  from space 512K, 31% used [0x00000000d5c00000,0x00000000d5c28000,0x00000000d5c80000)
  to   space 512K, 0% used [0x00000000d5b80000,0x00000000d5b80000,0x00000000d5c00000)
 ParOldGen       total 110592K, used 110381K [0x0000000080000000, 0x0000000086c00000, 0x00000000d5580000)
  object space 110592K, 99% used [0x0000000080000000,0x0000000086bcb7e0,0x0000000086c00000)
 Metaspace       used 64321K, committed 65536K, reserved 1114112K
  class space    used 6644K, committed 7168K, reserved 1048576K
}
Event: 17793.788 GC heap before
{Heap before GC invocations=130 (full 3):
 PSYoungGen      total 5120K, used 4768K [0x00000000d5580000, 0x00000000d5c80000, 0x0000000100000000)
  eden space 4608K, 100% used [0x00000000d5580000,0x00000000d5a00000,0x00000000d5a00000)
  from space 512K, 31% used [0x00000000d5c00000,0x00000000d5c28000,0x00000000d5c80000)
  to   space 512K, 0% used [0x00000000d5b80000,0x00000000d5b80000,0x00000000d5c00000)
 ParOldGen       total 110592K, used 110381K [0x0000000080000000, 0x0000000086c00000, 0x00000000d5580000)
  object space 110592K, 99% used [0x0000000080000000,0x0000000086bcb7e0,0x0000000086c00000)
 Metaspace       used 64323K, committed 65536K, reserved 1114112K
  class space    used 6644K, committed 7168K, reserved 1048576K
}
Event: 17793.841 GC heap after
{Heap after GC invocations=130 (full 3):
 PSYoungGen      total 5120K, used 192K [0x00000000d5580000, 0x00000000d5c80000, 0x0000000100000000)
  eden space 4608K, 0% used [0x00000000d5580000,0x00000000d5580000,0x00000000d5a00000)
  from space 512K, 37% used [0x00000000d5b80000,0x00000000d5bb0000,0x00000000d5c00000)
  to   space 512K, 0% used [0x00000000d5c00000,0x00000000d5c00000,0x00000000d5c80000)
 ParOldGen       total 110592K, used 110405K [0x0000000080000000, 0x0000000086c00000, 0x00000000d5580000)
  object space 110592K, 99% used [0x0000000080000000,0x0000000086bd17e0,0x0000000086c00000)
 Metaspace       used 64323K, committed 65536K, reserved 1114112K
  class space    used 6644K, committed 7168K, reserved 1048576K
}
Event: 18199.170 GC heap before
{Heap before GC invocations=131 (full 3):
 PSYoungGen      total 5120K, used 4800K [0x00000000d5580000, 0x00000000d5c80000, 0x0000000100000000)
  eden space 4608K, 100% used [0x00000000d5580000,0x00000000d5a00000,0x00000000d5a00000)
  from space 512K, 37% used [0x00000000d5b80000,0x00000000d5bb0000,0x00000000d5c00000)
  to   space 512K, 0% used [0x00000000d5c00000,0x00000000d5c00000,0x00000000d5c80000)
 ParOldGen       total 110592K, used 110405K [0x0000000080000000, 0x0000000086c00000, 0x00000000d5580000)
  object space 110592K, 99% used [0x0000000080000000,0x0000000086bd17e0,0x0000000086c00000)
 Metaspace       used 64329K, committed 65536K, reserved 1114112K
  class space    used 6644K, committed 7168K, reserved 1048576K
}
Event: 18199.207 GC heap after
{Heap after GC invocations=131 (full 3):
 PSYoungGen      total 5120K, used 160K [0x00000000d5580000, 0x00000000d5c80000, 0x0000000100000000)
  eden space 4608K, 0% used [0x00000000d5580000,0x00000000d5580000,0x00000000d5a00000)
  from space 512K, 31% used [0x00000000d5c00000,0x00000000d5c28000,0x00000000d5c80000)
  to   space 512K, 0% used [0x00000000d5b80000,0x00000000d5b80000,0x00000000d5c00000)
 ParOldGen       total 110592K, used 110413K [0x0000000080000000, 0x0000000086c00000, 0x00000000d5580000)
  object space 110592K, 99% used [0x0000000080000000,0x0000000086bd37e0,0x0000000086c00000)
 Metaspace       used 64329K, committed 65536K, reserved 1114112K
  class space    used 6644K, committed 7168K, reserved 1048576K
}
Event: 18605.921 GC heap before
{Heap before GC invocations=132 (full 3):
 PSYoungGen      total 5120K, used 4768K [0x00000000d5580000, 0x00000000d5c80000, 0x0000000100000000)
  eden space 4608K, 100% used [0x00000000d5580000,0x00000000d5a00000,0x00000000d5a00000)
  from space 512K, 31% used [0x00000000d5c00000,0x00000000d5c28000,0x00000000d5c80000)
  to   space 512K, 0% used [0x00000000d5b80000,0x00000000d5b80000,0x00000000d5c00000)
 ParOldGen       total 110592K, used 110413K [0x0000000080000000, 0x0000000086c00000, 0x00000000d5580000)
  object space 110592K, 99% used [0x0000000080000000,0x0000000086bd37e0,0x0000000086c00000)
 Metaspace       used 64329K, committed 65536K, reserved 1114112K
  class space    used 6644K, committed 7168K, reserved 1048576K
}
Event: 18605.960 GC heap after
{Heap after GC invocations=132 (full 3):
 PSYoungGen      total 5120K, used 160K [0x00000000d5580000, 0x00000000d5c80000, 0x0000000100000000)
  eden space 4608K, 0% used [0x00000000d5580000,0x00000000d5580000,0x00000000d5a00000)
  from space 512K, 31% used [0x00000000d5b80000,0x00000000d5ba8000,0x00000000d5c00000)
  to   space 512K, 0% used [0x00000000d5c00000,0x00000000d5c00000,0x00000000d5c80000)
 ParOldGen       total 110592K, used 110421K [0x0000000080000000, 0x0000000086c00000, 0x00000000d5580000)
  object space 110592K, 99% used [0x0000000080000000,0x0000000086bd57e0,0x0000000086c00000)
 Metaspace       used 64329K, committed 65536K, reserved 1114112K
  class space    used 6644K, committed 7168K, reserved 1048576K
}
Event: 19004.935 GC heap before
{Heap before GC invocations=133 (full 3):
 PSYoungGen      total 5120K, used 4768K [0x00000000d5580000, 0x00000000d5c80000, 0x0000000100000000)
  eden space 4608K, 100% used [0x00000000d5580000,0x00000000d5a00000,0x00000000d5a00000)
  from space 512K, 31% used [0x00000000d5b80000,0x00000000d5ba8000,0x00000000d5c00000)
  to   space 512K, 0% used [0x00000000d5c00000,0x00000000d5c00000,0x00000000d5c80000)
 ParOldGen       total 110592K, used 110421K [0x0000000080000000, 0x0000000086c00000, 0x00000000d5580000)
  object space 110592K, 99% used [0x0000000080000000,0x0000000086bd57e0,0x0000000086c00000)
 Metaspace       used 64329K, committed 65536K, reserved 1114112K
  class space    used 6644K, committed 7168K, reserved 1048576K
}
Event: 19004.974 GC heap after
{Heap after GC invocations=133 (full 3):
 PSYoungGen      total 5120K, used 128K [0x00000000d5580000, 0x00000000d5c80000, 0x0000000100000000)
  eden space 4608K, 0% used [0x00000000d5580000,0x00000000d5580000,0x00000000d5a00000)
  from space 512K, 25% used [0x00000000d5c00000,0x00000000d5c20000,0x00000000d5c80000)
  to   space 512K, 0% used [0x00000000d5b80000,0x00000000d5b80000,0x00000000d5c00000)
 ParOldGen       total 110592K, used 110437K [0x0000000080000000, 0x0000000086c00000, 0x00000000d5580000)
  object space 110592K, 99% used [0x0000000080000000,0x0000000086bd97e0,0x0000000086c00000)
 Metaspace       used 64329K, committed 65536K, reserved 1114112K
  class space    used 6644K, committed 7168K, reserved 1048576K
}
Event: 19404.564 GC heap before
{Heap before GC invocations=134 (full 3):
 PSYoungGen      total 5120K, used 4736K [0x00000000d5580000, 0x00000000d5c80000, 0x0000000100000000)
  eden space 4608K, 100% used [0x00000000d5580000,0x00000000d5a00000,0x00000000d5a00000)
  from space 512K, 25% used [0x00000000d5c00000,0x00000000d5c20000,0x00000000d5c80000)
  to   space 512K, 0% used [0x00000000d5b80000,0x00000000d5b80000,0x00000000d5c00000)
 ParOldGen       total 110592K, used 110437K [0x0000000080000000, 0x0000000086c00000, 0x00000000d5580000)
  object space 110592K, 99% used [0x0000000080000000,0x0000000086bd97e0,0x0000000086c00000)
 Metaspace       used 64335K, committed 65600K, reserved 1114112K
  class space    used 6644K, committed 7168K, reserved 1048576K
}
Event: 19404.600 GC heap after
{Heap after GC invocations=134 (full 3):
 PSYoungGen      total 5120K, used 160K [0x00000000d5580000, 0x00000000d5c80000, 0x0000000100000000)
  eden space 4608K, 0% used [0x00000000d5580000,0x00000000d5580000,0x00000000d5a00000)
  from space 512K, 31% used [0x00000000d5b80000,0x00000000d5ba8000,0x00000000d5c00000)
  to   space 512K, 0% used [0x00000000d5c00000,0x00000000d5c00000,0x00000000d5c80000)
 ParOldGen       total 110592K, used 110437K [0x0000000080000000, 0x0000000086c00000, 0x00000000d5580000)
  object space 110592K, 99% used [0x0000000080000000,0x0000000086bd97e0,0x0000000086c00000)
 Metaspace       used 64335K, committed 65600K, reserved 1114112K
  class space    used 6644K, committed 7168K, reserved 1048576K
}

Dll operation events (10 events):
Event: 0.061 Loaded shared library c:\Users\asus\.vscode\extensions\redhat.java-1.53.0-win32-x64\jre\21.0.10-win32-x86_64\bin\java.dll
Event: 0.522 Loaded shared library c:\Users\asus\.vscode\extensions\redhat.java-1.53.0-win32-x64\jre\21.0.10-win32-x86_64\bin\zip.dll
Event: 0.597 Loaded shared library C:\Users\asus\.vscode\extensions\redhat.java-1.53.0-win32-x64\jre\21.0.10-win32-x86_64\bin\instrument.dll
Event: 0.611 Loaded shared library C:\Users\asus\.vscode\extensions\redhat.java-1.53.0-win32-x64\jre\21.0.10-win32-x86_64\bin\net.dll
Event: 0.620 Loaded shared library C:\Users\asus\.vscode\extensions\redhat.java-1.53.0-win32-x64\jre\21.0.10-win32-x86_64\bin\nio.dll
Event: 0.632 Loaded shared library C:\Users\asus\.vscode\extensions\redhat.java-1.53.0-win32-x64\jre\21.0.10-win32-x86_64\bin\zip.dll
Event: 0.837 Loaded shared library C:\Users\asus\.vscode\extensions\redhat.java-1.53.0-win32-x64\jre\21.0.10-win32-x86_64\bin\jimage.dll
Event: 1.286 Loaded shared library c:\Users\asus\.vscode\extensions\redhat.java-1.53.0-win32-x64\jre\21.0.10-win32-x86_64\bin\verify.dll
Event: 5.643 Loaded shared library C:\Users\asus\AppData\Roaming\Code\User\globalStorage\redhat.java\1.53.0\config_win\org.eclipse.equinox.launcher\org.eclipse.equinox.launcher.win32.win32.x86_64_1.3.0.v20260203-2149\eclipse_11919.dll
Event: 10.269 Loaded shared library C:\Users\asus\AppData\Local\Temp\jna-3003984\jna6549505406631503129.dll

Deoptimization events (20 events):
Event: 16899.100 Thread 0x0000020d54dae5e0 DEOPT PACKING pc=0x0000020d0813a274 sp=0x0000002d4cafe5a0
Event: 16899.100 Thread 0x0000020d54dae5e0 DEOPT UNPACKING pc=0x0000020d07583aa2 sp=0x0000002d4cafe570 mode 2
Event: 16899.100 Thread 0x0000020d54dae5e0 Uncommon trap: trap_request=0xffffff45 fr.pc=0x0000020d07dcd388 relative=0x00000000000001e8
Event: 16899.100 Thread 0x0000020d54dae5e0 Uncommon trap: reason=unstable_if action=reinterpret pc=0x0000020d07dcd388 method=org.eclipse.core.runtime.Path.computeLength()I @ 92 c2
Event: 16899.100 Thread 0x0000020d54dae5e0 DEOPT PACKING pc=0x0000020d07dcd388 sp=0x0000002d4cafe460
Event: 16899.100 Thread 0x0000020d54dae5e0 DEOPT UNPACKING pc=0x0000020d07583aa2 sp=0x0000002d4cafe3f0 mode 2
Event: 16899.172 Thread 0x0000020d54daec70 Uncommon trap: trap_request=0xffffff45 fr.pc=0x0000020d081ec078 relative=0x0000000000000418
Event: 16899.172 Thread 0x0000020d54daec70 Uncommon trap: reason=unstable_if action=reinterpret pc=0x0000020d081ec078 method=org.eclipse.core.internal.resources.Resource.equals(Ljava/lang/Object;)Z @ 32 c2
Event: 16899.172 Thread 0x0000020d54daec70 DEOPT PACKING pc=0x0000020d081ec078 sp=0x0000002d4c7fe3c0
Event: 16899.172 Thread 0x0000020d54daec70 DEOPT UNPACKING pc=0x0000020d07583aa2 sp=0x0000002d4c7fe360 mode 2
Event: 17179.699 Thread 0x0000020d7f0132e0 DEOPT PACKING pc=0x0000020d00c47954 sp=0x0000002d4b1ff310
Event: 17179.700 Thread 0x0000020d7f0132e0 DEOPT UNPACKING pc=0x0000020d07584242 sp=0x0000002d4b1fe800 mode 0
Event: 17190.403 Thread 0x0000020d7f0132e0 Uncommon trap: trap_request=0xffffff3d fr.pc=0x0000020d07e11250 relative=0x00000000000000b0
Event: 17190.403 Thread 0x0000020d7f0132e0 Uncommon trap: reason=unstable_fused_if action=reinterpret pc=0x0000020d07e11250 method=org.eclipse.core.internal.jobs.InternalJob.getState()I @ 10 c2
Event: 17190.403 Thread 0x0000020d7f0132e0 DEOPT PACKING pc=0x0000020d07e11250 sp=0x0000002d4b1ff1a0
Event: 17190.403 Thread 0x0000020d7f0132e0 DEOPT UNPACKING pc=0x0000020d07583aa2 sp=0x0000002d4b1ff0d0 mode 2
Event: 17190.418 Thread 0x0000020d7f0132e0 Uncommon trap: trap_request=0xffffff3d fr.pc=0x0000020d07df14d0 relative=0x00000000000000b0
Event: 17190.418 Thread 0x0000020d7f0132e0 Uncommon trap: reason=unstable_fused_if action=reinterpret pc=0x0000020d07df14d0 method=org.eclipse.core.internal.jobs.InternalJob.getState()I @ 10 c2
Event: 17190.418 Thread 0x0000020d7f0132e0 DEOPT PACKING pc=0x0000020d07df14d0 sp=0x0000002d4b1ff130
Event: 17190.419 Thread 0x0000020d7f0132e0 DEOPT UNPACKING pc=0x0000020d07583aa2 sp=0x0000002d4b1ff0c8 mode 2

Classes loaded (20 events):
Event: 16875.789 Loading class java/util/stream/Node$Builder$OfInt done
Event: 16875.789 Loading class java/util/stream/Nodes$IntArrayNode
Event: 16875.791 Loading class java/util/stream/Nodes$IntArrayNode done
Event: 16875.791 Loading class java/util/stream/Nodes$IntFixedNodeBuilder done
Event: 16875.792 Loading class java/util/stream/ReferencePipeline$4$1
Event: 16875.793 Loading class java/util/stream/ReferencePipeline$4$1 done
Event: 16881.037 Loading class java/util/stream/ReduceOps$4
Event: 16881.040 Loading class java/util/stream/ReduceOps$4 done
Event: 16881.040 Loading class java/util/stream/ReduceOps$4ReducingSink
Event: 16881.041 Loading class java/util/stream/ReduceOps$4ReducingSink done
Event: 16890.158 Loading class java/util/ArrayDeque$DeqSpliterator
Event: 16890.180 Loading class java/util/ArrayDeque$DeqSpliterator done
Event: 16896.094 Loading class java/lang/UnsupportedClassVersionError
Event: 16896.095 Loading class java/lang/UnsupportedClassVersionError done
Event: 16896.541 Loading class sun/nio/fs/WindowsFileCopy
Event: 16896.549 Loading class sun/nio/fs/WindowsFileCopy done
Event: 16898.417 Loading class java/nio/file/Files$2
Event: 16898.418 Loading class java/nio/file/Files$2 done
Event: 16899.157 Loading class java/util/Hashtable$KeySet
Event: 16899.157 Loading class java/util/Hashtable$KeySet done

Classes unloaded (20 events):
Event: 16882.396 Thread 0x0000020d7c00fb20 Unloading class 0x0000020d100b4c00 'java/lang/invoke/LambdaForm$MH+0x0000020d100b4c00'
Event: 16882.396 Thread 0x0000020d7c00fb20 Unloading class 0x0000020d1008c000 'java/lang/invoke/LambdaForm$MH+0x0000020d1008c000'
Event: 16882.397 Thread 0x0000020d7c00fb20 Unloading class 0x0000020d1008ac00 'java/lang/invoke/LambdaForm$MH+0x0000020d1008ac00'
Event: 16882.397 Thread 0x0000020d7c00fb20 Unloading class 0x0000020d1001ec00 'java/lang/invoke/LambdaForm$MH+0x0000020d1001ec00'
Event: 16882.397 Thread 0x0000020d7c00fb20 Unloading class 0x0000020d10014800 'java/lang/invoke/LambdaForm$MH+0x0000020d10014800'
Event: 16882.397 Thread 0x0000020d7c00fb20 Unloading class 0x0000020d1000d800 'java/lang/invoke/LambdaForm$MH+0x0000020d1000d800'
Event: 16882.397 Thread 0x0000020d7c00fb20 Unloading class 0x0000020d1000d400 'java/lang/invoke/LambdaForm$MH+0x0000020d1000d400'
Event: 16882.397 Thread 0x0000020d7c00fb20 Unloading class 0x0000020d1000d000 'java/lang/invoke/LambdaForm$MH+0x0000020d1000d000'
Event: 16882.397 Thread 0x0000020d7c00fb20 Unloading class 0x0000020d1000cc00 'java/lang/invoke/LambdaForm$MH+0x0000020d1000cc00'
Event: 16882.397 Thread 0x0000020d7c00fb20 Unloading class 0x0000020d1000c800 'java/lang/invoke/LambdaForm$BMH+0x0000020d1000c800'
Event: 16882.397 Thread 0x0000020d7c00fb20 Unloading class 0x0000020d1000c000 'java/lang/invoke/LambdaForm$DMH+0x0000020d1000c000'
Event: 16882.398 Thread 0x0000020d7c00fb20 Unloading class 0x0000020d10008c00 'java/lang/invoke/LambdaForm$MH+0x0000020d10008c00'
Event: 16882.398 Thread 0x0000020d7c00fb20 Unloading class 0x0000020d10008800 'java/lang/invoke/LambdaForm$MH+0x0000020d10008800'
Event: 16882.398 Thread 0x0000020d7c00fb20 Unloading class 0x0000020d10008400 'java/lang/invoke/LambdaForm$MH+0x0000020d10008400'
Event: 16882.398 Thread 0x0000020d7c00fb20 Unloading class 0x0000020d10007000 'java/lang/invoke/LambdaForm$MH+0x0000020d10007000'
Event: 16882.398 Thread 0x0000020d7c00fb20 Unloading class 0x0000020d10006800 'java/lang/invoke/LambdaForm$MH+0x0000020d10006800'
Event: 16882.398 Thread 0x0000020d7c00fb20 Unloading class 0x0000020d10006400 'java/lang/invoke/LambdaForm$MH+0x0000020d10006400'
Event: 16882.398 Thread 0x0000020d7c00fb20 Unloading class 0x0000020d10006000 'java/lang/invoke/LambdaForm$MH+0x0000020d10006000'
Event: 16882.398 Thread 0x0000020d7c00fb20 Unloading class 0x0000020d10005c00 'java/lang/invoke/LambdaForm$BMH+0x0000020d10005c00'
Event: 16882.398 Thread 0x0000020d7c00fb20 Unloading class 0x0000020d10004800 'java/lang/invoke/LambdaForm$DMH+0x0000020d10004800'

Classes redefined (0 events):
No events

Internal exceptions (20 events):
Event: 16881.850 Thread 0x0000020d54466a40 Exception <a 'java/io/FileNotFoundException'{0x00000000d5892478}> (0x00000000d5892478) 
thrown [s\src\hotspot\share\prims\jni.cpp, line 520]
Event: 16881.851 Thread 0x0000020d54466a40 Exception <a 'java/io/FileNotFoundException'{0x00000000d58935c0}> (0x00000000d58935c0) 
thrown [s\src\hotspot\share\prims\jni.cpp, line 520]
Event: 16889.007 Thread 0x0000020d54465d20 Implicit null exception at 0x0000020d07df2f88 to 0x0000020d07df42e4
Event: 16889.995 Thread 0x0000020d54466a40 Exception <a 'sun/nio/fs/WindowsException'{0x00000000d5793998}> (0x00000000d5793998) 
thrown [s\src\hotspot\share\prims\jni.cpp, line 520]
Event: 16889.998 Thread 0x0000020d54466a40 Exception <a 'sun/nio/fs/WindowsException'{0x00000000d5794278}> (0x00000000d5794278) 
thrown [s\src\hotspot\share\prims\jni.cpp, line 520]
Event: 16890.125 Thread 0x0000020d54466a40 Exception <a 'java/io/FileNotFoundException'{0x00000000d5cc4a98}> (0x00000000d5cc4a98) 
thrown [s\src\hotspot\share\prims\jni.cpp, line 520]
Event: 16890.125 Thread 0x0000020d54466a40 Exception <a 'java/io/FileNotFoundException'{0x00000000d5cc5aa0}> (0x00000000d5cc5aa0) 
thrown [s\src\hotspot\share\prims\jni.cpp, line 520]
Event: 16890.126 Thread 0x0000020d54466a40 Exception <a 'java/io/FileNotFoundException'{0x00000000d5cc6bd0}> (0x00000000d5cc6bd0) 
thrown [s\src\hotspot\share\prims\jni.cpp, line 520]
Event: 16891.719 Thread 0x0000020d54465d20 Exception <a 'java/lang/NoSuchMethodError'{0x00000000d5d3bc00}: 'java.lang.Object java.lang.invoke.DirectMethodHandle$Holder.invokeStatic(java.lang.Object, java.lang.Object, int, java.lang.Object, java.lang.Object)'> (0x00000000d5d3bc00) 
thrown [s\src\hotspot\share\interpreter\linkResolver.cpp, line 773]
Event: 16894.604 Thread 0x0000020d54465d20 Exception <a 'java/lang/IncompatibleClassChangeError'{0x00000000d6288010}: Found class java.lang.Object, but interface was expected> (0x00000000d6288010) 
thrown [s\src\hotspot\share\interpreter\linkResolver.cpp, line 840]
Event: 16894.604 Thread 0x0000020d54465d20 Implicit null exception at 0x0000020d07d874b9 to 0x0000020d07d87724
Event: 16894.625 Thread 0x0000020d54465d20 Implicit null exception at 0x0000020d07b0748e to 0x0000020d07b07535
Event: 16895.039 Thread 0x0000020d54465d20 Exception <a 'java/lang/ClassNotFoundException'{0x00000000d5f4e920}: sun/util/logging/resources/spi/loggingProvider> (0x00000000d5f4e920) 
thrown [s\src\hotspot\share\classfile\systemDictionary.cpp, line 312]
Event: 16896.127 Thread 0x0000020d54daec70 Exception <a 'java/lang/NoSuchMethodError'{0x00000000d5e8b4d8}: 'int java.lang.invoke.Invokers$Holder.invokeExact_MT(java.lang.Object, java.lang.Object)'> (0x00000000d5e8b4d8) 
thrown [s\src\hotspot\share\interpreter\linkResolver.cpp, line 773]
Event: 16896.204 Thread 0x0000020d54daec70 Exception <a 'java/lang/IncompatibleClassChangeError'{0x00000000d564f158}: Found class java.lang.Object, but interface was expected> (0x00000000d564f158) 
thrown [s\src\hotspot\share\interpreter\linkResolver.cpp, line 840]
Event: 16896.551 Thread 0x0000020d7f013970 Exception <a 'sun/nio/fs/WindowsException'{0x00000000d569fa90}> (0x00000000d569fa90) 
thrown [s\src\hotspot\share\prims\jni.cpp, line 520]
Event: 16897.751 Thread 0x0000020d7f013970 Exception <a 'sun/nio/fs/WindowsException'{0x00000000d564e048}> (0x00000000d564e048) 
thrown [s\src\hotspot\share\prims\jni.cpp, line 520]
Event: 16898.967 Thread 0x0000020d7f013970 Implicit null exception at 0x0000020d082a839e to 0x0000020d082ac58c
Event: 16899.155 Thread 0x0000020d54daec70 Exception <a 'java/lang/NoSuchMethodError'{0x00000000d574aad0}: 'java.lang.Object java.lang.invoke.DirectMethodHandle$Holder.invokeStaticInit(java.lang.Object, java.lang.Object, java.lang.Object)'> (0x00000000d574aad0) 
thrown [s\src\hotspot\share\interpreter\linkResolver.cpp, line 773]
Event: 16988.932 Thread 0x0000020d54465d20 Exception <a 'java/lang/IncompatibleClassChangeError'{0x00000000d595a4b8}: Found class java.lang.Object, but interface was expected> (0x00000000d595a4b8) 
thrown [s\src\hotspot\share\interpreter\linkResolver.cpp, line 840]

ZGC Phase Switch (0 events):
No events

VM Operations (20 events):
Event: 19083.313 Executing non-safepoint VM operation: HandshakeAllThreads (HandshakeForDeflation)
Event: 19083.313 Executing non-safepoint VM operation: HandshakeAllThreads (HandshakeForDeflation) done
Event: 19083.313 Executing non-safepoint VM operation: RendezvousGCThreads
Event: 19083.313 Executing non-safepoint VM operation: RendezvousGCThreads done
Event: 19263.474 Executing non-safepoint VM operation: HandshakeAllThreads (HandshakeForDeflation)
Event: 19263.475 Executing non-safepoint VM operation: HandshakeAllThreads (HandshakeForDeflation) done
Event: 19263.475 Executing non-safepoint VM operation: RendezvousGCThreads
Event: 19263.475 Executing non-safepoint VM operation: RendezvousGCThreads done
Event: 19404.562 Executing safepoint VM operation: ParallelGCFailedAllocation (Allocation Failure)
Event: 19404.601 Executing safepoint VM operation: ParallelGCFailedAllocation (Allocation Failure) done
Event: 19443.997 Executing non-safepoint VM operation: HandshakeAllThreads (HandshakeForDeflation)
Event: 19443.997 Executing non-safepoint VM operation: HandshakeAllThreads (HandshakeForDeflation) done
Event: 19443.997 Executing non-safepoint VM operation: RendezvousGCThreads
Event: 19443.997 Executing non-safepoint VM operation: RendezvousGCThreads done
Event: 19504.237 Executing non-safepoint VM operation: HandshakeAllThreads (HandshakeForDeflation)
Event: 19504.237 Executing non-safepoint VM operation: HandshakeAllThreads (HandshakeForDeflation) done
Event: 19504.238 Executing non-safepoint VM operation: RendezvousGCThreads
Event: 19504.238 Executing non-safepoint VM operation: RendezvousGCThreads done
Event: 19532.428 Executing safepoint VM operation: Cleanup
Event: 19532.428 Executing safepoint VM operation: Cleanup done

Memory protections (0 events):
No events

Nmethod flushes (20 events):
Event: 16882.689 Thread 0x0000020d7c00fb20 flushing  nmethod 0x0000020d0090cf10
Event: 16882.689 Thread 0x0000020d7c00fb20 flushing  nmethod 0x0000020d0090db10
Event: 16882.689 Thread 0x0000020d7c00fb20 flushing  nmethod 0x0000020d0095f890
Event: 16882.689 Thread 0x0000020d7c00fb20 flushing  nmethod 0x0000020d0095fe90
Event: 16882.689 Thread 0x0000020d7c00fb20 flushing  nmethod 0x0000020d00960710
Event: 16882.689 Thread 0x0000020d7c00fb20 flushing  nmethod 0x0000020d00960c90
Event: 16882.689 Thread 0x0000020d7c00fb20 flushing  nmethod 0x0000020d00961390
Event: 16882.689 Thread 0x0000020d7c00fb20 flushing  nmethod 0x0000020d00962490
Event: 16882.689 Thread 0x0000020d7c00fb20 flushing  nmethod 0x0000020d00967a90
Event: 16882.689 Thread 0x0000020d7c00fb20 flushing  nmethod 0x0000020d00970610
Event: 16882.689 Thread 0x0000020d7c00fb20 flushing  nmethod 0x0000020d0097e710
Event: 16882.689 Thread 0x0000020d7c00fb20 flushing  nmethod 0x0000020d00980410
Event: 16882.689 Thread 0x0000020d7c00fb20 flushing  nmethod 0x0000020d00987490
Event: 16882.689 Thread 0x0000020d7c00fb20 flushing  nmethod 0x0000020d00989110
Event: 16882.689 Thread 0x0000020d7c00fb20 flushing  nmethod 0x0000020d009b6d90
Event: 16882.689 Thread 0x0000020d7c00fb20 flushing  nmethod 0x0000020d009c1510
Event: 16882.689 Thread 0x0000020d7c00fb20 flushing  nmethod 0x0000020d009e7010
Event: 16882.689 Thread 0x0000020d7c00fb20 flushing  nmethod 0x0000020d009fc410
Event: 16882.689 Thread 0x0000020d7c00fb20 flushing  nmethod 0x0000020d009ffc10
Event: 16882.689 Thread 0x0000020d7c00fb20 flushing  nmethod 0x0000020d00a28c90

Events (20 events):
Event: 16873.902 Thread 0x0000020d54465d20 Thread added: 0x0000020d544663b0
Event: 16874.298 Thread 0x0000020d7da82950 Thread added: 0x0000020d551da3b0
Event: 16874.381 Thread 0x0000020d544628a0 Thread added: 0x0000020d54466a40
Event: 16877.072 Thread 0x0000020d551da3b0 Thread exited: 0x0000020d551da3b0
Event: 16877.126 Thread 0x0000020d7da82950 Thread added: 0x0000020d551da3b0
Event: 16877.311 Thread 0x0000020d551da3b0 Thread exited: 0x0000020d551da3b0
Event: 16877.580 Thread 0x0000020d54465d20 Thread added: 0x0000020d54469830
Event: 16880.886 Thread 0x0000020d7da82950 Thread added: 0x0000020d54dc03d0
Event: 16882.095 Thread 0x0000020d54469830 Thread added: 0x0000020d54467df0
Event: 16890.064 Thread 0x0000020d54469830 Thread added: 0x0000020d54469ec0
Event: 16892.504 Thread 0x0000020d7da82950 Thread added: 0x0000020d6088cc00
Event: 16895.442 Thread 0x0000020d54465d20 Thread added: 0x0000020d54db06b0
Event: 16895.455 Thread 0x0000020d54465d20 Thread added: 0x0000020d54daec70
Event: 16898.995 Thread 0x0000020d54465d20 Thread added: 0x0000020d54daf990
Event: 16898.996 Thread 0x0000020d54daf990 Thread added: 0x0000020d54db0020
Event: 16898.997 Thread 0x0000020d54db0020 Thread added: 0x0000020d54dae5e0
Event: 16900.975 Thread 0x0000020d6088cc00 Thread exited: 0x0000020d6088cc00
Event: 16905.985 Thread 0x0000020d54dc03d0 Thread exited: 0x0000020d54dc03d0
Event: 16958.000 Thread 0x0000020d54467df0 Thread exited: 0x0000020d54467df0
Event: 16958.985 Thread 0x0000020d54466a40 Thread exited: 0x0000020d54466a40


Dynamic libraries:
0x00007ff7d2850000 - 0x00007ff7d285e000 	c:\Users\asus\.vscode\extensions\redhat.java-1.53.0-win32-x64\jre\21.0.10-win32-x86_64\bin\java.exe
0x00007ffa50860000 - 0x00007ffa50ac7000 	C:\WINDOWS\SYSTEM32\ntdll.dll
0x00007ffa4f890000 - 0x00007ffa4f959000 	C:\WINDOWS\System32\KERNEL32.DLL
0x00007ffa4dd80000 - 0x00007ffa4e171000 	C:\WINDOWS\System32\KERNELBASE.dll
0x00007ffa4e210000 - 0x00007ffa4e35b000 	C:\WINDOWS\System32\ucrtbase.dll
0x00007ffa1c9b0000 - 0x00007ffa1c9c8000 	c:\Users\asus\.vscode\extensions\redhat.java-1.53.0-win32-x64\jre\21.0.10-win32-x86_64\bin\jli.dll
0x00007ffa4edf0000 - 0x00007ffa4efb5000 	C:\WINDOWS\System32\USER32.dll
0x00007ffa4d2b0000 - 0x00007ffa4d2d7000 	C:\WINDOWS\System32\win32u.dll
0x00007ffa1c990000 - 0x00007ffa1c9ae000 	c:\Users\asus\.vscode\extensions\redhat.java-1.53.0-win32-x64\jre\21.0.10-win32-x86_64\bin\VCRUNTIME140.dll
0x00007ffa4e610000 - 0x00007ffa4e63b000 	C:\WINDOWS\System32\GDI32.dll
0x00007ffa4e360000 - 0x00007ffa4e48b000 	C:\WINDOWS\System32\gdi32full.dll
0x00007ffa4db50000 - 0x00007ffa4dbf3000 	C:\WINDOWS\System32\msvcp_win.dll
0x00007ffa3c1b0000 - 0x00007ffa3c443000 	C:\WINDOWS\WinSxS\amd64_microsoft.windows.common-controls_6595b64144ccf1df_6.0.26100.8037_none_3e092faae333b53b\COMCTL32.dll
0x00007ffa50330000 - 0x00007ffa503d9000 	C:\WINDOWS\System32\msvcrt.dll
0x00007ffa50080000 - 0x00007ffa500b1000 	C:\WINDOWS\System32\IMM32.DLL
0x00007ffa33960000 - 0x00007ffa3396c000 	c:\Users\asus\.vscode\extensions\redhat.java-1.53.0-win32-x64\jre\21.0.10-win32-x86_64\bin\vcruntime140_1.dll
0x00007ff9eb040000 - 0x00007ff9eb0cd000 	c:\Users\asus\.vscode\extensions\redhat.java-1.53.0-win32-x64\jre\21.0.10-win32-x86_64\bin\msvcp140.dll
0x00007ff9c4330000 - 0x00007ff9c50d1000 	c:\Users\asus\.vscode\extensions\redhat.java-1.53.0-win32-x64\jre\21.0.10-win32-x86_64\bin\server\jvm.dll
0x00007ffa50270000 - 0x00007ffa5032b000 	C:\WINDOWS\System32\ADVAPI32.dll
0x00007ffa501c0000 - 0x00007ffa50267000 	C:\WINDOWS\System32\sechost.dll
0x00007ffa4f730000 - 0x00007ffa4f848000 	C:\WINDOWS\System32\RPCRT4.dll
0x00007ffa505a0000 - 0x00007ffa50614000 	C:\WINDOWS\System32\WS2_32.dll
0x00007ffa4cfc0000 - 0x00007ffa4d01e000 	C:\WINDOWS\SYSTEM32\POWRPROF.dll
0x00007ffa470f0000 - 0x00007ffa47125000 	C:\WINDOWS\SYSTEM32\WINMM.dll
0x00007ffa47130000 - 0x00007ffa4713b000 	C:\WINDOWS\SYSTEM32\VERSION.dll
0x00007ffa4cfa0000 - 0x00007ffa4cfb4000 	C:\WINDOWS\SYSTEM32\UMPDC.dll
0x00007ffa4beb0000 - 0x00007ffa4becb000 	C:\WINDOWS\SYSTEM32\kernel.appcore.dll
0x00007ffa2f6e0000 - 0x00007ffa2f6ea000 	c:\Users\asus\.vscode\extensions\redhat.java-1.53.0-win32-x64\jre\21.0.10-win32-x86_64\bin\jimage.dll
0x00007ffa40aa0000 - 0x00007ffa40ce2000 	C:\WINDOWS\SYSTEM32\DBGHELP.DLL
0x00007ffa4e640000 - 0x00007ffa4e9c2000 	C:\WINDOWS\System32\combase.dll
0x00007ffa4e9d0000 - 0x00007ffa4eaa7000 	C:\WINDOWS\System32\OLEAUT32.dll
0x00007ffa3b280000 - 0x00007ffa3b2bb000 	C:\WINDOWS\SYSTEM32\dbgcore.DLL
0x00007ffa4d140000 - 0x00007ffa4d1e5000 	C:\WINDOWS\System32\bcryptPrimitives.dll
0x00007ffa43510000 - 0x00007ffa4351f000 	c:\Users\asus\.vscode\extensions\redhat.java-1.53.0-win32-x64\jre\21.0.10-win32-x86_64\bin\instrument.dll
0x00007ffa1c970000 - 0x00007ffa1c990000 	c:\Users\asus\.vscode\extensions\redhat.java-1.53.0-win32-x64\jre\21.0.10-win32-x86_64\bin\java.dll
0x00007ffa4efc0000 - 0x00007ffa4f71f000 	C:\WINDOWS\System32\SHELL32.dll
0x00007ffa4e490000 - 0x00007ffa4e5fa000 	C:\WINDOWS\System32\wintypes.dll
0x00007ffa4d2e0000 - 0x00007ffa4db44000 	C:\WINDOWS\System32\windows.storage.dll
0x00007ffa50720000 - 0x00007ffa50817000 	C:\WINDOWS\System32\SHCORE.dll
0x00007ffa4f960000 - 0x00007ffa4f9c7000 	C:\WINDOWS\System32\shlwapi.dll
0x00007ffa4d060000 - 0x00007ffa4d089000 	C:\WINDOWS\SYSTEM32\profapi.dll
0x00007ffa1c950000 - 0x00007ffa1c968000 	c:\Users\asus\.vscode\extensions\redhat.java-1.53.0-win32-x64\jre\21.0.10-win32-x86_64\bin\zip.dll
0x00007ffa29a30000 - 0x00007ffa29a40000 	C:\Users\asus\.vscode\extensions\redhat.java-1.53.0-win32-x64\jre\21.0.10-win32-x86_64\bin\net.dll
0x00007ffa445e0000 - 0x00007ffa44707000 	C:\WINDOWS\SYSTEM32\WINHTTP.dll
0x00007ffa4c440000 - 0x00007ffa4c4ab000 	C:\WINDOWS\system32\mswsock.dll
0x00007ffa15910000 - 0x00007ffa15926000 	C:\Users\asus\.vscode\extensions\redhat.java-1.53.0-win32-x64\jre\21.0.10-win32-x86_64\bin\nio.dll
0x00007ffa1d440000 - 0x00007ffa1d450000 	c:\Users\asus\.vscode\extensions\redhat.java-1.53.0-win32-x64\jre\21.0.10-win32-x86_64\bin\verify.dll
0x00007ffa3e8c0000 - 0x00007ffa3e905000 	C:\Users\asus\AppData\Roaming\Code\User\globalStorage\redhat.java\1.53.0\config_win\org.eclipse.equinox.launcher\org.eclipse.equinox.launcher.win32.win32.x86_64_1.3.0.v20260203-2149\eclipse_11919.dll
0x00007ffa503e0000 - 0x00007ffa50575000 	C:\WINDOWS\System32\ole32.dll
0x00007ffa4c720000 - 0x00007ffa4c73b000 	C:\WINDOWS\SYSTEM32\CRYPTSP.dll
0x00007ffa4be10000 - 0x00007ffa4be49000 	C:\WINDOWS\system32\rsaenh.dll
0x00007ffa4c4f0000 - 0x00007ffa4c522000 	C:\WINDOWS\SYSTEM32\USERENV.dll
0x00007ffa4d030000 - 0x00007ffa4d05a000 	C:\WINDOWS\SYSTEM32\bcrypt.dll
0x00007ffa4c740000 - 0x00007ffa4c74c000 	C:\WINDOWS\SYSTEM32\CRYPTBASE.dll
0x00007ffa4b8e0000 - 0x00007ffa4b913000 	C:\WINDOWS\SYSTEM32\IPHLPAPI.DLL
0x00007ffa50590000 - 0x00007ffa5059a000 	C:\WINDOWS\System32\NSI.dll
0x00007ffa318c0000 - 0x00007ffa31909000 	C:\Users\asus\AppData\Local\Temp\jna-3003984\jna6549505406631503129.dll
0x00007ffa4f850000 - 0x00007ffa4f858000 	C:\WINDOWS\System32\PSAPI.DLL
0x00007ffa44490000 - 0x00007ffa444ad000 	C:\WINDOWS\SYSTEM32\dhcpcsvc6.DLL
0x00007ffa44460000 - 0x00007ffa44483000 	C:\WINDOWS\SYSTEM32\dhcpcsvc.DLL

JVMTI agents:
c:\Users\asus\.vscode\extensions\redhat.java-1.53.0-win32-x64\lombok\lombok-1.18.39-4050.jar path:c:\Users\asus\.vscode\extensions\redhat.java-1.53.0-win32-x64\jre\21.0.10-win32-x86_64\bin\instrument.dll, loaded, initialized, instrumentlib options:none

dbghelp: loaded successfully - version: 4.0.5 - missing functions: none
symbol engine: initialized successfully - sym options: 0x614 - pdb path: .;c:\Users\asus\.vscode\extensions\redhat.java-1.53.0-win32-x64\jre\21.0.10-win32-x86_64\bin;C:\WINDOWS\SYSTEM32;C:\WINDOWS\WinSxS\amd64_microsoft.windows.common-controls_6595b64144ccf1df_6.0.26100.8037_none_3e092faae333b53b;c:\Users\asus\.vscode\extensions\redhat.java-1.53.0-win32-x64\jre\21.0.10-win32-x86_64\bin\server;C:\Users\asus\AppData\Roaming\Code\User\globalStorage\redhat.java\1.53.0\config_win\org.eclipse.equinox.launcher\org.eclipse.equinox.launcher.win32.win32.x86_64_1.3.0.v20260203-2149;C:\Users\asus\AppData\Local\Temp\jna-3003984

VM Arguments:
jvm_args: --add-modules=ALL-SYSTEM --add-opens=java.base/java.util=ALL-UNNAMED --add-opens=java.base/java.lang=ALL-UNNAMED --add-opens=java.base/sun.nio.fs=ALL-UNNAMED -Declipse.application=org.eclipse.jdt.ls.core.id1 -Dosgi.bundles.defaultStartLevel=4 -Declipse.product=org.eclipse.jdt.ls.core.product -Djava.import.generatesMetadataFilesAtProjectRoot=false -DDetectVMInstallationsJob.disabled=true -Dfile.encoding=utf8 -XX:+UseParallelGC -XX:GCTimeRatio=4 -XX:AdaptiveSizePolicyWeight=90 -Dsun.zip.disableMemoryMapping=true -Xmx2G -Xms100m -Xlog:disable -javaagent:c:\Users\asus\.vscode\extensions\redhat.java-1.53.0-win32-x64\lombok\lombok-1.18.39-4050.jar -XX:+HeapDumpOnOutOfMemoryError -XX:HeapDumpPath=c:\Users\asus\AppData\Roaming\Code\User\workspaceStorage\2afa85fb7a82db2e5244f1107a170b3c\redhat.java -Daether.dependencyCollector.impl=bf 
java_command: c:\Users\asus\.vscode\extensions\redhat.java-1.53.0-win32-x64\server\plugins\org.eclipse.equinox.launcher_1.7.100.v20251111-0406.jar -configuration c:\Users\asus\AppData\Roaming\Code\User\globalStorage\redhat.java\1.53.0\config_win -data c:\Users\asus\AppData\Roaming\Code\User\workspaceStorage\2afa85fb7a82db2e5244f1107a170b3c\redhat.java\jdt_ws --pipe=\\.\pipe\lsp-51baf343ed06a5289d978e3cea510f7e-sock
java_class_path (initial): c:\Users\asus\.vscode\extensions\redhat.java-1.53.0-win32-x64\server\plugins\org.eclipse.equinox.launcher_1.7.100.v20251111-0406.jar
Launcher Type: SUN_STANDARD

[Global flags]
    uintx AdaptiveSizePolicyWeight                 = 90                                        {product} {command line}
     intx CICompilerCount                          = 4                                         {product} {ergonomic}
    uintx GCTimeRatio                              = 4                                         {product} {command line}
     bool HeapDumpOnOutOfMemoryError               = true                                   {manageable} {command line}
    ccstr HeapDumpPath                             = c:\Users\asus\AppData\Roaming\Code\User\workspaceStorage\2afa85fb7a82db2e5244f1107a170b3c\redhat.java         {manageable} {command line}
   size_t InitialHeapSize                          = 104857600                                 {product} {command line}
   size_t MaxHeapSize                              = 2147483648                                {product} {command line}
   size_t MaxNewSize                               = 715653120                                 {product} {ergonomic}
   size_t MinHeapDeltaBytes                        = 524288                                    {product} {ergonomic}
   size_t MinHeapSize                              = 104857600                                 {product} {command line}
   size_t NewSize                                  = 34603008                                  {product} {ergonomic}
    uintx NonNMethodCodeHeapSize                   = 5839372                                {pd product} {ergonomic}
    uintx NonProfiledCodeHeapSize                  = 122909434                              {pd product} {ergonomic}
   size_t OldSize                                  = 70254592                                  {product} {ergonomic}
    uintx ProfiledCodeHeapSize                     = 122909434                              {pd product} {ergonomic}
    uintx ReservedCodeCacheSize                    = 251658240                              {pd product} {ergonomic}
     bool SegmentedCodeCache                       = true                                      {product} {ergonomic}
   size_t SoftMaxHeapSize                          = 2147483648                             {manageable} {ergonomic}
     bool UseCompressedOops                        = true                           {product lp64_product} {ergonomic}
     bool UseLargePagesIndividualAllocation        = false                                  {pd product} {ergonomic}
     bool UseParallelGC                            = true                                      {product} {command line}

Logging:
Log output configuration:
 #0: stdout all=off uptime,level,tags foldmultilines=false
 #1: stderr all=off uptime,level,tags foldmultilines=false

Release file:
JAVA_VERSION="21.0.10" 
MODULES="java.base java.compiler java.datatransfer java.xml java.prefs java.desktop java.instrument java.logging java.management java.security.sasl java.naming java.rmi java.management.rmi java.net.http java.scripting java.security.jgss java.transaction.xa java.sql java.sql.rowset java.xml.crypto java.se java.smartcardio jdk.accessibility jdk.internal.jvmstat jdk.attach jdk.charsets jdk.internal.opt jdk.zipfs jdk.compiler jdk.crypto.ec jdk.crypto.cryptoki jdk.crypto.mscapi jdk.dynalink jdk.internal.ed jdk.editpad jdk.hotspot.agent jdk.httpserver jdk.internal.le jdk.internal.vm.ci jdk.internal.vm.compiler jdk.internal.vm.compiler.management jdk.jartool jdk.javadoc jdk.jcmd jdk.management jdk.management.agent jdk.jconsole jdk.jdeps jdk.jdwp.agent jdk.jdi jdk.jfr jdk.jshell jdk.jsobject jdk.jstatd jdk.localedata jdk.management.jfr jdk.naming.dns jdk.naming.rmi jdk.net jdk.nio.mapmode jdk.random jdk.sctp jdk.security.auth jdk.security.jgss jdk.unsupported jdk.unsupported.desktop jdk.xml.dom" 

Environment Variables:
JAVA_HOME=C:\Program Files\Java\jdk-21.
PATH=C:\Users\asus\Desktop\Microsoft VS Code;C:\Program Files\Common Files\Oracle\Java\javapath;C:\WINDOWS\system32;C:\WINDOWS;C:\WINDOWS\System32\Wbem;C:\WINDOWS\System32\WindowsPowerShell\v1.0\;C:\WINDOWS\System32\OpenSSH\;C:\Program Files\TortoiseGit\bin;C:\Program Files\Git\cmd;C:\Program Files\nodejs\;C:\Program Files\Go\bin;C:\Program Files\MongoDB\Server\8.0\bin;C:\Users\asus\Downloads\gradle-8.13-bin\gradle-8.13\bin;;C:\Program Files\Docker\Docker\resources\bin;C:\Users\asus\anaconda3;C:\Users\asus\anaconda3\Library\mingw-w64\bin;C:\Users\asus\anaconda3\Library\usr\bin;C:\Users\asus\anaconda3\Library\bin;C:\Users\asus\anaconda3\Scripts;C:\Users\asus\AppData\Local\Programs\Python\Python39\Scripts\;C:\Users\asus\AppData\Local\Programs\Python\Python39\;C:\Users\asus\AppData\Local\Microsoft\WindowsApps;C:\Users\asus\Desktop\Microsoft VS Code\bin;C:\Users\asus\AppData\Roaming\npm;C:\Users\asus\go\bin;C:\Program Files\Apache\Maven\bin;C:\Users\asus\AppData\Local\Programs\mongosh\;C:\Users\asus\AppData\Local\Programs\Antigravity\bin
USERNAME=asus
OS=Windows_NT
PROCESSOR_IDENTIFIER=AMD64 Family 23 Model 24 Stepping 1, AuthenticAMD
TMP=C:\Users\asus\AppData\Local\Temp
TEMP=C:\Users\asus\AppData\Local\Temp




Periodic native trim disabled

---------------  S Y S T E M  ---------------

OS:
 Windows 11 , 64 bit Build 26100 (10.0.26100.7920)
OS uptime: 0 days 10:58 hours
Hyper-V role detected

CPU: total 8 (initial active 8) (8 cores per cpu, 2 threads per core) family 23 model 24 stepping 1 microcode 0x8108102, cx8, cmov, fxsr, ht, mmx, 3dnowpref, sse, sse2, sse3, ssse3, sse4a, sse4.1, sse4.2, popcnt, lzcnt, tsc, tscinvbit, avx, avx2, aes, clmul, bmi1, bmi2, adx, sha, fma, vzeroupper, clflush, clflushopt, hv, rdtscp, f16c
Processor Information for the first 8 processors :
  Max Mhz: 2100, Current Mhz: 2100, Mhz Limit: 2100

Memory: 4k page, system-wide physical 6091M (450M free)
TotalPageFile size 21660M (AvailPageFile size 17M)
current process WorkingSet (physical memory assigned to process): 10M, peak: 412M
current process commit charge ("private bytes"): 410M, peak: 520M

vm_info: OpenJDK 64-Bit Server VM (21.0.10+7-LTS) for windows-amd64 JRE (21.0.10+7-LTS), built on 2026-01-20T00:00:00Z by "admin" with MS VC++ 17.12 (VS2022)

END.
