#
# There is insufficient memory for the Java Runtime Environment to continue.
# Native memory allocation (malloc) failed to allocate 1562896 bytes for Chunk::new
# Possible reasons:
#   The system is out of physical RAM or swap space
#   The process is running with CompressedOops enabled, and the Java Heap may be blocking the growth of the native heap
# Possible solutions:
#   Reduce memory load on the system
#   Increase physical memory or swap space
#   Check if swap backing store is full
#   Decrease Java heap size (-Xmx/-Xms)
#   Decrease number of Java threads
#   Decrease Java thread stack sizes (-Xss)
#   Set larger code cache with -XX:ReservedCodeCacheSize=
#   JVM is running with Unscaled Compressed Oops mode in which the Java heap is
#     placed in the first 4GB address space. The Java Heap base address is the
#     maximum limit for the native heap growth. Please use -XX:HeapBaseMinAddress
#     to set the Java Heap base and to place the Java Heap above 4GB virtual address.
# This output file may be truncated or incomplete.
#
#  Out of Memory Error (arena.cpp:168), pid=20560, tid=27396
#
# JRE version: Java(TM) SE Runtime Environment (21.0.5+9) (build 21.0.5+9-LTS-239)
# Java VM: Java HotSpot(TM) 64-Bit Server VM (21.0.5+9-LTS-239, mixed mode, sharing, tiered, compressed oops, compressed class ptrs, g1 gc, windows-amd64)
# No core dump will be written. Minidumps are not enabled by default on client versions of Windows
#

---------------  S U M M A R Y ------------

Command Line: --add-opens=java.base/java.lang=ALL-UNNAMED --add-opens=java.base/java.lang.invoke=ALL-UNNAMED --add-opens=java.base/java.util=ALL-UNNAMED --add-opens=java.prefs/java.util.prefs=ALL-UNNAMED --add-exports=jdk.compiler/com.sun.tools.javac.api=ALL-UNNAMED --add-exports=jdk.compiler/com.sun.tools.javac.util=ALL-UNNAMED --add-opens=java.base/java.util=ALL-UNNAMED --add-opens=java.prefs/java.util.prefs=ALL-UNNAMED --add-opens=java.base/java.nio.charset=ALL-UNNAMED --add-opens=java.base/java.net=ALL-UNNAMED --add-opens=java.base/java.util.concurrent=ALL-UNNAMED --add-opens=java.base/java.util.concurrent.atomic=ALL-UNNAMED --add-opens=java.xml/javax.xml.namespace=ALL-UNNAMED --add-opens=java.base/java.time=ALL-UNNAMED -XX:MaxMetaspaceSize=384m -XX:+HeapDumpOnOutOfMemoryError -Xms256m -Xmx512m -Dfile.encoding=UTF-8 -Duser.country=FR -Duser.language=fr -Duser.variant -javaagent:C:\Users\asus\.gradle\wrapper\dists\gradle-9.3.0-bin\79n14ral3mx1ozqr3csh2u872\gradle-9.3.0\lib\agents\gradle-instrumentation-agent-9.3.0.jar org.gradle.launcher.daemon.bootstrap.GradleDaemon 9.3.0

Host: AMD Ryzen 5 3500U with Radeon Vega Mobile Gfx  , 8 cores, 5G,  Windows 11 , 64 bit Build 26100 (10.0.26100.7920)
Time: Thu Mar 12 17:53:54 2026 Paris, Madrid elapsed time: 6.888970 seconds (0d 0h 0m 6s)

---------------  T H R E A D  ---------------

Current thread (0x00000236bf92bde0):  JavaThread "C2 CompilerThread1" daemon [_thread_in_native, id=27396, stack(0x000000655c900000,0x000000655ca00000) (1024K)]


Current CompileTask:
C2:   6889 2691       4       java.lang.invoke.MethodType::makeImpl (109 bytes)

Stack: [0x000000655c900000,0x000000655ca00000]
Native frames: (J=compiled Java code, j=interpreted, Vv=VM code, C=native code)
V  [jvm.dll+0x6ca289]
V  [jvm.dll+0x854a51]
V  [jvm.dll+0x856f7e]
V  [jvm.dll+0x857653]
V  [jvm.dll+0x27dd26]
V  [jvm.dll+0xc4c2d]
V  [jvm.dll+0xc5163]
V  [jvm.dll+0x3b4d02]
V  [jvm.dll+0x3814b5]
V  [jvm.dll+0x38092a]
V  [jvm.dll+0x246910]
V  [jvm.dll+0x245eef]
V  [jvm.dll+0x1c6d0e]
V  [jvm.dll+0x2554d9]
V  [jvm.dll+0x253a6a]
V  [jvm.dll+0x3ee136]
V  [jvm.dll+0x7fee9b]
V  [jvm.dll+0x6c896d]
C  [ucrtbase.dll+0x37b0]
C  [KERNEL32.DLL+0x2e8d7]
C  [ntdll.dll+0x8c48c]


---------------  P R O C E S S  ---------------

Threads class SMR info:
_java_thread_list=0x00000236bf935410, length=25, elements={
0x0000023687838ee0, 0x00000236a465a2b0, 0x00000236a465b870, 0x00000236a465ee40,
0x00000236a4665d70, 0x00000236a46676e0, 0x00000236a4668ca0, 0x00000236a466a260,
0x00000236a467b000, 0x00000236a473c5c0, 0x00000236a47d8870, 0x00000236bf683270,
0x00000236bf6cb5a0, 0x00000236bf5e8eb0, 0x00000236bf7b7d60, 0x00000236bf7b83c0,
0x00000236bf783610, 0x00000236bf7849e0, 0x00000236bf786ab0, 0x00000236bf785d90,
0x00000236bf787140, 0x00000236bf785700, 0x00000236bf786420, 0x00000236bf92bde0,
0x00000236bf783cc0
}

Java Threads: ( => current thread )
  0x0000023687838ee0 JavaThread "main"                              [_thread_blocked, id=24712, stack(0x000000655a600000,0x000000655a700000) (1024K)]
  0x00000236a465a2b0 JavaThread "Reference Handler"          daemon [_thread_blocked, id=22268, stack(0x000000655ae00000,0x000000655af00000) (1024K)]
  0x00000236a465b870 JavaThread "Finalizer"                  daemon [_thread_blocked, id=20364, stack(0x000000655af00000,0x000000655b000000) (1024K)]
  0x00000236a465ee40 JavaThread "Signal Dispatcher"          daemon [_thread_blocked, id=26460, stack(0x000000655b000000,0x000000655b100000) (1024K)]
  0x00000236a4665d70 JavaThread "Attach Listener"            daemon [_thread_blocked, id=30420, stack(0x000000655b100000,0x000000655b200000) (1024K)]
  0x00000236a46676e0 JavaThread "Service Thread"             daemon [_thread_blocked, id=21224, stack(0x000000655b200000,0x000000655b300000) (1024K)]
  0x00000236a4668ca0 JavaThread "Monitor Deflation Thread"   daemon [_thread_blocked, id=24244, stack(0x000000655b300000,0x000000655b400000) (1024K)]
  0x00000236a466a260 JavaThread "C2 CompilerThread0"         daemon [_thread_in_native, id=11916, stack(0x000000655b400000,0x000000655b500000) (1024K)]
  0x00000236a467b000 JavaThread "C1 CompilerThread0"         daemon [_thread_blocked, id=23992, stack(0x000000655b500000,0x000000655b600000) (1024K)]
  0x00000236a473c5c0 JavaThread "Common-Cleaner"             daemon [_thread_blocked, id=26840, stack(0x000000655b600000,0x000000655b700000) (1024K)]
  0x00000236a47d8870 JavaThread "Notification Thread"        daemon [_thread_blocked, id=26176, stack(0x000000655b700000,0x000000655b800000) (1024K)]
  0x00000236bf683270 JavaThread "Daemon health stats"               [_thread_blocked, id=31472, stack(0x000000655be00000,0x000000655bf00000) (1024K)]
  0x00000236bf6cb5a0 JavaThread "Incoming local TCP Connector on port 54960"        [_thread_in_native, id=24260, stack(0x000000655b800000,0x000000655b900000) (1024K)]
  0x00000236bf5e8eb0 JavaThread "Daemon periodic checks"            [_thread_blocked, id=24184, stack(0x000000655bf00000,0x000000655c000000) (1024K)]
  0x00000236bf7b7d60 JavaThread "Daemon"                            [_thread_blocked, id=20292, stack(0x000000655c000000,0x000000655c100000) (1024K)]
  0x00000236bf7b83c0 JavaThread "Handler for socket connection from /127.0.0.1:54960 to /127.0.0.1:54961"        [_thread_in_native, id=23928, stack(0x000000655c100000,0x000000655c200000) (1024K)]
  0x00000236bf783610 JavaThread "Cancel handler"                    [_thread_blocked, id=29092, stack(0x000000655c200000,0x000000655c300000) (1024K)]
  0x00000236bf7849e0 JavaThread "Daemon worker"                     [_thread_in_Java, id=25460, stack(0x000000655c300000,0x000000655c400000) (1024K)]
  0x00000236bf786ab0 JavaThread "Asynchronous log dispatcher for DefaultDaemonConnection: socket connection from /127.0.0.1:54960 to /127.0.0.1:54961"        [_thread_blocked, id=9232, stack(0x000000655c400000,0x000000655c500000) (1024K)]
  0x00000236bf785d90 JavaThread "Stdin handler"                     [_thread_blocked, id=5500, stack(0x000000655c500000,0x000000655c600000) (1024K)]
  0x00000236bf787140 JavaThread "Daemon client event forwarder"        [_thread_blocked, id=27252, stack(0x000000655c600000,0x000000655c700000) (1024K)]
  0x00000236bf785700 JavaThread "Cache worker for journal cache (C:\Users\asus\.gradle\caches\journal-1)"        [_thread_blocked, id=26844, stack(0x000000655c700000,0x000000655c800000) (1024K)]
  0x00000236bf786420 JavaThread "File lock request listener"        [_thread_in_native, id=19580, stack(0x000000655c800000,0x000000655c900000) (1024K)]
=>0x00000236bf92bde0 JavaThread "C2 CompilerThread1"         daemon [_thread_in_native, id=27396, stack(0x000000655c900000,0x000000655ca00000) (1024K)]
  0x00000236bf783cc0 JavaThread "Cache worker for file hash cache (C:\Users\asus\.gradle\caches\9.3.0\fileHashes)"        [_thread_blocked, id=24336, stack(0x000000655ca00000,0x000000655cb00000) (1024K)]
Total: 25

Other Threads:
  0x00000236a46413a0 VMThread "VM Thread"                           [id=664, stack(0x000000655ad00000,0x000000655ae00000) (1024K)]
  0x00000236a4630300 WatcherThread "VM Periodic Task Thread"        [id=30732, stack(0x000000655ac00000,0x000000655ad00000) (1024K)]
  0x0000023689a34690 WorkerThread "GC Thread#0"                     [id=26352, stack(0x000000655a700000,0x000000655a800000) (1024K)]
  0x00000236a49d07e0 WorkerThread "GC Thread#1"                     [id=24556, stack(0x000000655b900000,0x000000655ba00000) (1024K)]
  0x00000236be105fd0 WorkerThread "GC Thread#2"                     [id=5080, stack(0x000000655ba00000,0x000000655bb00000) (1024K)]
  0x00000236be106370 WorkerThread "GC Thread#3"                     [id=27196, stack(0x000000655bb00000,0x000000655bc00000) (1024K)]
  0x00000236be106710 WorkerThread "GC Thread#4"                     [id=29652, stack(0x000000655bc00000,0x000000655bd00000) (1024K)]
  0x00000236be106ab0 WorkerThread "GC Thread#5"                     [id=11456, stack(0x000000655bd00000,0x000000655be00000) (1024K)]
  0x0000023689a3a480 ConcurrentGCThread "G1 Main Marker"            [id=29004, stack(0x000000655a800000,0x000000655a900000) (1024K)]
  0x0000023689a3b630 WorkerThread "G1 Conc#0"                       [id=20888, stack(0x000000655a900000,0x000000655aa00000) (1024K)]
  0x00000236a44fc650 ConcurrentGCThread "G1 Refine#0"               [id=28692, stack(0x000000655aa00000,0x000000655ab00000) (1024K)]
  0x00000236a44fefe0 ConcurrentGCThread "G1 Service"                [id=28144, stack(0x000000655ab00000,0x000000655ac00000) (1024K)]
Total: 12

Threads with active compile tasks:
C2 CompilerThread0     7976 2636   !   4       java.lang.ClassLoader::loadClass (121 bytes)
C2 CompilerThread1     7976 2691       4       java.lang.invoke.MethodType::makeImpl (109 bytes)
Total: 2

VM state: not at safepoint (normal execution)

VM Mutex/Monitor currently owned by a thread: None

Heap address: 0x00000000e0000000, size: 512 MB, Compressed Oops mode: 32-bit

CDS archive(s) mapped at: [0x00000236a5000000-0x00000236a5c90000-0x00000236a5c90000), size 13172736, SharedBaseAddress: 0x00000236a5000000, ArchiveRelocationMode: 1.
Compressed class space mapped at: 0x00000236a6000000-0x00000236ba000000, reserved size: 335544320
Narrow klass base: 0x00000236a5000000, Narrow klass shift: 0, Narrow klass range: 0x100000000

GC Precious Log:
 CardTable entry size: 512
 Card Set container configuration: InlinePtr #cards 5 size 8 Array Of Cards #cards 12 size 40 Howl #buckets 4 coarsen threshold 1843 Howl Bitmap #cards 512 size 80 coarsen threshold 460 Card regions per heap region 1 cards per card region 2048
 CPUs: 8 total, 8 available
 Memory: 6091M
 Large Page Support: Disabled
 NUMA Support: Disabled
 Compressed Oops: Enabled (32-bit)
 Heap Region Size: 1M
 Heap Min Capacity: 256M
 Heap Initial Capacity: 256M
 Heap Max Capacity: 512M
 Pre-touch: Disabled
 Parallel Workers: 8
 Concurrent Workers: 2
 Concurrent Refinement Workers: 8
 Periodic GC: Disabled

Heap:
 garbage-first heap   total 262144K, used 127319K [0x00000000e0000000, 0x0000000100000000)
  region size 1024K, 117 young (119808K), 5 survivors (5120K)
 Metaspace       used 17235K, committed 17728K, reserved 393216K
  class space    used 2323K, committed 2560K, reserved 327680K

Heap Regions: E=young(eden), S=young(survivor), O=old, HS=humongous(starts), HC=humongous(continues), CS=collection set, F=free, TAMS=top-at-mark-start, PB=parsable bottom
|   0|0x00000000e0000000, 0x00000000e0100000, 0x00000000e0100000|100%|HS|  |TAMS 0x00000000e0000000| PB 0x00000000e0000000| Complete 
|   1|0x00000000e0100000, 0x00000000e0200000, 0x00000000e0200000|100%|HC|  |TAMS 0x00000000e0100000| PB 0x00000000e0100000| Complete 
|   2|0x00000000e0200000, 0x00000000e0300000, 0x00000000e0300000|100%|HC|  |TAMS 0x00000000e0200000| PB 0x00000000e0200000| Complete 
|   3|0x00000000e0300000, 0x00000000e0400000, 0x00000000e0400000|100%|HC|  |TAMS 0x00000000e0300000| PB 0x00000000e0300000| Complete 
|   4|0x00000000e0400000, 0x00000000e0500000, 0x00000000e0500000|100%| O|  |TAMS 0x00000000e0400000| PB 0x00000000e0400000| Untracked 
|   5|0x00000000e0500000, 0x00000000e0600000, 0x00000000e0600000|100%| O|  |TAMS 0x00000000e0500000| PB 0x00000000e0500000| Untracked 
|   6|0x00000000e0600000, 0x00000000e0655e10, 0x00000000e0700000| 33%| O|  |TAMS 0x00000000e0600000| PB 0x00000000e0600000| Untracked 
|   7|0x00000000e0700000, 0x00000000e0800000, 0x00000000e0800000|100%|HS|  |TAMS 0x00000000e0700000| PB 0x00000000e0700000| Complete 
|   8|0x00000000e0800000, 0x00000000e0900000, 0x00000000e0900000|100%|HS|  |TAMS 0x00000000e0800000| PB 0x00000000e0800000| Complete 
|   9|0x00000000e0900000, 0x00000000e0900000, 0x00000000e0a00000|  0%| F|  |TAMS 0x00000000e0900000| PB 0x00000000e0900000| Untracked 
|  10|0x00000000e0a00000, 0x00000000e0a00000, 0x00000000e0b00000|  0%| F|  |TAMS 0x00000000e0a00000| PB 0x00000000e0a00000| Untracked 
|  11|0x00000000e0b00000, 0x00000000e0b00000, 0x00000000e0c00000|  0%| F|  |TAMS 0x00000000e0b00000| PB 0x00000000e0b00000| Untracked 
|  12|0x00000000e0c00000, 0x00000000e0c00000, 0x00000000e0d00000|  0%| F|  |TAMS 0x00000000e0c00000| PB 0x00000000e0c00000| Untracked 
|  13|0x00000000e0d00000, 0x00000000e0d00000, 0x00000000e0e00000|  0%| F|  |TAMS 0x00000000e0d00000| PB 0x00000000e0d00000| Untracked 
|  14|0x00000000e0e00000, 0x00000000e0e00000, 0x00000000e0f00000|  0%| F|  |TAMS 0x00000000e0e00000| PB 0x00000000e0e00000| Untracked 
|  15|0x00000000e0f00000, 0x00000000e0f00000, 0x00000000e1000000|  0%| F|  |TAMS 0x00000000e0f00000| PB 0x00000000e0f00000| Untracked 
|  16|0x00000000e1000000, 0x00000000e1000000, 0x00000000e1100000|  0%| F|  |TAMS 0x00000000e1000000| PB 0x00000000e1000000| Untracked 
|  17|0x00000000e1100000, 0x00000000e1100000, 0x00000000e1200000|  0%| F|  |TAMS 0x00000000e1100000| PB 0x00000000e1100000| Untracked 
|  18|0x00000000e1200000, 0x00000000e1200000, 0x00000000e1300000|  0%| F|  |TAMS 0x00000000e1200000| PB 0x00000000e1200000| Untracked 
|  19|0x00000000e1300000, 0x00000000e1300000, 0x00000000e1400000|  0%| F|  |TAMS 0x00000000e1300000| PB 0x00000000e1300000| Untracked 
|  20|0x00000000e1400000, 0x00000000e1400000, 0x00000000e1500000|  0%| F|  |TAMS 0x00000000e1400000| PB 0x00000000e1400000| Untracked 
|  21|0x00000000e1500000, 0x00000000e1500000, 0x00000000e1600000|  0%| F|  |TAMS 0x00000000e1500000| PB 0x00000000e1500000| Untracked 
|  22|0x00000000e1600000, 0x00000000e1600000, 0x00000000e1700000|  0%| F|  |TAMS 0x00000000e1600000| PB 0x00000000e1600000| Untracked 
|  23|0x00000000e1700000, 0x00000000e1700000, 0x00000000e1800000|  0%| F|  |TAMS 0x00000000e1700000| PB 0x00000000e1700000| Untracked 
|  24|0x00000000e1800000, 0x00000000e1800000, 0x00000000e1900000|  0%| F|  |TAMS 0x00000000e1800000| PB 0x00000000e1800000| Untracked 
|  25|0x00000000e1900000, 0x00000000e1900000, 0x00000000e1a00000|  0%| F|  |TAMS 0x00000000e1900000| PB 0x00000000e1900000| Untracked 
|  26|0x00000000e1a00000, 0x00000000e1a00000, 0x00000000e1b00000|  0%| F|  |TAMS 0x00000000e1a00000| PB 0x00000000e1a00000| Untracked 
|  27|0x00000000e1b00000, 0x00000000e1b00000, 0x00000000e1c00000|  0%| F|  |TAMS 0x00000000e1b00000| PB 0x00000000e1b00000| Untracked 
|  28|0x00000000e1c00000, 0x00000000e1c00000, 0x00000000e1d00000|  0%| F|  |TAMS 0x00000000e1c00000| PB 0x00000000e1c00000| Untracked 
|  29|0x00000000e1d00000, 0x00000000e1d00000, 0x00000000e1e00000|  0%| F|  |TAMS 0x00000000e1d00000| PB 0x00000000e1d00000| Untracked 
|  30|0x00000000e1e00000, 0x00000000e1e00000, 0x00000000e1f00000|  0%| F|  |TAMS 0x00000000e1e00000| PB 0x00000000e1e00000| Untracked 
|  31|0x00000000e1f00000, 0x00000000e1f00000, 0x00000000e2000000|  0%| F|  |TAMS 0x00000000e1f00000| PB 0x00000000e1f00000| Untracked 
|  32|0x00000000e2000000, 0x00000000e2000000, 0x00000000e2100000|  0%| F|  |TAMS 0x00000000e2000000| PB 0x00000000e2000000| Untracked 
|  33|0x00000000e2100000, 0x00000000e2100000, 0x00000000e2200000|  0%| F|  |TAMS 0x00000000e2100000| PB 0x00000000e2100000| Untracked 
|  34|0x00000000e2200000, 0x00000000e2200000, 0x00000000e2300000|  0%| F|  |TAMS 0x00000000e2200000| PB 0x00000000e2200000| Untracked 
|  35|0x00000000e2300000, 0x00000000e2300000, 0x00000000e2400000|  0%| F|  |TAMS 0x00000000e2300000| PB 0x00000000e2300000| Untracked 
|  36|0x00000000e2400000, 0x00000000e2400000, 0x00000000e2500000|  0%| F|  |TAMS 0x00000000e2400000| PB 0x00000000e2400000| Untracked 
|  37|0x00000000e2500000, 0x00000000e2500000, 0x00000000e2600000|  0%| F|  |TAMS 0x00000000e2500000| PB 0x00000000e2500000| Untracked 
|  38|0x00000000e2600000, 0x00000000e2600000, 0x00000000e2700000|  0%| F|  |TAMS 0x00000000e2600000| PB 0x00000000e2600000| Untracked 
|  39|0x00000000e2700000, 0x00000000e2700000, 0x00000000e2800000|  0%| F|  |TAMS 0x00000000e2700000| PB 0x00000000e2700000| Untracked 
|  40|0x00000000e2800000, 0x00000000e2800000, 0x00000000e2900000|  0%| F|  |TAMS 0x00000000e2800000| PB 0x00000000e2800000| Untracked 
|  41|0x00000000e2900000, 0x00000000e2900000, 0x00000000e2a00000|  0%| F|  |TAMS 0x00000000e2900000| PB 0x00000000e2900000| Untracked 
|  42|0x00000000e2a00000, 0x00000000e2a00000, 0x00000000e2b00000|  0%| F|  |TAMS 0x00000000e2a00000| PB 0x00000000e2a00000| Untracked 
|  43|0x00000000e2b00000, 0x00000000e2b00000, 0x00000000e2c00000|  0%| F|  |TAMS 0x00000000e2b00000| PB 0x00000000e2b00000| Untracked 
|  44|0x00000000e2c00000, 0x00000000e2c00000, 0x00000000e2d00000|  0%| F|  |TAMS 0x00000000e2c00000| PB 0x00000000e2c00000| Untracked 
|  45|0x00000000e2d00000, 0x00000000e2d00000, 0x00000000e2e00000|  0%| F|  |TAMS 0x00000000e2d00000| PB 0x00000000e2d00000| Untracked 
|  46|0x00000000e2e00000, 0x00000000e2e00000, 0x00000000e2f00000|  0%| F|  |TAMS 0x00000000e2e00000| PB 0x00000000e2e00000| Untracked 
|  47|0x00000000e2f00000, 0x00000000e2f00000, 0x00000000e3000000|  0%| F|  |TAMS 0x00000000e2f00000| PB 0x00000000e2f00000| Untracked 
|  48|0x00000000e3000000, 0x00000000e3000000, 0x00000000e3100000|  0%| F|  |TAMS 0x00000000e3000000| PB 0x00000000e3000000| Untracked 
|  49|0x00000000e3100000, 0x00000000e3100000, 0x00000000e3200000|  0%| F|  |TAMS 0x00000000e3100000| PB 0x00000000e3100000| Untracked 
|  50|0x00000000e3200000, 0x00000000e3200000, 0x00000000e3300000|  0%| F|  |TAMS 0x00000000e3200000| PB 0x00000000e3200000| Untracked 
|  51|0x00000000e3300000, 0x00000000e3300000, 0x00000000e3400000|  0%| F|  |TAMS 0x00000000e3300000| PB 0x00000000e3300000| Untracked 
|  52|0x00000000e3400000, 0x00000000e3400000, 0x00000000e3500000|  0%| F|  |TAMS 0x00000000e3400000| PB 0x00000000e3400000| Untracked 
|  53|0x00000000e3500000, 0x00000000e3500000, 0x00000000e3600000|  0%| F|  |TAMS 0x00000000e3500000| PB 0x00000000e3500000| Untracked 
|  54|0x00000000e3600000, 0x00000000e3600000, 0x00000000e3700000|  0%| F|  |TAMS 0x00000000e3600000| PB 0x00000000e3600000| Untracked 
|  55|0x00000000e3700000, 0x00000000e3700000, 0x00000000e3800000|  0%| F|  |TAMS 0x00000000e3700000| PB 0x00000000e3700000| Untracked 
|  56|0x00000000e3800000, 0x00000000e3800000, 0x00000000e3900000|  0%| F|  |TAMS 0x00000000e3800000| PB 0x00000000e3800000| Untracked 
|  57|0x00000000e3900000, 0x00000000e3900000, 0x00000000e3a00000|  0%| F|  |TAMS 0x00000000e3900000| PB 0x00000000e3900000| Untracked 
|  58|0x00000000e3a00000, 0x00000000e3a00000, 0x00000000e3b00000|  0%| F|  |TAMS 0x00000000e3a00000| PB 0x00000000e3a00000| Untracked 
|  59|0x00000000e3b00000, 0x00000000e3b00000, 0x00000000e3c00000|  0%| F|  |TAMS 0x00000000e3b00000| PB 0x00000000e3b00000| Untracked 
|  60|0x00000000e3c00000, 0x00000000e3c00000, 0x00000000e3d00000|  0%| F|  |TAMS 0x00000000e3c00000| PB 0x00000000e3c00000| Untracked 
|  61|0x00000000e3d00000, 0x00000000e3d00000, 0x00000000e3e00000|  0%| F|  |TAMS 0x00000000e3d00000| PB 0x00000000e3d00000| Untracked 
|  62|0x00000000e3e00000, 0x00000000e3e00000, 0x00000000e3f00000|  0%| F|  |TAMS 0x00000000e3e00000| PB 0x00000000e3e00000| Untracked 
|  63|0x00000000e3f00000, 0x00000000e3f00000, 0x00000000e4000000|  0%| F|  |TAMS 0x00000000e3f00000| PB 0x00000000e3f00000| Untracked 
|  64|0x00000000e4000000, 0x00000000e4000000, 0x00000000e4100000|  0%| F|  |TAMS 0x00000000e4000000| PB 0x00000000e4000000| Untracked 
|  65|0x00000000e4100000, 0x00000000e4100000, 0x00000000e4200000|  0%| F|  |TAMS 0x00000000e4100000| PB 0x00000000e4100000| Untracked 
|  66|0x00000000e4200000, 0x00000000e4200000, 0x00000000e4300000|  0%| F|  |TAMS 0x00000000e4200000| PB 0x00000000e4200000| Untracked 
|  67|0x00000000e4300000, 0x00000000e4300000, 0x00000000e4400000|  0%| F|  |TAMS 0x00000000e4300000| PB 0x00000000e4300000| Untracked 
|  68|0x00000000e4400000, 0x00000000e4400000, 0x00000000e4500000|  0%| F|  |TAMS 0x00000000e4400000| PB 0x00000000e4400000| Untracked 
|  69|0x00000000e4500000, 0x00000000e4500000, 0x00000000e4600000|  0%| F|  |TAMS 0x00000000e4500000| PB 0x00000000e4500000| Untracked 
|  70|0x00000000e4600000, 0x00000000e4600000, 0x00000000e4700000|  0%| F|  |TAMS 0x00000000e4600000| PB 0x00000000e4600000| Untracked 
|  71|0x00000000e4700000, 0x00000000e4700000, 0x00000000e4800000|  0%| F|  |TAMS 0x00000000e4700000| PB 0x00000000e4700000| Untracked 
|  72|0x00000000e4800000, 0x00000000e4800000, 0x00000000e4900000|  0%| F|  |TAMS 0x00000000e4800000| PB 0x00000000e4800000| Untracked 
|  73|0x00000000e4900000, 0x00000000e4900000, 0x00000000e4a00000|  0%| F|  |TAMS 0x00000000e4900000| PB 0x00000000e4900000| Untracked 
|  74|0x00000000e4a00000, 0x00000000e4a00000, 0x00000000e4b00000|  0%| F|  |TAMS 0x00000000e4a00000| PB 0x00000000e4a00000| Untracked 
|  75|0x00000000e4b00000, 0x00000000e4b00000, 0x00000000e4c00000|  0%| F|  |TAMS 0x00000000e4b00000| PB 0x00000000e4b00000| Untracked 
|  76|0x00000000e4c00000, 0x00000000e4c00000, 0x00000000e4d00000|  0%| F|  |TAMS 0x00000000e4c00000| PB 0x00000000e4c00000| Untracked 
|  77|0x00000000e4d00000, 0x00000000e4d00000, 0x00000000e4e00000|  0%| F|  |TAMS 0x00000000e4d00000| PB 0x00000000e4d00000| Untracked 
|  78|0x00000000e4e00000, 0x00000000e4e00000, 0x00000000e4f00000|  0%| F|  |TAMS 0x00000000e4e00000| PB 0x00000000e4e00000| Untracked 
|  79|0x00000000e4f00000, 0x00000000e4f00000, 0x00000000e5000000|  0%| F|  |TAMS 0x00000000e4f00000| PB 0x00000000e4f00000| Untracked 
|  80|0x00000000e5000000, 0x00000000e5000000, 0x00000000e5100000|  0%| F|  |TAMS 0x00000000e5000000| PB 0x00000000e5000000| Untracked 
|  81|0x00000000e5100000, 0x00000000e5100000, 0x00000000e5200000|  0%| F|  |TAMS 0x00000000e5100000| PB 0x00000000e5100000| Untracked 
|  82|0x00000000e5200000, 0x00000000e5200000, 0x00000000e5300000|  0%| F|  |TAMS 0x00000000e5200000| PB 0x00000000e5200000| Untracked 
|  83|0x00000000e5300000, 0x00000000e5300000, 0x00000000e5400000|  0%| F|  |TAMS 0x00000000e5300000| PB 0x00000000e5300000| Untracked 
|  84|0x00000000e5400000, 0x00000000e5400000, 0x00000000e5500000|  0%| F|  |TAMS 0x00000000e5400000| PB 0x00000000e5400000| Untracked 
|  85|0x00000000e5500000, 0x00000000e5500000, 0x00000000e5600000|  0%| F|  |TAMS 0x00000000e5500000| PB 0x00000000e5500000| Untracked 
|  86|0x00000000e5600000, 0x00000000e5600000, 0x00000000e5700000|  0%| F|  |TAMS 0x00000000e5600000| PB 0x00000000e5600000| Untracked 
|  87|0x00000000e5700000, 0x00000000e5700000, 0x00000000e5800000|  0%| F|  |TAMS 0x00000000e5700000| PB 0x00000000e5700000| Untracked 
|  88|0x00000000e5800000, 0x00000000e5800000, 0x00000000e5900000|  0%| F|  |TAMS 0x00000000e5800000| PB 0x00000000e5800000| Untracked 
|  89|0x00000000e5900000, 0x00000000e5900000, 0x00000000e5a00000|  0%| F|  |TAMS 0x00000000e5900000| PB 0x00000000e5900000| Untracked 
|  90|0x00000000e5a00000, 0x00000000e5a00000, 0x00000000e5b00000|  0%| F|  |TAMS 0x00000000e5a00000| PB 0x00000000e5a00000| Untracked 
|  91|0x00000000e5b00000, 0x00000000e5b00000, 0x00000000e5c00000|  0%| F|  |TAMS 0x00000000e5b00000| PB 0x00000000e5b00000| Untracked 
|  92|0x00000000e5c00000, 0x00000000e5c00000, 0x00000000e5d00000|  0%| F|  |TAMS 0x00000000e5c00000| PB 0x00000000e5c00000| Untracked 
|  93|0x00000000e5d00000, 0x00000000e5d00000, 0x00000000e5e00000|  0%| F|  |TAMS 0x00000000e5d00000| PB 0x00000000e5d00000| Untracked 
|  94|0x00000000e5e00000, 0x00000000e5e00000, 0x00000000e5f00000|  0%| F|  |TAMS 0x00000000e5e00000| PB 0x00000000e5e00000| Untracked 
|  95|0x00000000e5f00000, 0x00000000e5f00000, 0x00000000e6000000|  0%| F|  |TAMS 0x00000000e5f00000| PB 0x00000000e5f00000| Untracked 
|  96|0x00000000e6000000, 0x00000000e6000000, 0x00000000e6100000|  0%| F|  |TAMS 0x00000000e6000000| PB 0x00000000e6000000| Untracked 
|  97|0x00000000e6100000, 0x00000000e6100000, 0x00000000e6200000|  0%| F|  |TAMS 0x00000000e6100000| PB 0x00000000e6100000| Untracked 
|  98|0x00000000e6200000, 0x00000000e6200000, 0x00000000e6300000|  0%| F|  |TAMS 0x00000000e6200000| PB 0x00000000e6200000| Untracked 
|  99|0x00000000e6300000, 0x00000000e6300000, 0x00000000e6400000|  0%| F|  |TAMS 0x00000000e6300000| PB 0x00000000e6300000| Untracked 
| 100|0x00000000e6400000, 0x00000000e6400000, 0x00000000e6500000|  0%| F|  |TAMS 0x00000000e6400000| PB 0x00000000e6400000| Untracked 
| 101|0x00000000e6500000, 0x00000000e6500000, 0x00000000e6600000|  0%| F|  |TAMS 0x00000000e6500000| PB 0x00000000e6500000| Untracked 
| 102|0x00000000e6600000, 0x00000000e6600000, 0x00000000e6700000|  0%| F|  |TAMS 0x00000000e6600000| PB 0x00000000e6600000| Untracked 
| 103|0x00000000e6700000, 0x00000000e6700000, 0x00000000e6800000|  0%| F|  |TAMS 0x00000000e6700000| PB 0x00000000e6700000| Untracked 
| 104|0x00000000e6800000, 0x00000000e6800000, 0x00000000e6900000|  0%| F|  |TAMS 0x00000000e6800000| PB 0x00000000e6800000| Untracked 
| 105|0x00000000e6900000, 0x00000000e6900000, 0x00000000e6a00000|  0%| F|  |TAMS 0x00000000e6900000| PB 0x00000000e6900000| Untracked 
| 106|0x00000000e6a00000, 0x00000000e6a00000, 0x00000000e6b00000|  0%| F|  |TAMS 0x00000000e6a00000| PB 0x00000000e6a00000| Untracked 
| 107|0x00000000e6b00000, 0x00000000e6b00000, 0x00000000e6c00000|  0%| F|  |TAMS 0x00000000e6b00000| PB 0x00000000e6b00000| Untracked 
| 108|0x00000000e6c00000, 0x00000000e6c00000, 0x00000000e6d00000|  0%| F|  |TAMS 0x00000000e6c00000| PB 0x00000000e6c00000| Untracked 
| 109|0x00000000e6d00000, 0x00000000e6d00000, 0x00000000e6e00000|  0%| F|  |TAMS 0x00000000e6d00000| PB 0x00000000e6d00000| Untracked 
| 110|0x00000000e6e00000, 0x00000000e6e00000, 0x00000000e6f00000|  0%| F|  |TAMS 0x00000000e6e00000| PB 0x00000000e6e00000| Untracked 
| 111|0x00000000e6f00000, 0x00000000e6f00000, 0x00000000e7000000|  0%| F|  |TAMS 0x00000000e6f00000| PB 0x00000000e6f00000| Untracked 
| 112|0x00000000e7000000, 0x00000000e7000000, 0x00000000e7100000|  0%| F|  |TAMS 0x00000000e7000000| PB 0x00000000e7000000| Untracked 
| 113|0x00000000e7100000, 0x00000000e7100000, 0x00000000e7200000|  0%| F|  |TAMS 0x00000000e7100000| PB 0x00000000e7100000| Untracked 
| 114|0x00000000e7200000, 0x00000000e7200000, 0x00000000e7300000|  0%| F|  |TAMS 0x00000000e7200000| PB 0x00000000e7200000| Untracked 
| 115|0x00000000e7300000, 0x00000000e7300000, 0x00000000e7400000|  0%| F|  |TAMS 0x00000000e7300000| PB 0x00000000e7300000| Untracked 
| 116|0x00000000e7400000, 0x00000000e7400000, 0x00000000e7500000|  0%| F|  |TAMS 0x00000000e7400000| PB 0x00000000e7400000| Untracked 
| 117|0x00000000e7500000, 0x00000000e7500000, 0x00000000e7600000|  0%| F|  |TAMS 0x00000000e7500000| PB 0x00000000e7500000| Untracked 
| 118|0x00000000e7600000, 0x00000000e7600000, 0x00000000e7700000|  0%| F|  |TAMS 0x00000000e7600000| PB 0x00000000e7600000| Untracked 
| 119|0x00000000e7700000, 0x00000000e7700000, 0x00000000e7800000|  0%| F|  |TAMS 0x00000000e7700000| PB 0x00000000e7700000| Untracked 
| 120|0x00000000e7800000, 0x00000000e7800000, 0x00000000e7900000|  0%| F|  |TAMS 0x00000000e7800000| PB 0x00000000e7800000| Untracked 
| 121|0x00000000e7900000, 0x00000000e7900000, 0x00000000e7a00000|  0%| F|  |TAMS 0x00000000e7900000| PB 0x00000000e7900000| Untracked 
| 122|0x00000000e7a00000, 0x00000000e7a00000, 0x00000000e7b00000|  0%| F|  |TAMS 0x00000000e7a00000| PB 0x00000000e7a00000| Untracked 
| 123|0x00000000e7b00000, 0x00000000e7b00000, 0x00000000e7c00000|  0%| F|  |TAMS 0x00000000e7b00000| PB 0x00000000e7b00000| Untracked 
| 124|0x00000000e7c00000, 0x00000000e7c00000, 0x00000000e7d00000|  0%| F|  |TAMS 0x00000000e7c00000| PB 0x00000000e7c00000| Untracked 
| 125|0x00000000e7d00000, 0x00000000e7d00000, 0x00000000e7e00000|  0%| F|  |TAMS 0x00000000e7d00000| PB 0x00000000e7d00000| Untracked 
| 126|0x00000000e7e00000, 0x00000000e7e00000, 0x00000000e7f00000|  0%| F|  |TAMS 0x00000000e7e00000| PB 0x00000000e7e00000| Untracked 
| 127|0x00000000e7f00000, 0x00000000e7f00000, 0x00000000e8000000|  0%| F|  |TAMS 0x00000000e7f00000| PB 0x00000000e7f00000| Untracked 
| 128|0x00000000e8000000, 0x00000000e8000000, 0x00000000e8100000|  0%| F|  |TAMS 0x00000000e8000000| PB 0x00000000e8000000| Untracked 
| 129|0x00000000e8100000, 0x00000000e8100000, 0x00000000e8200000|  0%| F|  |TAMS 0x00000000e8100000| PB 0x00000000e8100000| Untracked 
| 130|0x00000000e8200000, 0x00000000e8200000, 0x00000000e8300000|  0%| F|  |TAMS 0x00000000e8200000| PB 0x00000000e8200000| Untracked 
| 131|0x00000000e8300000, 0x00000000e8300000, 0x00000000e8400000|  0%| F|  |TAMS 0x00000000e8300000| PB 0x00000000e8300000| Untracked 
| 132|0x00000000e8400000, 0x00000000e8400000, 0x00000000e8500000|  0%| F|  |TAMS 0x00000000e8400000| PB 0x00000000e8400000| Untracked 
| 133|0x00000000e8500000, 0x00000000e8500000, 0x00000000e8600000|  0%| F|  |TAMS 0x00000000e8500000| PB 0x00000000e8500000| Untracked 
| 134|0x00000000e8600000, 0x00000000e8600000, 0x00000000e8700000|  0%| F|  |TAMS 0x00000000e8600000| PB 0x00000000e8600000| Untracked 
| 135|0x00000000e8700000, 0x00000000e8700000, 0x00000000e8800000|  0%| F|  |TAMS 0x00000000e8700000| PB 0x00000000e8700000| Untracked 
| 136|0x00000000e8800000, 0x00000000e8800000, 0x00000000e8900000|  0%| F|  |TAMS 0x00000000e8800000| PB 0x00000000e8800000| Untracked 
| 137|0x00000000e8900000, 0x00000000e8900000, 0x00000000e8a00000|  0%| F|  |TAMS 0x00000000e8900000| PB 0x00000000e8900000| Untracked 
| 138|0x00000000e8a00000, 0x00000000e8a80fe0, 0x00000000e8b00000| 50%| E|  |TAMS 0x00000000e8a00000| PB 0x00000000e8a00000| Complete 
| 139|0x00000000e8b00000, 0x00000000e8c00000, 0x00000000e8c00000|100%| E|CS|TAMS 0x00000000e8b00000| PB 0x00000000e8b00000| Complete 
| 140|0x00000000e8c00000, 0x00000000e8d00000, 0x00000000e8d00000|100%| E|CS|TAMS 0x00000000e8c00000| PB 0x00000000e8c00000| Complete 
| 141|0x00000000e8d00000, 0x00000000e8e00000, 0x00000000e8e00000|100%| E|CS|TAMS 0x00000000e8d00000| PB 0x00000000e8d00000| Complete 
| 142|0x00000000e8e00000, 0x00000000e8f00000, 0x00000000e8f00000|100%| E|CS|TAMS 0x00000000e8e00000| PB 0x00000000e8e00000| Complete 
| 143|0x00000000e8f00000, 0x00000000e9000000, 0x00000000e9000000|100%| E|CS|TAMS 0x00000000e8f00000| PB 0x00000000e8f00000| Complete 
| 144|0x00000000e9000000, 0x00000000e9100000, 0x00000000e9100000|100%| E|CS|TAMS 0x00000000e9000000| PB 0x00000000e9000000| Complete 
| 145|0x00000000e9100000, 0x00000000e9200000, 0x00000000e9200000|100%| E|CS|TAMS 0x00000000e9100000| PB 0x00000000e9100000| Complete 
| 146|0x00000000e9200000, 0x00000000e9300000, 0x00000000e9300000|100%| E|CS|TAMS 0x00000000e9200000| PB 0x00000000e9200000| Complete 
| 147|0x00000000e9300000, 0x00000000e9400000, 0x00000000e9400000|100%| E|CS|TAMS 0x00000000e9300000| PB 0x00000000e9300000| Complete 
| 148|0x00000000e9400000, 0x00000000e9500000, 0x00000000e9500000|100%| E|CS|TAMS 0x00000000e9400000| PB 0x00000000e9400000| Complete 
| 149|0x00000000e9500000, 0x00000000e9600000, 0x00000000e9600000|100%| E|CS|TAMS 0x00000000e9500000| PB 0x00000000e9500000| Complete 
| 150|0x00000000e9600000, 0x00000000e9700000, 0x00000000e9700000|100%| E|CS|TAMS 0x00000000e9600000| PB 0x00000000e9600000| Complete 
| 151|0x00000000e9700000, 0x00000000e9800000, 0x00000000e9800000|100%| E|CS|TAMS 0x00000000e9700000| PB 0x00000000e9700000| Complete 
| 152|0x00000000e9800000, 0x00000000e9900000, 0x00000000e9900000|100%| E|CS|TAMS 0x00000000e9800000| PB 0x00000000e9800000| Complete 
| 153|0x00000000e9900000, 0x00000000e9a00000, 0x00000000e9a00000|100%| E|CS|TAMS 0x00000000e9900000| PB 0x00000000e9900000| Complete 
| 154|0x00000000e9a00000, 0x00000000e9b00000, 0x00000000e9b00000|100%| E|CS|TAMS 0x00000000e9a00000| PB 0x00000000e9a00000| Complete 
| 155|0x00000000e9b00000, 0x00000000e9c00000, 0x00000000e9c00000|100%| E|CS|TAMS 0x00000000e9b00000| PB 0x00000000e9b00000| Complete 
| 156|0x00000000e9c00000, 0x00000000e9d00000, 0x00000000e9d00000|100%| E|CS|TAMS 0x00000000e9c00000| PB 0x00000000e9c00000| Complete 
| 157|0x00000000e9d00000, 0x00000000e9e00000, 0x00000000e9e00000|100%| E|CS|TAMS 0x00000000e9d00000| PB 0x00000000e9d00000| Complete 
| 158|0x00000000e9e00000, 0x00000000e9f00000, 0x00000000e9f00000|100%| E|CS|TAMS 0x00000000e9e00000| PB 0x00000000e9e00000| Complete 
| 159|0x00000000e9f00000, 0x00000000ea000000, 0x00000000ea000000|100%| E|CS|TAMS 0x00000000e9f00000| PB 0x00000000e9f00000| Complete 
| 160|0x00000000ea000000, 0x00000000ea100000, 0x00000000ea100000|100%| E|CS|TAMS 0x00000000ea000000| PB 0x00000000ea000000| Complete 
| 161|0x00000000ea100000, 0x00000000ea200000, 0x00000000ea200000|100%| E|CS|TAMS 0x00000000ea100000| PB 0x00000000ea100000| Complete 
| 162|0x00000000ea200000, 0x00000000ea300000, 0x00000000ea300000|100%| E|CS|TAMS 0x00000000ea200000| PB 0x00000000ea200000| Complete 
| 163|0x00000000ea300000, 0x00000000ea400000, 0x00000000ea400000|100%| E|CS|TAMS 0x00000000ea300000| PB 0x00000000ea300000| Complete 
| 164|0x00000000ea400000, 0x00000000ea500000, 0x00000000ea500000|100%| E|CS|TAMS 0x00000000ea400000| PB 0x00000000ea400000| Complete 
| 165|0x00000000ea500000, 0x00000000ea600000, 0x00000000ea600000|100%| E|CS|TAMS 0x00000000ea500000| PB 0x00000000ea500000| Complete 
| 166|0x00000000ea600000, 0x00000000ea700000, 0x00000000ea700000|100%| E|CS|TAMS 0x00000000ea600000| PB 0x00000000ea600000| Complete 
| 167|0x00000000ea700000, 0x00000000ea800000, 0x00000000ea800000|100%| E|CS|TAMS 0x00000000ea700000| PB 0x00000000ea700000| Complete 
| 168|0x00000000ea800000, 0x00000000ea900000, 0x00000000ea900000|100%| E|CS|TAMS 0x00000000ea800000| PB 0x00000000ea800000| Complete 
| 169|0x00000000ea900000, 0x00000000eaa00000, 0x00000000eaa00000|100%| E|CS|TAMS 0x00000000ea900000| PB 0x00000000ea900000| Complete 
| 170|0x00000000eaa00000, 0x00000000eab00000, 0x00000000eab00000|100%| E|CS|TAMS 0x00000000eaa00000| PB 0x00000000eaa00000| Complete 
| 171|0x00000000eab00000, 0x00000000eac00000, 0x00000000eac00000|100%| E|CS|TAMS 0x00000000eab00000| PB 0x00000000eab00000| Complete 
| 172|0x00000000eac00000, 0x00000000ead00000, 0x00000000ead00000|100%| E|CS|TAMS 0x00000000eac00000| PB 0x00000000eac00000| Complete 
| 173|0x00000000ead00000, 0x00000000eae00000, 0x00000000eae00000|100%| E|CS|TAMS 0x00000000ead00000| PB 0x00000000ead00000| Complete 
| 174|0x00000000eae00000, 0x00000000eaf00000, 0x00000000eaf00000|100%| E|CS|TAMS 0x00000000eae00000| PB 0x00000000eae00000| Complete 
| 175|0x00000000eaf00000, 0x00000000eb000000, 0x00000000eb000000|100%| E|CS|TAMS 0x00000000eaf00000| PB 0x00000000eaf00000| Complete 
| 176|0x00000000eb000000, 0x00000000eb100000, 0x00000000eb100000|100%| E|CS|TAMS 0x00000000eb000000| PB 0x00000000eb000000| Complete 
| 177|0x00000000eb100000, 0x00000000eb200000, 0x00000000eb200000|100%| E|CS|TAMS 0x00000000eb100000| PB 0x00000000eb100000| Complete 
| 178|0x00000000eb200000, 0x00000000eb300000, 0x00000000eb300000|100%| E|CS|TAMS 0x00000000eb200000| PB 0x00000000eb200000| Complete 
| 179|0x00000000eb300000, 0x00000000eb400000, 0x00000000eb400000|100%| E|CS|TAMS 0x00000000eb300000| PB 0x00000000eb300000| Complete 
| 180|0x00000000eb400000, 0x00000000eb500000, 0x00000000eb500000|100%| E|CS|TAMS 0x00000000eb400000| PB 0x00000000eb400000| Complete 
| 181|0x00000000eb500000, 0x00000000eb600000, 0x00000000eb600000|100%| E|CS|TAMS 0x00000000eb500000| PB 0x00000000eb500000| Complete 
| 182|0x00000000eb600000, 0x00000000eb700000, 0x00000000eb700000|100%| E|CS|TAMS 0x00000000eb600000| PB 0x00000000eb600000| Complete 
| 183|0x00000000eb700000, 0x00000000eb800000, 0x00000000eb800000|100%| E|CS|TAMS 0x00000000eb700000| PB 0x00000000eb700000| Complete 
| 184|0x00000000eb800000, 0x00000000eb900000, 0x00000000eb900000|100%| E|CS|TAMS 0x00000000eb800000| PB 0x00000000eb800000| Complete 
| 185|0x00000000eb900000, 0x00000000eba00000, 0x00000000eba00000|100%| E|CS|TAMS 0x00000000eb900000| PB 0x00000000eb900000| Complete 
| 186|0x00000000eba00000, 0x00000000ebb00000, 0x00000000ebb00000|100%| E|CS|TAMS 0x00000000eba00000| PB 0x00000000eba00000| Complete 
| 187|0x00000000ebb00000, 0x00000000ebc00000, 0x00000000ebc00000|100%| E|CS|TAMS 0x00000000ebb00000| PB 0x00000000ebb00000| Complete 
| 188|0x00000000ebc00000, 0x00000000ebd00000, 0x00000000ebd00000|100%| E|CS|TAMS 0x00000000ebc00000| PB 0x00000000ebc00000| Complete 
| 189|0x00000000ebd00000, 0x00000000ebe00000, 0x00000000ebe00000|100%| E|CS|TAMS 0x00000000ebd00000| PB 0x00000000ebd00000| Complete 
| 190|0x00000000ebe00000, 0x00000000ebf00000, 0x00000000ebf00000|100%| E|CS|TAMS 0x00000000ebe00000| PB 0x00000000ebe00000| Complete 
| 191|0x00000000ebf00000, 0x00000000ec000000, 0x00000000ec000000|100%| E|CS|TAMS 0x00000000ebf00000| PB 0x00000000ebf00000| Complete 
| 192|0x00000000ec000000, 0x00000000ec100000, 0x00000000ec100000|100%| E|CS|TAMS 0x00000000ec000000| PB 0x00000000ec000000| Complete 
| 193|0x00000000ec100000, 0x00000000ec200000, 0x00000000ec200000|100%| E|CS|TAMS 0x00000000ec100000| PB 0x00000000ec100000| Complete 
| 194|0x00000000ec200000, 0x00000000ec300000, 0x00000000ec300000|100%| E|CS|TAMS 0x00000000ec200000| PB 0x00000000ec200000| Complete 
| 195|0x00000000ec300000, 0x00000000ec400000, 0x00000000ec400000|100%| E|CS|TAMS 0x00000000ec300000| PB 0x00000000ec300000| Complete 
| 196|0x00000000ec400000, 0x00000000ec500000, 0x00000000ec500000|100%| E|CS|TAMS 0x00000000ec400000| PB 0x00000000ec400000| Complete 
| 197|0x00000000ec500000, 0x00000000ec600000, 0x00000000ec600000|100%| E|CS|TAMS 0x00000000ec500000| PB 0x00000000ec500000| Complete 
| 198|0x00000000ec600000, 0x00000000ec700000, 0x00000000ec700000|100%| E|CS|TAMS 0x00000000ec600000| PB 0x00000000ec600000| Complete 
| 199|0x00000000ec700000, 0x00000000ec800000, 0x00000000ec800000|100%| E|CS|TAMS 0x00000000ec700000| PB 0x00000000ec700000| Complete 
| 200|0x00000000ec800000, 0x00000000ec900000, 0x00000000ec900000|100%| E|CS|TAMS 0x00000000ec800000| PB 0x00000000ec800000| Complete 
| 201|0x00000000ec900000, 0x00000000eca00000, 0x00000000eca00000|100%| E|CS|TAMS 0x00000000ec900000| PB 0x00000000ec900000| Complete 
| 202|0x00000000eca00000, 0x00000000ecb00000, 0x00000000ecb00000|100%| E|CS|TAMS 0x00000000eca00000| PB 0x00000000eca00000| Complete 
| 203|0x00000000ecb00000, 0x00000000ecc00000, 0x00000000ecc00000|100%| E|CS|TAMS 0x00000000ecb00000| PB 0x00000000ecb00000| Complete 
| 204|0x00000000ecc00000, 0x00000000ecd00000, 0x00000000ecd00000|100%| E|CS|TAMS 0x00000000ecc00000| PB 0x00000000ecc00000| Complete 
| 205|0x00000000ecd00000, 0x00000000ece00000, 0x00000000ece00000|100%| E|CS|TAMS 0x00000000ecd00000| PB 0x00000000ecd00000| Complete 
| 206|0x00000000ece00000, 0x00000000ecf00000, 0x00000000ecf00000|100%| E|CS|TAMS 0x00000000ece00000| PB 0x00000000ece00000| Complete 
| 207|0x00000000ecf00000, 0x00000000ed000000, 0x00000000ed000000|100%| E|CS|TAMS 0x00000000ecf00000| PB 0x00000000ecf00000| Complete 
| 208|0x00000000ed000000, 0x00000000ed100000, 0x00000000ed100000|100%| E|CS|TAMS 0x00000000ed000000| PB 0x00000000ed000000| Complete 
| 209|0x00000000ed100000, 0x00000000ed200000, 0x00000000ed200000|100%| E|CS|TAMS 0x00000000ed100000| PB 0x00000000ed100000| Complete 
| 210|0x00000000ed200000, 0x00000000ed300000, 0x00000000ed300000|100%| E|CS|TAMS 0x00000000ed200000| PB 0x00000000ed200000| Complete 
| 211|0x00000000ed300000, 0x00000000ed400000, 0x00000000ed400000|100%| E|CS|TAMS 0x00000000ed300000| PB 0x00000000ed300000| Complete 
| 212|0x00000000ed400000, 0x00000000ed500000, 0x00000000ed500000|100%| E|CS|TAMS 0x00000000ed400000| PB 0x00000000ed400000| Complete 
| 213|0x00000000ed500000, 0x00000000ed600000, 0x00000000ed600000|100%| S|CS|TAMS 0x00000000ed500000| PB 0x00000000ed500000| Complete 
| 214|0x00000000ed600000, 0x00000000ed700000, 0x00000000ed700000|100%| S|CS|TAMS 0x00000000ed600000| PB 0x00000000ed600000| Complete 
| 215|0x00000000ed700000, 0x00000000ed800000, 0x00000000ed800000|100%| S|CS|TAMS 0x00000000ed700000| PB 0x00000000ed700000| Complete 
| 216|0x00000000ed800000, 0x00000000ed900000, 0x00000000ed900000|100%| S|CS|TAMS 0x00000000ed800000| PB 0x00000000ed800000| Complete 
| 217|0x00000000ed900000, 0x00000000eda00000, 0x00000000eda00000|100%| S|CS|TAMS 0x00000000ed900000| PB 0x00000000ed900000| Complete 
| 218|0x00000000eda00000, 0x00000000edb00000, 0x00000000edb00000|100%| E|CS|TAMS 0x00000000eda00000| PB 0x00000000eda00000| Complete 
| 219|0x00000000edb00000, 0x00000000edc00000, 0x00000000edc00000|100%| E|CS|TAMS 0x00000000edb00000| PB 0x00000000edb00000| Complete 
| 220|0x00000000edc00000, 0x00000000edd00000, 0x00000000edd00000|100%| E|CS|TAMS 0x00000000edc00000| PB 0x00000000edc00000| Complete 
| 221|0x00000000edd00000, 0x00000000ede00000, 0x00000000ede00000|100%| E|CS|TAMS 0x00000000edd00000| PB 0x00000000edd00000| Complete 
| 222|0x00000000ede00000, 0x00000000edf00000, 0x00000000edf00000|100%| E|CS|TAMS 0x00000000ede00000| PB 0x00000000ede00000| Complete 
| 223|0x00000000edf00000, 0x00000000ee000000, 0x00000000ee000000|100%| E|CS|TAMS 0x00000000edf00000| PB 0x00000000edf00000| Complete 
| 224|0x00000000ee000000, 0x00000000ee100000, 0x00000000ee100000|100%| E|CS|TAMS 0x00000000ee000000| PB 0x00000000ee000000| Complete 
| 225|0x00000000ee100000, 0x00000000ee200000, 0x00000000ee200000|100%| E|CS|TAMS 0x00000000ee100000| PB 0x00000000ee100000| Complete 
| 226|0x00000000ee200000, 0x00000000ee300000, 0x00000000ee300000|100%| E|CS|TAMS 0x00000000ee200000| PB 0x00000000ee200000| Complete 
| 227|0x00000000ee300000, 0x00000000ee400000, 0x00000000ee400000|100%| E|CS|TAMS 0x00000000ee300000| PB 0x00000000ee300000| Complete 
| 228|0x00000000ee400000, 0x00000000ee500000, 0x00000000ee500000|100%| E|CS|TAMS 0x00000000ee400000| PB 0x00000000ee400000| Complete 
| 229|0x00000000ee500000, 0x00000000ee600000, 0x00000000ee600000|100%| E|CS|TAMS 0x00000000ee500000| PB 0x00000000ee500000| Complete 
| 230|0x00000000ee600000, 0x00000000ee700000, 0x00000000ee700000|100%| E|CS|TAMS 0x00000000ee600000| PB 0x00000000ee600000| Complete 
| 231|0x00000000ee700000, 0x00000000ee800000, 0x00000000ee800000|100%| E|CS|TAMS 0x00000000ee700000| PB 0x00000000ee700000| Complete 
| 232|0x00000000ee800000, 0x00000000ee900000, 0x00000000ee900000|100%| E|CS|TAMS 0x00000000ee800000| PB 0x00000000ee800000| Complete 
| 233|0x00000000ee900000, 0x00000000eea00000, 0x00000000eea00000|100%| E|CS|TAMS 0x00000000ee900000| PB 0x00000000ee900000| Complete 
| 234|0x00000000eea00000, 0x00000000eeb00000, 0x00000000eeb00000|100%| E|CS|TAMS 0x00000000eea00000| PB 0x00000000eea00000| Complete 
| 235|0x00000000eeb00000, 0x00000000eec00000, 0x00000000eec00000|100%| E|CS|TAMS 0x00000000eeb00000| PB 0x00000000eeb00000| Complete 
| 236|0x00000000eec00000, 0x00000000eed00000, 0x00000000eed00000|100%| E|CS|TAMS 0x00000000eec00000| PB 0x00000000eec00000| Complete 
| 237|0x00000000eed00000, 0x00000000eee00000, 0x00000000eee00000|100%| E|CS|TAMS 0x00000000eed00000| PB 0x00000000eed00000| Complete 
| 238|0x00000000eee00000, 0x00000000eef00000, 0x00000000eef00000|100%| E|CS|TAMS 0x00000000eee00000| PB 0x00000000eee00000| Complete 
| 239|0x00000000eef00000, 0x00000000ef000000, 0x00000000ef000000|100%| E|CS|TAMS 0x00000000eef00000| PB 0x00000000eef00000| Complete 
| 240|0x00000000ef000000, 0x00000000ef100000, 0x00000000ef100000|100%| E|CS|TAMS 0x00000000ef000000| PB 0x00000000ef000000| Complete 
| 241|0x00000000ef100000, 0x00000000ef200000, 0x00000000ef200000|100%| E|CS|TAMS 0x00000000ef100000| PB 0x00000000ef100000| Complete 
| 242|0x00000000ef200000, 0x00000000ef300000, 0x00000000ef300000|100%| E|CS|TAMS 0x00000000ef200000| PB 0x00000000ef200000| Complete 
| 243|0x00000000ef300000, 0x00000000ef400000, 0x00000000ef400000|100%| E|CS|TAMS 0x00000000ef300000| PB 0x00000000ef300000| Complete 
| 244|0x00000000ef400000, 0x00000000ef500000, 0x00000000ef500000|100%| E|CS|TAMS 0x00000000ef400000| PB 0x00000000ef400000| Complete 
| 245|0x00000000ef500000, 0x00000000ef600000, 0x00000000ef600000|100%| E|CS|TAMS 0x00000000ef500000| PB 0x00000000ef500000| Complete 
| 246|0x00000000ef600000, 0x00000000ef700000, 0x00000000ef700000|100%| E|CS|TAMS 0x00000000ef600000| PB 0x00000000ef600000| Complete 
| 247|0x00000000ef700000, 0x00000000ef800000, 0x00000000ef800000|100%| E|CS|TAMS 0x00000000ef700000| PB 0x00000000ef700000| Complete 
| 248|0x00000000ef800000, 0x00000000ef900000, 0x00000000ef900000|100%| E|CS|TAMS 0x00000000ef800000| PB 0x00000000ef800000| Complete 
| 249|0x00000000ef900000, 0x00000000efa00000, 0x00000000efa00000|100%| E|CS|TAMS 0x00000000ef900000| PB 0x00000000ef900000| Complete 
| 250|0x00000000efa00000, 0x00000000efb00000, 0x00000000efb00000|100%| E|CS|TAMS 0x00000000efa00000| PB 0x00000000efa00000| Complete 
| 251|0x00000000efb00000, 0x00000000efc00000, 0x00000000efc00000|100%| E|CS|TAMS 0x00000000efb00000| PB 0x00000000efb00000| Complete 
| 252|0x00000000efc00000, 0x00000000efd00000, 0x00000000efd00000|100%| E|CS|TAMS 0x00000000efc00000| PB 0x00000000efc00000| Complete 
| 253|0x00000000efd00000, 0x00000000efe00000, 0x00000000efe00000|100%| E|CS|TAMS 0x00000000efd00000| PB 0x00000000efd00000| Complete 
| 254|0x00000000efe00000, 0x00000000eff00000, 0x00000000eff00000|100%| E|CS|TAMS 0x00000000efe00000| PB 0x00000000efe00000| Complete 
| 255|0x00000000eff00000, 0x00000000f0000000, 0x00000000f0000000|100%| E|CS|TAMS 0x00000000eff00000| PB 0x00000000eff00000| Complete 

Card table byte_map: [0x00000236a12c0000,0x00000236a13c0000] _byte_map_base: 0x00000236a0bc0000

Marking Bits: (CMBitMap*) 0x0000023689a34ca0
 Bits: [0x00000236a13c0000, 0x00000236a1bc0000)

Polling page: 0x0000023687930000

Metaspace:

Usage:
  Non-class:     14.66 MB used.
      Class:      2.29 MB used.
       Both:     16.94 MB used.

Virtual space:
  Non-class space:       64.00 MB reserved,      14.94 MB ( 23%) committed,  1 nodes.
      Class space:      320.00 MB reserved,       2.56 MB ( <1%) committed,  1 nodes.
             Both:      384.00 MB reserved,      17.50 MB (  5%) committed. 

Chunk freelists:
   Non-Class:  400.00 KB
       Class:  13.48 MB
        Both:  13.88 MB

MaxMetaspaceSize: 384.00 MB
CompressedClassSpaceSize: 320.00 MB
Initial GC threshold: 21.00 MB
Current GC threshold: 21.00 MB
CDS: on
 - commit_granule_bytes: 65536.
 - commit_granule_words: 8192.
 - virtual_space_node_default_size: 8388608.
 - enlarge_chunks_in_place: 1.
 - use_allocation_guard: 0.


Internal statistics:

num_allocs_failed_limit: 0.
num_arena_births: 670.
num_arena_deaths: 0.
num_vsnodes_births: 2.
num_vsnodes_deaths: 0.
num_space_committed: 280.
num_space_uncommitted: 0.
num_chunks_returned_to_freelist: 0.
num_chunks_taken_from_freelist: 1296.
num_chunk_merges: 0.
num_chunk_splits: 846.
num_chunks_enlarged: 572.
num_inconsistent_stats: 0.

CodeHeap 'non-profiled nmethods': size=120000Kb used=1309Kb max_used=1309Kb free=118690Kb
 bounds [0x0000023699960000, 0x0000023699bd0000, 0x00000236a0e90000]
CodeHeap 'profiled nmethods': size=120000Kb used=5552Kb max_used=5552Kb free=114447Kb
 bounds [0x0000023691e90000, 0x0000023692400000, 0x00000236993c0000]
CodeHeap 'non-nmethods': size=5760Kb used=1499Kb max_used=1499Kb free=4260Kb
 bounds [0x00000236993c0000, 0x0000023699630000, 0x0000023699960000]
 total_blobs=3378 nmethods=2805 adapters=477
 compilation: enabled
              stopped_count=0, restarted_count=0
 full_count=0

Compilation events (20 events):
Event: 6.027 Thread 0x00000236a467b000 2740       3       java.util.concurrent.TimeUnit::toNanos (45 bytes)
Event: 6.027 Thread 0x00000236a467b000 nmethod 2740 0x00000236923e2710 code [0x00000236923e28c0, 0x00000236923e2b28]
Event: 6.104 Thread 0x00000236a467b000 2742       3       java.util.concurrent.locks.AbstractQueuedSynchronizer$ConditionObject::canReacquire (38 bytes)
Event: 6.105 Thread 0x00000236a467b000 nmethod 2742 0x00000236923e2b90 code [0x00000236923e2d40, 0x00000236923e30b0]
Event: 6.105 Thread 0x00000236a467b000 2743       3       jdk.internal.misc.Unsafe::putReferenceOpaque (9 bytes)
Event: 6.105 Thread 0x00000236a467b000 nmethod 2743 0x00000236923e3210 code [0x00000236923e33a0, 0x00000236923e3500]
Event: 6.167 Thread 0x00000236a467b000 2745       3       java.util.concurrent.locks.LockSupport::setBlocker (12 bytes)
Event: 6.168 Thread 0x00000236a467b000 nmethod 2745 0x00000236923e3590 code [0x00000236923e3740, 0x00000236923e3950]
Event: 6.262 Thread 0x00000236a467b000 2746       3       java.lang.Thread::isVirtual (5 bytes)
Event: 6.262 Thread 0x00000236a467b000 nmethod 2746 0x00000236923e3a10 code [0x00000236923e3ba0, 0x00000236923e3da8]
Event: 6.324 Thread 0x00000236a467b000 2747       1       jdk.internal.event.ThreadSleepEvent::isEnabled (2 bytes)
Event: 6.324 Thread 0x00000236a467b000 nmethod 2747 0x0000023699aa2c90 code [0x0000023699aa2e20, 0x0000023699aa2ee8]
Event: 6.355 Thread 0x00000236a467b000 2749       1       org.gradle.launcher.daemon.server.exec.DaemonConnectionBackedEventConsumer::access$000 (5 bytes)
Event: 6.355 Thread 0x00000236a467b000 nmethod 2749 0x0000023699aa2f90 code [0x0000023699aa3120, 0x0000023699aa31d0]
Event: 6.478 Thread 0x00000236a467b000 2750       3       java.util.concurrent.locks.ReentrantLock$Sync::isHeldExclusively (16 bytes)
Event: 6.479 Thread 0x00000236a467b000 nmethod 2750 0x00000236923e3e10 code [0x00000236923e3fa0, 0x00000236923e4138]
Event: 6.495 Thread 0x00000236a467b000 2751       3       java.util.stream.StreamOpFlag::combineOpFlags (9 bytes)
Event: 6.495 Thread 0x00000236a467b000 nmethod 2751 0x00000236923e4210 code [0x00000236923e43a0, 0x00000236923e4558]
Event: 6.495 Thread 0x00000236a467b000 2752       3       java.util.stream.StreamOpFlag::getMask (30 bytes)
Event: 6.495 Thread 0x00000236a467b000 nmethod 2752 0x00000236923e4610 code [0x00000236923e47a0, 0x00000236923e4918]

GC Heap History (4 events):
Event: 0.712 GC heap before
{Heap before GC invocations=0 (full 0):
 garbage-first heap   total 262144K, used 22528K [0x00000000e0000000, 0x0000000100000000)
  region size 1024K, 23 young (23552K), 0 survivors (0K)
 Metaspace       used 859K, committed 1024K, reserved 393216K
  class space    used 66K, committed 128K, reserved 327680K
}
Event: 0.716 GC heap after
{Heap after GC invocations=1 (full 0):
 garbage-first heap   total 262144K, used 1583K [0x00000000e0000000, 0x0000000100000000)
  region size 1024K, 2 young (2048K), 2 survivors (2048K)
 Metaspace       used 859K, committed 1024K, reserved 393216K
  class space    used 66K, committed 128K, reserved 327680K
}
Event: 2.032 GC heap before
{Heap before GC invocations=1 (full 0):
 garbage-first heap   total 262144K, used 41519K [0x00000000e0000000, 0x0000000100000000)
  region size 1024K, 38 young (38912K), 2 survivors (2048K)
 Metaspace       used 4578K, committed 4800K, reserved 393216K
  class space    used 562K, committed 640K, reserved 327680K
}
Event: 2.039 GC heap after
{Heap after GC invocations=2 (full 0):
 garbage-first heap   total 262144K, used 11607K [0x00000000e0000000, 0x0000000100000000)
  region size 1024K, 5 young (5120K), 5 survivors (5120K)
 Metaspace       used 4578K, committed 4800K, reserved 393216K
  class space    used 562K, committed 640K, reserved 327680K
}

Dll operation events (15 events):
Event: 0.047 Loaded shared library C:\Program Files\Java\jdk-21\bin\java.dll
Event: 0.108 Loaded shared library C:\Program Files\Java\jdk-21\bin\jsvml.dll
Event: 0.181 Loaded shared library C:\Program Files\Java\jdk-21\bin\zip.dll
Event: 0.187 Loaded shared library C:\Program Files\Java\jdk-21\bin\instrument.dll
Event: 0.195 Loaded shared library C:\Program Files\Java\jdk-21\bin\net.dll
Event: 0.198 Loaded shared library C:\Program Files\Java\jdk-21\bin\nio.dll
Event: 0.202 Loaded shared library C:\Program Files\Java\jdk-21\bin\zip.dll
Event: 0.720 Loaded shared library C:\Program Files\Java\jdk-21\bin\jimage.dll
Event: 1.119 Loaded shared library C:\Program Files\Java\jdk-21\bin\verify.dll
Event: 1.196 Loaded shared library C:\Users\asus\.gradle\native\660c5614fbf4a5f2a75b1949f50a0caf5cd603558e7d8a26e50b933a0cfb79d1\windows-amd64\native-platform.dll
Event: 1.254 Loaded shared library C:\Users\asus\.gradle\native\0.2.8\x86_64-windows-gnu\gradle-fileevents.dll
Event: 3.399 Loaded shared library C:\Program Files\Java\jdk-21\bin\management.dll
Event: 3.405 Loaded shared library C:\Program Files\Java\jdk-21\bin\management_ext.dll
Event: 3.690 Loaded shared library C:\Program Files\Java\jdk-21\bin\extnet.dll
Event: 4.165 Loaded shared library C:\Program Files\Java\jdk-21\bin\sunmscapi.dll

Deoptimization events (20 events):
Event: 5.370 Thread 0x00000236bf7849e0 DEOPT PACKING pc=0x0000023699989604 sp=0x000000655c3fae30
Event: 5.370 Thread 0x00000236bf7849e0 DEOPT UNPACKING pc=0x00000236994146a2 sp=0x000000655c3fade8 mode 2
Event: 5.371 Thread 0x00000236bf7849e0 Uncommon trap: trap_request=0xffffff45 fr.pc=0x0000023699988d64 relative=0x00000000000001c4
Event: 5.371 Thread 0x00000236bf7849e0 Uncommon trap: reason=unstable_if action=reinterpret pc=0x0000023699988d64 method=java.util.regex.Matcher.reset()Ljava/util/regex/Matcher; @ 47 c2
Event: 5.371 Thread 0x00000236bf7849e0 DEOPT PACKING pc=0x0000023699988d64 sp=0x000000655c3facc0
Event: 5.371 Thread 0x00000236bf7849e0 DEOPT UNPACKING pc=0x00000236994146a2 sp=0x000000655c3fac50 mode 2
Event: 5.390 Thread 0x00000236bf7849e0 DEOPT PACKING pc=0x0000023691f89fbf sp=0x000000655c3faa70
Event: 5.390 Thread 0x00000236bf7849e0 DEOPT UNPACKING pc=0x0000023699414e42 sp=0x000000655c3f9f08 mode 0
Event: 5.550 Thread 0x00000236bf7849e0 Uncommon trap: trap_request=0xffffff45 fr.pc=0x0000023699987b1c relative=0x0000000000000d1c
Event: 5.550 Thread 0x00000236bf7849e0 Uncommon trap: reason=unstable_if action=reinterpret pc=0x0000023699987b1c method=java.io.WinNTFileSystem.resolve(Ljava/lang/String;Ljava/lang/String;)Ljava/lang/String; @ 19 c2
Event: 5.550 Thread 0x00000236bf7849e0 DEOPT PACKING pc=0x0000023699987b1c sp=0x000000655c3fb620
Event: 5.550 Thread 0x00000236bf7849e0 DEOPT UNPACKING pc=0x00000236994146a2 sp=0x000000655c3fb5b8 mode 2
Event: 5.553 Thread 0x00000236bf7849e0 Uncommon trap: trap_request=0xffffff45 fr.pc=0x0000023699995b80 relative=0x0000000000000620
Event: 5.553 Thread 0x00000236bf7849e0 Uncommon trap: reason=unstable_if action=reinterpret pc=0x0000023699995b80 method=java.io.File.getName()Ljava/lang/String; @ 16 c2
Event: 5.553 Thread 0x00000236bf7849e0 DEOPT PACKING pc=0x0000023699995b80 sp=0x000000655c3fb5e0
Event: 5.553 Thread 0x00000236bf7849e0 DEOPT UNPACKING pc=0x00000236994146a2 sp=0x000000655c3fb5b0 mode 2
Event: 5.697 Thread 0x00000236bf7849e0 Uncommon trap: trap_request=0xffffff45 fr.pc=0x000002369998cc94 relative=0x00000000000000f4
Event: 5.697 Thread 0x00000236bf7849e0 Uncommon trap: reason=unstable_if action=reinterpret pc=0x000002369998cc94 method=java.util.HashMap.hash(Ljava/lang/Object;)I @ 1 c2
Event: 5.697 Thread 0x00000236bf7849e0 DEOPT PACKING pc=0x000002369998cc94 sp=0x000000655c3fc4b0
Event: 5.697 Thread 0x00000236bf7849e0 DEOPT UNPACKING pc=0x00000236994146a2 sp=0x000000655c3fc3f0 mode 2

Classes loaded (20 events):
Event: 5.460 Loading class sun/security/provider/MD5
Event: 5.461 Loading class sun/security/provider/MD5 done
Event: 5.461 Loading class sun/security/provider/SHA5$SHA512
Event: 5.461 Loading class sun/security/provider/SHA5
Event: 5.462 Loading class sun/security/provider/SHA5 done
Event: 5.462 Loading class sun/security/provider/SHA5$SHA512 done
Event: 5.464 Loading class sun/security/provider/ByteArrayAccess$LE
Event: 5.465 Loading class sun/security/provider/ByteArrayAccess$LE done
Event: 5.552 Loading class java/io/File$TempDirectory
Event: 5.552 Loading class java/io/File$TempDirectory done
Event: 5.628 Loading class java/util/concurrent/Semaphore
Event: 5.629 Loading class java/util/concurrent/Semaphore done
Event: 5.634 Loading class java/nio/file/FileVisitOption
Event: 5.634 Loading class java/nio/file/FileVisitOption done
Event: 5.641 Loading class java/util/stream/ReduceOps$1
Event: 5.642 Loading class java/util/stream/ReduceOps$1 done
Event: 5.642 Loading class java/util/stream/ReduceOps$1ReducingSink
Event: 5.643 Loading class java/util/stream/ReduceOps$1ReducingSink done
Event: 5.849 Loading class java/util/function/UnaryOperator
Event: 5.849 Loading class java/util/function/UnaryOperator done

Classes unloaded (0 events):
No events

Classes redefined (0 events):
No events

Internal exceptions (20 events):
Event: 4.295 Thread 0x00000236bf7b7d60 Exception <a 'java/lang/NoSuchMethodError'{0x00000000eb4eb048}: 'void java.lang.invoke.DirectMethodHandle$Holder.invokeSpecial(java.lang.Object, java.lang.Object, java.lang.Object)'> (0x00000000eb4eb048) 
thrown [s\open\src\hotspot\share\interpreter\linkResolver.cpp, line 773]
Event: 4.458 Thread 0x00000236bf7849e0 Exception <a 'java/lang/NoSuchMethodError'{0x00000000ead40af8}: 'long java.lang.invoke.DirectMethodHandle$Holder.invokeInterface(java.lang.Object, java.lang.Object)'> (0x00000000ead40af8) 
thrown [s\open\src\hotspot\share\interpreter\linkResolver.cpp, line 773]
Event: 4.620 Thread 0x00000236bf7849e0 Exception <a 'java/lang/NoSuchMethodError'{0x00000000ea937358}: 'void java.lang.invoke.DirectMethodHandle$Holder.invokeStatic(java.lang.Object, java.lang.Object)'> (0x00000000ea937358) 
thrown [s\open\src\hotspot\share\interpreter\linkResolver.cpp, line 773]
Event: 4.635 Thread 0x00000236bf7849e0 Exception <a 'java/lang/NoSuchMethodError'{0x00000000ea9957a8}: 'java.lang.Object java.lang.invoke.DirectMethodHandle$Holder.invokeVirtual(java.lang.Object, java.lang.Object, java.lang.Object, java.lang.Object, java.lang.Object, java.lang.Object, java.lang.Object, java.lang.Object, java.lang.Object, java.lang.Object, java.lang.Object, java.lang.Object)'> (0x00000000ea9957a8) 
thrown [s\open\src\hotspot\share\interpreter\linkResolver.cpp, line 773]
Event: 4.636 Thread 0x00000236bf7849e0 Exception <a 'java/lang/NoSuchMethodError'{0x00000000ea99a730}: 'java.lang.Object java.lang.invoke.DirectMethodHandle$Holder.invokeSpecial(java.lang.Object, java.lang.Object, java.lang.Object, java.lang.Object, java.lang.Object, java.lang.Object, java.lang.Object, java.lang.Object, java.lang.Object, java.lang.Object, java.lang.Object, java.lang.Object, java.lang.Object)'> (0x00000000ea99a730) 
thrown [s\open\src\hotspot\share\interpreter\linkResolver.cpp, line 773]
Event: 4.732 Thread 0x00000236bf7849e0 Exception <a 'java/lang/NoSuchMethodError'{0x00000000ea7f9440}: 'int java.lang.invoke.DirectMethodHandle$Holder.invokeVirtual(java.lang.Object, java.lang.Object, java.lang.Object)'> (0x00000000ea7f9440) 
thrown [s\open\src\hotspot\share\interpreter\linkResolver.cpp, line 773]
Event: 4.822 Thread 0x00000236bf7849e0 Exception <a 'java/lang/NoSuchMethodError'{0x00000000ea48dfa0}: 'java.lang.Object java.lang.invoke.DirectMethodHandle$Holder.newInvokeSpecial(java.lang.Object, java.lang.Object, java.lang.Object, java.lang.Object, java.lang.Object, java.lang.Object)'> (0x00000000ea48dfa0) 
thrown [s\open\src\hotspot\share\interpreter\linkResolver.cpp, line 773]
Event: 4.939 Thread 0x00000236bf7849e0 Exception <a 'java/lang/NoSuchMethodError'{0x00000000ea13a520}: 'void java.lang.invoke.DelegatingMethodHandle$Holder.reinvoke_L(java.lang.Object, java.lang.Object, java.lang.Object, java.lang.Object, java.lang.Object, java.lang.Object, java.lang.Object, java.lang.Object, java.lang.Object, java.lang.Object)'> (0x00000000ea13a520) 
thrown [s\open\src\hotspot\share\interpreter\linkResolver.cpp, line 773]
Event: 4.940 Thread 0x00000236bf7849e0 Exception <a 'java/lang/NoSuchMethodError'{0x00000000ea141f40}: 'java.lang.Object java.lang.invoke.Invokers$Holder.invoker(java.lang.Object, java.lang.Object, java.lang.Object, java.lang.Object, java.lang.Object, java.lang.Object, java.lang.Object, java.lang.Object, java.lang.Object, java.lang.Object)'> (0x00000000ea141f40) 
thrown [s\open\src\hotspot\share\interpreter\linkResolver.cpp, line 773]
Event: 5.170 Thread 0x00000236bf7849e0 Exception <a 'java/lang/NoSuchMethodError'{0x00000000e9bd5588}: 'void java.lang.invoke.DirectMethodHandle$Holder.invokeInterface(java.lang.Object, java.lang.Object)'> (0x00000000e9bd5588) 
thrown [s\open\src\hotspot\share\interpreter\linkResolver.cpp, line 773]
Event: 5.170 Thread 0x00000236bf7849e0 Exception <a 'java/lang/IncompatibleClassChangeError'{0x00000000e9bd8af8}: Found class java.lang.Object, but interface was expected> (0x00000000e9bd8af8) 
thrown [s\open\src\hotspot\share\interpreter\linkResolver.cpp, line 840]
Event: 5.221 Thread 0x00000236bf7849e0 Exception <a 'java/lang/NoSuchMethodError'{0x00000000e998a6c8}: 'java.lang.Object java.lang.invoke.DirectMethodHandle$Holder.newInvokeSpecial(java.lang.Object, java.lang.Object, int)'> (0x00000000e998a6c8) 
thrown [s\open\src\hotspot\share\interpreter\linkResolver.cpp, line 773]
Event: 5.484 Thread 0x00000236bf7849e0 Exception <a 'java/lang/NoSuchMethodError'{0x00000000e95256f8}: 'java.lang.Object java.lang.invoke.DirectMethodHandle$Holder.invokeVirtual(java.lang.Object, java.lang.Object, java.lang.Object, java.lang.Object, java.lang.Object, java.lang.Object, java.lang.Object, java.lang.Object)'> (0x00000000e95256f8) 
thrown [s\open\src\hotspot\share\interpreter\linkResolver.cpp, line 773]
Event: 5.543 Thread 0x00000236bf7849e0 Exception <a 'java/lang/NoSuchMethodError'{0x00000000e945ab78}: 'java.lang.Object java.lang.invoke.DirectMethodHandle$Holder.invokeVirtual(java.lang.Object, java.lang.Object, java.lang.Object, java.lang.Object, java.lang.Object, java.lang.Object, java.lang.Object, java.lang.Object, java.lang.Object, java.lang.Object)'> (0x00000000e945ab78) 
thrown [s\open\src\hotspot\share\interpreter\linkResolver.cpp, line 773]
Event: 5.575 Thread 0x00000236bf7849e0 Exception <a 'java/lang/NoSuchMethodError'{0x00000000e94ea898}: 'void java.lang.invoke.DirectMethodHandle$Holder.invokeStatic(java.lang.Object, java.lang.Object, java.lang.Object, java.lang.Object)'> (0x00000000e94ea898) 
thrown [s\open\src\hotspot\share\interpreter\linkResolver.cpp, line 773]
Event: 5.576 Thread 0x00000236bf7849e0 Exception <a 'java/lang/NoSuchMethodError'{0x00000000e94ee620}: 'void java.lang.invoke.DirectMethodHandle$Holder.invokeStaticInit(java.lang.Object, java.lang.Object, java.lang.Object, java.lang.Object)'> (0x00000000e94ee620) 
thrown [s\open\src\hotspot\share\interpreter\linkResolver.cpp, line 773]
Event: 5.594 Thread 0x00000236bf7849e0 Exception <a 'java/lang/NoSuchMethodError'{0x00000000e934ada0}: 'java.lang.Object java.lang.invoke.DirectMethodHandle$Holder.invokeInterface(java.lang.Object, java.lang.Object, java.lang.Object)'> (0x00000000e934ada0) 
thrown [s\open\src\hotspot\share\interpreter\linkResolver.cpp, line 773]
Event: 5.638 Thread 0x00000236bf7849e0 Exception <a 'java/lang/NoSuchMethodError'{0x00000000e9258388}: 'int java.lang.invoke.DirectMethodHandle$Holder.invokeSpecialIFC(java.lang.Object, java.lang.Object, java.lang.Object, java.lang.Object)'> (0x00000000e9258388) 
thrown [s\open\src\hotspot\share\interpreter\linkResolver.cpp, line 773]
Event: 5.641 Thread 0x00000236bf7849e0 Exception <a 'java/lang/IncompatibleClassChangeError'{0x00000000e9265618}: Found class java.lang.Object, but interface was expected> (0x00000000e9265618) 
thrown [s\open\src\hotspot\share\interpreter\linkResolver.cpp, line 840]
Event: 5.697 Thread 0x00000236bf7849e0 Implicit null exception at 0x000002369998cbe6 to 0x000002369998cc8a

ZGC Phase Switch (0 events):
No events

VM Operations (20 events):
Event: 3.556 Executing VM operation: HandshakeAllThreads (Deoptimize)
Event: 3.556 Executing VM operation: HandshakeAllThreads (Deoptimize) done
Event: 3.684 Executing VM operation: HandshakeAllThreads (Deoptimize)
Event: 3.684 Executing VM operation: HandshakeAllThreads (Deoptimize) done
Event: 3.737 Executing VM operation: HandshakeAllThreads (Deoptimize)
Event: 3.737 Executing VM operation: HandshakeAllThreads (Deoptimize) done
Event: 3.813 Executing VM operation: HandshakeAllThreads (Deoptimize)
Event: 3.813 Executing VM operation: HandshakeAllThreads (Deoptimize) done
Event: 3.900 Executing VM operation: HandshakeAllThreads (Deoptimize)
Event: 3.900 Executing VM operation: HandshakeAllThreads (Deoptimize) done
Event: 4.137 Executing VM operation: HandshakeAllThreads (Deoptimize)
Event: 4.137 Executing VM operation: HandshakeAllThreads (Deoptimize) done
Event: 4.137 Executing VM operation: Cleanup
Event: 4.138 Executing VM operation: Cleanup done
Event: 5.143 Executing VM operation: Cleanup
Event: 5.143 Executing VM operation: Cleanup done
Event: 5.216 Executing VM operation: HandshakeAllThreads (Deoptimize)
Event: 5.216 Executing VM operation: HandshakeAllThreads (Deoptimize) done
Event: 6.230 Executing VM operation: Cleanup
Event: 6.230 Executing VM operation: Cleanup done

Events (20 events):
Event: 0.105 Thread 0x00000236a466a260 Thread added: 0x00000236a466a260
Event: 0.106 Thread 0x00000236a467b000 Thread added: 0x00000236a467b000
Event: 0.137 Thread 0x00000236a473c5c0 Thread added: 0x00000236a473c5c0
Event: 0.227 Thread 0x00000236a47d8870 Thread added: 0x00000236a47d8870
Event: 0.346 Thread 0x00000236a497c310 Thread added: 0x00000236a497c310
Event: 3.484 Thread 0x00000236bf683270 Thread added: 0x00000236bf683270
Event: 3.886 Thread 0x00000236a497c310 Thread exited: 0x00000236a497c310
Event: 3.939 Thread 0x00000236bf6cb5a0 Thread added: 0x00000236bf6cb5a0
Event: 4.098 Thread 0x00000236bf5e8eb0 Thread added: 0x00000236bf5e8eb0
Event: 4.219 Thread 0x00000236bf7b7d60 Thread added: 0x00000236bf7b7d60
Event: 4.227 Thread 0x00000236bf7b83c0 Thread added: 0x00000236bf7b83c0
Event: 4.280 Thread 0x00000236bf783610 Thread added: 0x00000236bf783610
Event: 4.296 Thread 0x00000236bf7849e0 Thread added: 0x00000236bf7849e0
Event: 4.319 Thread 0x00000236bf786ab0 Thread added: 0x00000236bf786ab0
Event: 4.327 Thread 0x00000236bf785d90 Thread added: 0x00000236bf785d90
Event: 4.346 Thread 0x00000236bf787140 Thread added: 0x00000236bf787140
Event: 5.217 Thread 0x00000236bf785700 Thread added: 0x00000236bf785700
Event: 5.236 Thread 0x00000236bf786420 Thread added: 0x00000236bf786420
Event: 5.391 Thread 0x00000236bf92bde0 Thread added: 0x00000236bf92bde0
Event: 5.496 Thread 0x00000236bf783cc0 Thread added: 0x00000236bf783cc0


Dynamic libraries:
0x00007ff7cee30000 - 0x00007ff7cee40000 	C:\Program Files\Java\jdk-21\bin\java.exe
0x00007ffa50860000 - 0x00007ffa50ac7000 	C:\WINDOWS\SYSTEM32\ntdll.dll
0x00007ffa4f890000 - 0x00007ffa4f959000 	C:\WINDOWS\System32\KERNEL32.DLL
0x00007ffa4dd80000 - 0x00007ffa4e171000 	C:\WINDOWS\System32\KERNELBASE.dll
0x00007ffa4e210000 - 0x00007ffa4e35b000 	C:\WINDOWS\System32\ucrtbase.dll
0x00007ffa3ebb0000 - 0x00007ffa3ebc9000 	C:\Program Files\Java\jdk-21\bin\jli.dll
0x00007ffa3eb90000 - 0x00007ffa3ebab000 	C:\Program Files\Java\jdk-21\bin\VCRUNTIME140.dll
0x00007ffa50270000 - 0x00007ffa5032b000 	C:\WINDOWS\System32\ADVAPI32.dll
0x00007ffa50330000 - 0x00007ffa503d9000 	C:\WINDOWS\System32\msvcrt.dll
0x00007ffa501c0000 - 0x00007ffa50267000 	C:\WINDOWS\System32\sechost.dll
0x00007ffa4f730000 - 0x00007ffa4f848000 	C:\WINDOWS\System32\RPCRT4.dll
0x00007ffa4edf0000 - 0x00007ffa4efb5000 	C:\WINDOWS\System32\USER32.dll
0x00007ffa4d2b0000 - 0x00007ffa4d2d7000 	C:\WINDOWS\System32\win32u.dll
0x00007ffa3c1b0000 - 0x00007ffa3c443000 	C:\WINDOWS\WinSxS\amd64_microsoft.windows.common-controls_6595b64144ccf1df_6.0.26100.8037_none_3e092faae333b53b\COMCTL32.dll
0x00007ffa4e610000 - 0x00007ffa4e63b000 	C:\WINDOWS\System32\GDI32.dll
0x00007ffa4e360000 - 0x00007ffa4e48b000 	C:\WINDOWS\System32\gdi32full.dll
0x00007ffa4db50000 - 0x00007ffa4dbf3000 	C:\WINDOWS\System32\msvcp_win.dll
0x00007ffa47130000 - 0x00007ffa4713b000 	C:\WINDOWS\SYSTEM32\VERSION.dll
0x00007ffa50080000 - 0x00007ffa500b1000 	C:\WINDOWS\System32\IMM32.DLL
0x00007ffa35fa0000 - 0x00007ffa35fac000 	C:\Program Files\Java\jdk-21\bin\vcruntime140_1.dll
0x00007ffa32ae0000 - 0x00007ffa32b6e000 	C:\Program Files\Java\jdk-21\bin\msvcp140.dll
0x00007ffa31dc0000 - 0x00007ffa32ad8000 	C:\Program Files\Java\jdk-21\bin\server\jvm.dll
0x00007ffa505a0000 - 0x00007ffa50614000 	C:\WINDOWS\System32\WS2_32.dll
0x00007ffa4cfc0000 - 0x00007ffa4d01e000 	C:\WINDOWS\SYSTEM32\POWRPROF.dll
0x00007ffa470f0000 - 0x00007ffa47125000 	C:\WINDOWS\SYSTEM32\WINMM.dll
0x00007ffa4cfa0000 - 0x00007ffa4cfb4000 	C:\WINDOWS\SYSTEM32\UMPDC.dll
0x00007ffa4beb0000 - 0x00007ffa4becb000 	C:\WINDOWS\SYSTEM32\kernel.appcore.dll
0x00007ffa35f90000 - 0x00007ffa35f9a000 	C:\Program Files\Java\jdk-21\bin\jimage.dll
0x00007ffa40aa0000 - 0x00007ffa40ce2000 	C:\WINDOWS\SYSTEM32\DBGHELP.DLL
0x00007ffa4e640000 - 0x00007ffa4e9c2000 	C:\WINDOWS\System32\combase.dll
0x00007ffa4e9d0000 - 0x00007ffa4eaa7000 	C:\WINDOWS\System32\OLEAUT32.dll
0x00007ffa3b280000 - 0x00007ffa3b2bb000 	C:\WINDOWS\SYSTEM32\dbgcore.DLL
0x00007ffa4d140000 - 0x00007ffa4d1e5000 	C:\WINDOWS\System32\bcryptPrimitives.dll
0x00007ffa48860000 - 0x00007ffa4886f000 	C:\Program Files\Java\jdk-21\bin\instrument.dll
0x00007ffa33440000 - 0x00007ffa3345f000 	C:\Program Files\Java\jdk-21\bin\java.dll
0x00007ffa4efc0000 - 0x00007ffa4f71f000 	C:\WINDOWS\System32\SHELL32.dll
0x00007ffa4e490000 - 0x00007ffa4e5fa000 	C:\WINDOWS\System32\wintypes.dll
0x00007ffa4d2e0000 - 0x00007ffa4db44000 	C:\WINDOWS\System32\windows.storage.dll
0x00007ffa50720000 - 0x00007ffa50817000 	C:\WINDOWS\System32\SHCORE.dll
0x00007ffa4f960000 - 0x00007ffa4f9c7000 	C:\WINDOWS\System32\shlwapi.dll
0x00007ffa4d060000 - 0x00007ffa4d089000 	C:\WINDOWS\SYSTEM32\profapi.dll
0x00007ffa315b0000 - 0x00007ffa31687000 	C:\Program Files\Java\jdk-21\bin\jsvml.dll
0x00007ffa3aef0000 - 0x00007ffa3af08000 	C:\Program Files\Java\jdk-21\bin\zip.dll
0x00007ffa3afa0000 - 0x00007ffa3afb0000 	C:\Program Files\Java\jdk-21\bin\net.dll
0x00007ffa445e0000 - 0x00007ffa44707000 	C:\WINDOWS\SYSTEM32\WINHTTP.dll
0x00007ffa4c440000 - 0x00007ffa4c4ab000 	C:\WINDOWS\system32\mswsock.dll
0x00007ffa3afc0000 - 0x00007ffa3afd6000 	C:\Program Files\Java\jdk-21\bin\nio.dll
0x00007ffa3fc70000 - 0x00007ffa3fc80000 	C:\Program Files\Java\jdk-21\bin\verify.dll
0x00007ffa444d0000 - 0x00007ffa444f7000 	C:\Users\asus\.gradle\native\660c5614fbf4a5f2a75b1949f50a0caf5cd603558e7d8a26e50b933a0cfb79d1\windows-amd64\native-platform.dll
0x00007ffa21ab0000 - 0x00007ffa21b27000 	C:\Users\asus\.gradle\native\0.2.8\x86_64-windows-gnu\gradle-fileevents.dll
0x00007ffa3af80000 - 0x00007ffa3af8a000 	C:\Program Files\Java\jdk-21\bin\management.dll
0x00007ffa3af70000 - 0x00007ffa3af7b000 	C:\Program Files\Java\jdk-21\bin\management_ext.dll
0x00007ffa4f850000 - 0x00007ffa4f858000 	C:\WINDOWS\System32\PSAPI.DLL
0x00007ffa4b8e0000 - 0x00007ffa4b913000 	C:\WINDOWS\SYSTEM32\IPHLPAPI.DLL
0x00007ffa50590000 - 0x00007ffa5059a000 	C:\WINDOWS\System32\NSI.dll
0x00007ffa41be0000 - 0x00007ffa41be9000 	C:\Program Files\Java\jdk-21\bin\extnet.dll
0x00007ffa4c720000 - 0x00007ffa4c73b000 	C:\WINDOWS\SYSTEM32\CRYPTSP.dll
0x00007ffa4be10000 - 0x00007ffa4be49000 	C:\WINDOWS\system32\rsaenh.dll
0x00007ffa4c4f0000 - 0x00007ffa4c522000 	C:\WINDOWS\SYSTEM32\USERENV.dll
0x00007ffa4d030000 - 0x00007ffa4d05a000 	C:\WINDOWS\SYSTEM32\bcrypt.dll
0x00007ffa4c740000 - 0x00007ffa4c74c000 	C:\WINDOWS\SYSTEM32\CRYPTBASE.dll
0x00007ffa3ecb0000 - 0x00007ffa3ecbe000 	C:\Program Files\Java\jdk-21\bin\sunmscapi.dll
0x00007ffa4dc00000 - 0x00007ffa4dd77000 	C:\WINDOWS\System32\CRYPT32.dll
0x00007ffa4c940000 - 0x00007ffa4c970000 	C:\WINDOWS\SYSTEM32\ncrypt.dll
0x00007ffa4c8f0000 - 0x00007ffa4c92f000 	C:\WINDOWS\SYSTEM32\NTASN1.dll
0x00007ffa3af90000 - 0x00007ffa3af98000 	C:\WINDOWS\system32\wshunix.dll

dbghelp: loaded successfully - version: 4.0.5 - missing functions: none
symbol engine: initialized successfully - sym options: 0x614 - pdb path: .;C:\Program Files\Java\jdk-21\bin;C:\WINDOWS\SYSTEM32;C:\WINDOWS\WinSxS\amd64_microsoft.windows.common-controls_6595b64144ccf1df_6.0.26100.8037_none_3e092faae333b53b;C:\Program Files\Java\jdk-21\bin\server;C:\Users\asus\.gradle\native\660c5614fbf4a5f2a75b1949f50a0caf5cd603558e7d8a26e50b933a0cfb79d1\windows-amd64;C:\Users\asus\.gradle\native\0.2.8\x86_64-windows-gnu

VM Arguments:
jvm_args: --add-opens=java.base/java.lang=ALL-UNNAMED --add-opens=java.base/java.lang.invoke=ALL-UNNAMED --add-opens=java.base/java.util=ALL-UNNAMED --add-opens=java.prefs/java.util.prefs=ALL-UNNAMED --add-exports=jdk.compiler/com.sun.tools.javac.api=ALL-UNNAMED --add-exports=jdk.compiler/com.sun.tools.javac.util=ALL-UNNAMED --add-opens=java.base/java.util=ALL-UNNAMED --add-opens=java.prefs/java.util.prefs=ALL-UNNAMED --add-opens=java.base/java.nio.charset=ALL-UNNAMED --add-opens=java.base/java.net=ALL-UNNAMED --add-opens=java.base/java.util.concurrent=ALL-UNNAMED --add-opens=java.base/java.util.concurrent.atomic=ALL-UNNAMED --add-opens=java.xml/javax.xml.namespace=ALL-UNNAMED --add-opens=java.base/java.time=ALL-UNNAMED -XX:MaxMetaspaceSize=384m -XX:+HeapDumpOnOutOfMemoryError -Xms256m -Xmx512m -Dfile.encoding=UTF-8 -Duser.country=FR -Duser.language=fr -Duser.variant -javaagent:C:\Users\asus\.gradle\wrapper\dists\gradle-9.3.0-bin\79n14ral3mx1ozqr3csh2u872\gradle-9.3.0\lib\agents\gradle-instrumentation-agent-9.3.0.jar 
java_command: org.gradle.launcher.daemon.bootstrap.GradleDaemon 9.3.0
java_class_path (initial): C:\Users\asus\.gradle\wrapper\dists\gradle-9.3.0-bin\79n14ral3mx1ozqr3csh2u872\gradle-9.3.0\lib\gradle-daemon-main-9.3.0.jar
Launcher Type: SUN_STANDARD

[Global flags]
     intx CICompilerCount                          = 4                                         {product} {ergonomic}
   size_t CompressedClassSpaceSize                 = 335544320                                 {product} {ergonomic}
     uint ConcGCThreads                            = 2                                         {product} {ergonomic}
     uint G1ConcRefinementThreads                  = 8                                         {product} {ergonomic}
   size_t G1HeapRegionSize                         = 1048576                                   {product} {ergonomic}
    uintx GCDrainStackTargetSize                   = 64                                        {product} {ergonomic}
     bool HeapDumpOnOutOfMemoryError               = true                                   {manageable} {command line}
   size_t InitialHeapSize                          = 268435456                                 {product} {command line}
   size_t MarkStackSize                            = 4194304                                   {product} {ergonomic}
   size_t MaxHeapSize                              = 536870912                                 {product} {command line}
   size_t MaxMetaspaceSize                         = 402653184                                 {product} {command line}
   size_t MaxNewSize                               = 321912832                                 {product} {ergonomic}
   size_t MinHeapDeltaBytes                        = 1048576                                   {product} {ergonomic}
   size_t MinHeapSize                              = 268435456                                 {product} {command line}
    uintx NonNMethodCodeHeapSize                   = 5839372                                {pd product} {ergonomic}
    uintx NonProfiledCodeHeapSize                  = 122909434                              {pd product} {ergonomic}
    uintx ProfiledCodeHeapSize                     = 122909434                              {pd product} {ergonomic}
    uintx ReservedCodeCacheSize                    = 251658240                              {pd product} {ergonomic}
     bool SegmentedCodeCache                       = true                                      {product} {ergonomic}
   size_t SoftMaxHeapSize                          = 536870912                              {manageable} {ergonomic}
     bool UseCompressedOops                        = true                           {product lp64_product} {ergonomic}
     bool UseG1GC                                  = true                                      {product} {ergonomic}
     bool UseLargePagesIndividualAllocation        = false                                  {pd product} {ergonomic}

Logging:
Log output configuration:
 #0: stdout all=warning uptime,level,tags foldmultilines=false
 #1: stderr all=off uptime,level,tags foldmultilines=false

Environment Variables:
JAVA_HOME=C:\Program Files\Java\jdk-21.
PATH=C:\Program Files\Common Files\Oracle\Java\javapath;C:\WINDOWS\system32;C:\WINDOWS;C:\WINDOWS\System32\Wbem;C:\WINDOWS\System32\WindowsPowerShell\v1.0\;C:\WINDOWS\System32\OpenSSH\;C:\Program Files\TortoiseGit\bin;C:\Program Files\Git\cmd;C:\Program Files\nodejs\;C:\Program Files\Go\bin;C:\Program Files\MongoDB\Server\8.0\bin;C:\Users\asus\Downloads\gradle-8.13-bin\gradle-8.13\bin;;C:\Program Files\Docker\Docker\resources\bin;C:\Users\asus\anaconda3;C:\Users\asus\anaconda3\Library\mingw-w64\bin;C:\Users\asus\anaconda3\Library\usr\bin;C:\Users\asus\anaconda3\Library\bin;C:\Users\asus\anaconda3\Scripts;C:\Users\asus\AppData\Local\Programs\Python\Python39\Scripts\;C:\Users\asus\AppData\Local\Programs\Python\Python39\;C:\Users\asus\AppData\Local\Microsoft\WindowsApps;C:\Users\asus\Desktop\Microsoft VS Code\bin;C:\Users\asus\AppData\Roaming\npm;C:\Users\asus\go\bin;C:\Program Files\Apache\Maven\bin;C:\Users\asus\AppData\Local\Programs\mongosh\;C:\Users\asus\AppData\Local\Programs\Antigravity\bin
USERNAME=asus
OS=Windows_NT
PROCESSOR_IDENTIFIER=AMD64 Family 23 Model 24 Stepping 1, AuthenticAMD
TMP=C:\Users\asus\AppData\Local\Temp
TEMP=C:\Users\asus\AppData\Local\Temp




Periodic native trim disabled

---------------  S Y S T E M  ---------------

OS:
 Windows 11 , 64 bit Build 26100 (10.0.26100.7920)
OS uptime: 0 days 5:47 hours
Hyper-V role detected

CPU: total 8 (initial active 8) (8 cores per cpu, 2 threads per core) family 23 model 24 stepping 1 microcode 0x8108102, cx8, cmov, fxsr, ht, mmx, 3dnowpref, sse, sse2, sse3, ssse3, sse4a, sse4.1, sse4.2, popcnt, lzcnt, tsc, tscinvbit, avx, avx2, aes, clmul, bmi1, bmi2, adx, sha, fma, vzeroupper, clflush, clflushopt, hv, rdtscp, f16c
Processor Information for all 8 processors :
  Max Mhz: 2100, Current Mhz: 2100, Mhz Limit: 2100

Memory: 4k page, system-wide physical 6091M (385M free)
TotalPageFile size 21660M (AvailPageFile size 7M)
current process WorkingSet (physical memory assigned to process): 239M, peak: 239M
current process commit charge ("private bytes"): 423M, peak: 426M

vm_info: Java HotSpot(TM) 64-Bit Server VM (21.0.5+9-LTS-239) for windows-amd64 JRE (21.0.5+9-LTS-239), built on 2024-09-30T05:17:38Z by "mach5one" with MS VC++ 17.6 (VS2022)

END.
