#
# There is insufficient memory for the Java Runtime Environment to continue.
# Native memory allocation (mmap) failed to map 100663296 bytes for G1 virtual space
# Possible reasons:
#   The system is out of physical RAM or swap space
#   The process is running with CompressedOops enabled, and the Java Heap may be blocking the growth of the native heap
# Possible solutions:
#   Reduce memory load on the system
#   Increase physical memory or swap space
#   Check if swap backing store is full
#   Decrease Java heap size (-Xmx/-Xms)
#   Decrease number of Java threads
#   Decrease Java thread stack sizes (-Xss)
#   Set larger code cache with -XX:ReservedCodeCacheSize=
#   JVM is running with Unscaled Compressed Oops mode in which the Java heap is
#     placed in the first 4GB address space. The Java Heap base address is the
#     maximum limit for the native heap growth. Please use -XX:HeapBaseMinAddress
#     to set the Java Heap base and to place the Java Heap above 4GB virtual address.
# This output file may be truncated or incomplete.
#
#  Out of Memory Error (os_windows.cpp:3600), pid=23976, tid=10420
#
# JRE version:  (21.0.5+9) (build )
# Java VM: Java HotSpot(TM) 64-Bit Server VM (21.0.5+9-LTS-239, mixed mode, sharing, tiered, compressed oops, compressed class ptrs, g1 gc, windows-amd64)
# No core dump will be written. Minidumps are not enabled by default on client versions of Windows
#

---------------  S U M M A R Y ------------

Command Line: -Dorg.gradle.internal.worker.tmpdir=C:\Users\asus\Desktop\projet_benazouz\projet - Copie\build\tmp\test\work -Xmx512m -Dfile.encoding=UTF-8 -Duser.country=FR -Duser.language=fr -Duser.variant -ea worker.org.gradle.process.internal.worker.GradleWorkerMain 'Gradle Test Executor 1'

Host: AMD Ryzen 5 3500U with Radeon Vega Mobile Gfx  , 8 cores, 5G,  Windows 11 , 64 bit Build 26100 (10.0.26100.7920)
Time: Thu Mar 12 23:05:33 2026 Paris, Madrid elapsed time: 1.423540 seconds (0d 0h 0m 1s)

---------------  T H R E A D  ---------------

Current thread (0x000001c15b87d310):  JavaThread "Unknown thread" [_thread_in_vm, id=10420, stack(0x0000007c00f00000,0x0000007c01000000) (1024K)]

Stack: [0x0000007c00f00000,0x0000007c01000000]
Native frames: (J=compiled Java code, j=interpreted, Vv=VM code, C=native code)
V  [jvm.dll+0x6ca289]
V  [jvm.dll+0x854a51]
V  [jvm.dll+0x856f7e]
V  [jvm.dll+0x857653]
V  [jvm.dll+0x27dd26]
V  [jvm.dll+0x6c6a25]
V  [jvm.dll+0x6bb5aa]
V  [jvm.dll+0x35359a]
V  [jvm.dll+0x35b1f6]
V  [jvm.dll+0x3adade]
V  [jvm.dll+0x3add88]
V  [jvm.dll+0x3278fc]
V  [jvm.dll+0x32845b]
V  [jvm.dll+0x81de19]
V  [jvm.dll+0x3ba7c1]
V  [jvm.dll+0x807168]
V  [jvm.dll+0x44f96e]
V  [jvm.dll+0x451561]
C  [jli.dll+0x52a3]
C  [ucrtbase.dll+0x37b0]
C  [KERNEL32.DLL+0x2e8d7]
C  [ntdll.dll+0x8c48c]


---------------  P R O C E S S  ---------------

Threads class SMR info:
_java_thread_list=0x00007ffa3298ac08, length=0, elements={
}

Java Threads: ( => current thread )
Total: 0

Other Threads:
  0x000001c15bd52c30 WorkerThread "GC Thread#0"                     [id=32296, stack(0x0000007c01000000,0x0000007c01100000) (1024K)]
  0x000001c15bd56a00 ConcurrentGCThread "G1 Main Marker"            [id=23508, stack(0x0000007c01100000,0x0000007c01200000) (1024K)]
  0x000001c15bd58a60 WorkerThread "G1 Conc#0"                       [id=31224, stack(0x0000007c01200000,0x0000007c01300000) (1024K)]

[error occurred during error reporting (printing all threads), id 0xc0000005, EXCEPTION_ACCESS_VIOLATION (0xc0000005) at pc=0x00007ffa320fa087]
VM state: not at safepoint (not fully initialized)

VM Mutex/Monitor currently owned by a thread:  ([mutex/lock_event])
[0x00007ffa329fbf98] Heap_lock - owner thread: 0x000001c15b87d310

Heap address: 0x00000000e0000000, size: 512 MB, Compressed Oops mode: 32-bit

CDS archive(s) mapped at: [0x0000000000000000-0x0000000000000000-0x0000000000000000), size 0, SharedBaseAddress: 0x0000000800000000, ArchiveRelocationMode: 1.
Narrow klass base: 0x0000000000000000, Narrow klass shift: 0, Narrow klass range: 0x0

GC Precious Log:
 CardTable entry size: 512
 Card Set container configuration: InlinePtr #cards 5 size 8 Array Of Cards #cards 12 size 40 Howl #buckets 4 coarsen threshold 1843 Howl Bitmap #cards 512 size 80 coarsen threshold 460 Card regions per heap region 1 cards per card region 2048

Heap:
 garbage-first heap   total 0K, used 0K [0x00000000e0000000, 0x0000000100000000)
  region size 1024K, 0 young (0K), 0 survivors (0K)

[error occurred during error reporting (printing heap information), id 0xc0000005, EXCEPTION_ACCESS_VIOLATION (0xc0000005) at pc=0x00007ffa324e3259]
GC Heap History (0 events):
No events

Dll operation events (1 events):
Event: 0.025 Loaded shared library C:\Program Files\Java\jdk-21\bin\java.dll

Deoptimization events (0 events):
No events

Classes loaded (0 events):
No events

Classes unloaded (0 events):
No events

Classes redefined (0 events):
No events

Internal exceptions (0 events):
No events

ZGC Phase Switch (0 events):
No events

VM Operations (0 events):
No events

Events (0 events):
No events


Dynamic libraries:
0x00007ff7cee30000 - 0x00007ff7cee40000 	C:\Program Files\Java\jdk-21\bin\java.exe
0x00007ffa50860000 - 0x00007ffa50ac7000 	C:\WINDOWS\SYSTEM32\ntdll.dll
0x00007ffa4f890000 - 0x00007ffa4f959000 	C:\WINDOWS\System32\KERNEL32.DLL
0x00007ffa4dd80000 - 0x00007ffa4e171000 	C:\WINDOWS\System32\KERNELBASE.dll
0x00007ffa4e210000 - 0x00007ffa4e35b000 	C:\WINDOWS\System32\ucrtbase.dll
0x00007ffa3eb90000 - 0x00007ffa3ebab000 	C:\Program Files\Java\jdk-21\bin\VCRUNTIME140.dll
0x00007ffa3ebb0000 - 0x00007ffa3ebc9000 	C:\Program Files\Java\jdk-21\bin\jli.dll
0x00007ffa50270000 - 0x00007ffa5032b000 	C:\WINDOWS\System32\ADVAPI32.dll
0x00007ffa50330000 - 0x00007ffa503d9000 	C:\WINDOWS\System32\msvcrt.dll
0x00007ffa501c0000 - 0x00007ffa50267000 	C:\WINDOWS\System32\sechost.dll
0x00007ffa4f730000 - 0x00007ffa4f848000 	C:\WINDOWS\System32\RPCRT4.dll
0x00007ffa4edf0000 - 0x00007ffa4efb5000 	C:\WINDOWS\System32\USER32.dll
0x00007ffa3c1b0000 - 0x00007ffa3c443000 	C:\WINDOWS\WinSxS\amd64_microsoft.windows.common-controls_6595b64144ccf1df_6.0.26100.8037_none_3e092faae333b53b\COMCTL32.dll
0x00007ffa4d2b0000 - 0x00007ffa4d2d7000 	C:\WINDOWS\System32\win32u.dll
0x00007ffa4e610000 - 0x00007ffa4e63b000 	C:\WINDOWS\System32\GDI32.dll
0x00007ffa4e360000 - 0x00007ffa4e48b000 	C:\WINDOWS\System32\gdi32full.dll
0x00007ffa4db50000 - 0x00007ffa4dbf3000 	C:\WINDOWS\System32\msvcp_win.dll
0x00007ffa47130000 - 0x00007ffa4713b000 	C:\WINDOWS\SYSTEM32\VERSION.dll
0x00007ffa50080000 - 0x00007ffa500b1000 	C:\WINDOWS\System32\IMM32.DLL
0x00007ffa35fa0000 - 0x00007ffa35fac000 	C:\Program Files\Java\jdk-21\bin\vcruntime140_1.dll
0x00007ffa32ae0000 - 0x00007ffa32b6e000 	C:\Program Files\Java\jdk-21\bin\msvcp140.dll
0x00007ffa31dc0000 - 0x00007ffa32ad8000 	C:\Program Files\Java\jdk-21\bin\server\jvm.dll
0x00007ffa505a0000 - 0x00007ffa50614000 	C:\WINDOWS\System32\WS2_32.dll
0x00007ffa4cfc0000 - 0x00007ffa4d01e000 	C:\WINDOWS\SYSTEM32\POWRPROF.dll
0x00007ffa470f0000 - 0x00007ffa47125000 	C:\WINDOWS\SYSTEM32\WINMM.dll
0x00007ffa4cfa0000 - 0x00007ffa4cfb4000 	C:\WINDOWS\SYSTEM32\UMPDC.dll
0x00007ffa4beb0000 - 0x00007ffa4becb000 	C:\WINDOWS\SYSTEM32\kernel.appcore.dll
0x00007ffa35f90000 - 0x00007ffa35f9a000 	C:\Program Files\Java\jdk-21\bin\jimage.dll
0x00007ffa40aa0000 - 0x00007ffa40ce2000 	C:\WINDOWS\SYSTEM32\DBGHELP.DLL
0x00007ffa4e640000 - 0x00007ffa4e9c2000 	C:\WINDOWS\System32\combase.dll
0x00007ffa4e9d0000 - 0x00007ffa4eaa7000 	C:\WINDOWS\System32\OLEAUT32.dll
0x00007ffa3b280000 - 0x00007ffa3b2bb000 	C:\WINDOWS\SYSTEM32\dbgcore.DLL
0x00007ffa4d140000 - 0x00007ffa4d1e5000 	C:\WINDOWS\System32\bcryptPrimitives.dll
0x00007ffa33440000 - 0x00007ffa3345f000 	C:\Program Files\Java\jdk-21\bin\java.dll

dbghelp: loaded successfully - version: 4.0.5 - missing functions: none
symbol engine: initialized successfully - sym options: 0x614 - pdb path: .;C:\Program Files\Java\jdk-21\bin;C:\WINDOWS\SYSTEM32;C:\WINDOWS\WinSxS\amd64_microsoft.windows.common-controls_6595b64144ccf1df_6.0.26100.8037_none_3e092faae333b53b;C:\Program Files\Java\jdk-21\bin\server

VM Arguments:
jvm_args: -Dorg.gradle.internal.worker.tmpdir=C:\Users\asus\Desktop\projet_benazouz\projet - Copie\build\tmp\test\work -Xmx512m -Dfile.encoding=UTF-8 -Duser.country=FR -Duser.language=fr -Duser.variant -ea 
java_command: worker.org.gradle.process.internal.worker.GradleWorkerMain 'Gradle Test Executor 1'
java_class_path (initial): C:\Users\asus\.gradle\caches\9.3.0\workerMain\gradle-worker.jar;C:\Users\asus\Desktop\projet_benazouz\projet - Copie\build\classes\java\test;C:\Users\asus\Desktop\projet_benazouz\projet - Copie\build\classes\java\main;C:\Users\asus\Desktop\projet_benazouz\projet - Copie\build\resources\main;C:\Users\asus\.gradle\caches\modules-2\files-2.1\org.springframework.boot\spring-boot-starter-data-jpa\4.0.2\9a0d38da3839a394509639490e6b9a359bfafdd6\spring-boot-starter-data-jpa-4.0.2.jar;C:\Users\asus\.gradle\caches\modules-2\files-2.1\org.springframework.boot\spring-boot-starter-security\4.0.2\a97d41ff391b6f55cba01d88234a61769f18e245\spring-boot-starter-security-4.0.2.jar;C:\Users\asus\.gradle\caches\modules-2\files-2.1\org.springframework.boot\spring-boot-starter-validation\4.0.2\f4f23a7ac8485d50ef613a2b06812fd0f43ee083\spring-boot-starter-validation-4.0.2.jar;C:\Users\asus\.gradle\caches\modules-2\files-2.1\org.springframework.boot\spring-boot-starter-test\4.0.2\7db044eeb1b61de514df1d129ab56e23cae4c08f\spring-boot-starter-test-4.0.2.jar;C:\Users\asus\.gradle\caches\modules-2\files-2.1\org.springframework.boot\spring-boot-starter-jdbc\4.0.2\efd302be4a4649886d65264cb919b124ade91d8f\spring-boot-starter-jdbc-4.0.2.jar;C:\Users\asus\.gradle\caches\modules-2\files-2.1\org.springframework.boot\spring-boot-starter-web\4.0.2\f4d2d262fd44b65469a1eb1e16717fb7680b16d9\spring-boot-starter-web-4.0.2.jar;C:\Users\asus\.gradle\caches\modules-2\files-2.1\org.springframework.boot\spring-boot-starter-jackson\4.0.2\9e75c7cb0b8ea189acb51cd2d2f25a165746b82b\spring-boot-starter-jackson-4.0.2.jar;C:\Users\asus\.gradle\caches\modules-2\files-2.1\org.springframework.boot\spring-boot-starter-tomcat\4.0.2\fbe3d2c53b91570c1570e3a6150df6373aa2aa93\spring-boot-starter-tomcat-4.0.2.jar;C:\Users\asus\.gradle\caches\modules-2\files-2.1\org.springframework.boot\spring-boot-starter\4.0.2\d31987d4c1f6af48db2a53605829780365354e85\spring-boot-starter-4.0.2.jar;C:\Users\asus\.gradle\caches\modules-2\files-2.1\io.jsonwebtoken\jjwt-impl\0.12.3\e850d2b3f53bd82355cd9ee1c471054aa602b320\jjwt-impl-0.12.3.jar;C:\Users\asus\.gradle\caches\modules-2\files-2.1\io.jsonwebtoken\jjwt-jackson\0.12.3\5e6d0e45441547d892d3273a4ce5dd042e91d162\jjwt-jackson-0.12.3.jar;C:\Users\asus\.gradle\caches\modules-2\files-2.1\io.jsonwebtoken\jjwt-api\0.12.3\30b7de9176d17fa347eef14b85480825dab76b58\jjwt-api-0.12.3.jar;C:\Users\asus\.gradle\caches\modules-2\files-2.1\com.mysql\mysql-connector-j\9.5.0\64153d7488bbf25c040f3b0f004177bc05b36b22\mysql-connector-j-9.5.0.jar;C:\Users\asus\.gradle\caches\modules-2\files-2.1\org.springframework.security\spring-security-test\7.0.2\9dd3125c328c046fc68f322e82ef26b9107739e\spring-security-test-7.0.2.jar;C:\Users\asus\.gradle\caches\modules-2\files-2.1\org.junit.jupiter\junit-jupiter\6.0.2\4178f527c0925fd5f5bc4995d226535f0a05abde\junit-jupiter-6.0.2.jar;C:\Users\asus\.gradle\caches\modules-2\files-2.1\org.junit.jupiter\junit-jupiter-engine\6.0.2\d2beca8e9e15c7f11898ce6f368450f95f2d3d94\junit-jupiter-engine-6.0.2.jar;C:\Users\asus\.gradle\caches\modules-2\files-2.1\org.junit.platform\junit-platform-engine\6.0.2\d652eea045999c54c5edc4fbf04e4612f9bf1421\junit-platform-engine-6.0.2.jar;C:\Users\asus\.gradle\caches\modules-2\files-2.1\org.mockito\mockito-junit-jupiter\5.20.0\58ed6603af5f8f53886d49be00264a3fdd1278d5\mockito-junit-jupiter-5.20.0.jar;C:\Users\asus\.gradle\caches\modules-2\files-2.1\org.junit.jupiter\junit-jupiter-params\6.0.2\960b882fd207c962066024b251699f2ca269dfac\junit-jupiter-params-6.0.2.jar;C:\Users\asus\.gradle\caches\modules-2\files-2.1\org.junit.jupiter\junit-jupiter-api\6.0.2\dc0f97bba32fe8c18c53b7435f16c497650725ba\junit-jupiter-api-6.0.2.jar;C:\Users\asus\.gradle\caches\modules-2\files-2.1\org.junit.platform\junit-platform-commons\6.0.2\8362b066c5ffd81ce59154f988e3a91f4a5578af\junit-platform-commons-6.0.2.jar;C:\Users\asus\.gradle\caches\modules-2\files-2.1\org.junit.platform\junit-platform-launcher\6.0.2\5e3a4f00d15162299a901bb3b1c1c328d580f046\junit-platform-launcher-6.0.2.jar;C:\Users\asus\.gradle\caches\modules-2\files-2.1\org.springframework.boot\spring-boot-starter-logging\4.0.2\96f2e505eb788327b3b170bf965427eecb0717f\spring-boot-starter-logging-4.0.2.jar;C:\Users\asus\.gradle\caches\modules-2\files-2.1\org.springframework.boot\spring-boot-autoconfigure\4.0.2\ce065b8656d0d5cdf845f1d03244f7199af806e8\spring-boot-autoconfigure-4.0.2.jar;C:\Users\asus\.gradle\caches\modules-2\files-2.1\org.springframework.boot\spring-boot-data-jpa\4.0.2\9764a8f9597078e4d1a04ee9cb7622ce5ef7ebf7\spring-boot-data-jpa-4.0.2.jar;C:\Users\asus\.gradle\caches\modules-2\files-2.1\org.springframework.data\spring-data-jpa\4.0.2\e59f0e479f49b4754b6c1cbb845534978fe2893c\spring-data-jpa-4.0.2.jar;C:\Users\asus\.gradle\caches\modules-2\files-2.1\org.springframework.boot\spring-boot-starter-tomcat-runtime\4.0.2\1721a88cfff65f7589b8078fa83722da787112a0\spring-boot-starter-tomcat-runtime-4.0.2.jar;C:\Users\asus\.gradle\caches\modules-2\files-2.1\org.springframework.boot\spring-boot-tomcat\4.0.2\11d5828b1a9efb6e256f145b1107cc46b64d41a\spring-boot-tomcat-4.0.2.jar;C:\Users\asus\.gradle\caches\modules-2\files-2.1\jakarta.annotation\jakarta.annotation-api\3.0.0\54f928fadec906a99d558536756d171917b9d936\jakarta.annotation-api-3.0.0.jar;C:\Users\asus\.gradle\caches\modules-2\files-2.1\org.yaml\snakeyaml\2.5\2d53ddec134280cb384c1e35d094e5f71c1f2316\snakeyaml-2.5.jar;C:\Users\asus\.gradle\caches\modules-2\files-2.1\org.springframework.boot\spring-boot-hibernate\4.0.2\f0d9e86181d0309e8fc0a691ff7ebc002f44044c\spring-boot-hibernate-4.0.2.jar;C:\Users\asus\.gradle\caches\modules-2\files-2.1\org.springframework.boot\spring-boot-jpa\4.0.2\8d720db0abba952808748f4e6afee8b36932e1ac\spring-boot-jpa-4.0.2.jar;C:\Users\asus\.gradle\caches\modules-2\files-2.1\org.springframework.boot\spring-boot-jdbc\4.0.2\7943e2876d6c214eefb13d4fa4af806d5efc4204\spring-boot-jdbc-4.0.2.jar;C:\Users\asus\.gradle\caches\modules-2\files-2.1\org.springframework.boot\spring-boot-webmvc\4.0.2\38e00eed171a003cd00ca1f55a453e0cc8c5529e\spring-boot-webmvc-4.0.2.jar;C:\Users\asus\.gradle\caches\modules-2\files-2.1\org.springframework.boot\spring-boot-http-converter\4.0.2\672071db26ae74b433505a3d52e45cf6effcff70\spring-boot-http-converter-4.0.2.jar;C:\Users\asus\.gradle\caches\modules-2\files-2.1\org.springframework.boot\spring-boot-security\4.0.2\8ff521bd19eb12588cde547150ca1a26c6a98db4\spring-boot-security-4.0.2.jar;C:\Users\asus\.gradle\caches\modules-2\files-2.1\org.springframework.security\spring-security-web\7.0.2\8d55b2164a866d932031b77ce21fed35a4a3bfe0\spring-security-web-7.0.2.jar;C:\Users\asus\.gradle\caches\modules-2\files-2.1\org.springframework.security\spring-security-config\7.0.2\d15ffd7762c07248e43ee153e27362e89ff8c6b4\spring-security-config-7.0.2.jar;C:\Users\asus\.gradle\caches\modules-2\files-2.1\org.springframework.security\spring-security-core\7.0.2\40317c3763917b061b912bd381bf8016e38eebde\spring-security-core-7.0.2.jar;C:\Users\asus\.gradle\caches\modules-2\files-2.1\org.springframework\spring-webmvc\7.0.3\8ceb3c7d21b317e87be72c0ba61fcab46b992b29\spring-webmvc-7.0.3.jar;C:\Users\asus\.gradle\caches\modules-2\files-2.1\org.springframework.boot\spring-boot-validation\4.0.2\f10acba71e076b3d3606ef334fe8d55de107cd2a\spring-boot-validation-4.0.2.jar;C:\Users\asus\.gradle\caches\modules-2\files-2.1\org.springframework.boot\spring-boot-test-autoconfigure\4.0.2\5d54635e17fe634f17684bec118a9d22325e6111\spring-boot-test-autoconfigure-4.0.2.jar;C:\Users\asus\.gradle\caches\modules-2\files-2.1\org.springframework.boot\spring-boot-test\4.0.2\bd0fea465cd9763ab0dc78cd622a581e1e24c038\spring-boot-test-4.0.2.jar;C:\Users\asus\.gradle\caches\modules-2\files-2.1\org.springframework.boot\spring-boot-data-commons\4.0.2\6d3335e2fe45e4b97eb4f43440643e109e3b5cf9\spring-boot-data-commons-4.0.2.jar;C:\Users\asus\.gradle\caches\modules-2\files-2.1\org.springframework.boot\spring-boot-sql\4.0.2\4261e51e004e30c1665aea02d6bc25f980954045\spring-boot-sql-4.0.2.jar;C:\Users\asus\.gradle\caches\modules-2\files-2.1\org.springframework.boot\spring-boot-transaction\4.0.2\44419ec1117ee2b0309bb904ccb26a285162e888\spring-boot-transaction-4.0.2.jar;C:\Users\asus\.gradle\caches\modules-2\files-2.1\org.springframework.boot\spring-boot-jackson\4.0.2\549b2611516613132380ba746326cf2222474c77\spring-boot-jackson-4.0.2.jar;C:\Users\asus\.gradle\caches\modules-2\files-2.1\org.springframework.boot\spring-boot-servlet\4.0.2\5cc904d6830095195c1d72b9425c670f45c9aaad\spring-boot-servlet-4.0.2.jar;C:\Users\asus\.gradle\caches\modules-2\files-2.1\org.springframework.boot\spring-boot-persistence\4.0.2\2a208820229627230468e49f2742fa990e1319b1\spring-boot-persistence-4.0.2.jar;C:\Users\asus\.gradle\caches\modules-2\files-2.1\org.springframework.boot\spring-boot-web-server\4.0.2\1cfc0adecf312f1d94a837d7a3adabe9ae8b5594\spring-boot-web-server-4.0.2.jar;C:\Users\asus\.gradle\caches\modules-2\files-2.1\org.springframework.boot\spring-boot\4.0.2\577e8d07510cf827be02b0dcd080356978b11616\spring-boot-4.0.2.jar;C:\Users\asus\.gradle\caches\modules-2\files-2.1\org.springframework\spring-context\7.0.3\cea94cbc6244f0b4632cb4bb7608a1e4fab8afea\spring-context-7.0.3.jar;C:\Users\asus\.gradle\caches\modules-2\files-2.1\org.springframework\spring-aop\7.0.3\b5eb117b9e8a84075a3db6e7e52ef2bc7b54163f\spring-aop-7.0.3.jar;C:\Users\asus\.gradle\caches\modules-2\files-2.1\com.fasterxml.jackson.core\jackson-core\2.20.2\615d3bd6d47b569e93d2ad45423f93ca9b002d73\jackson-core-2.20.2.jar;C:\Users\asus\.gradle\caches\modules-2\files-2.1\com.fasterxml.jackson.core\jackson-databind\2.20.2\257229ed4142d1b01a46b71105fd016e9cf7063e\jackson-databind-2.20.2.jar;C:\Users\asus\.gradle\caches\modules-2\files-2.1\com.jayway.jsonpath\json-path\2.10.0\e1a0b2e6db75401181c9c1c64c6d155ca5c6d608\json-path-2.10.0.jar;C:\Users\asus\.gradle\caches\modules-2\files-2.1\org.hibernate.orm\hibernate-core\7.2.1.Final\f51fc8e618bce4aeab0e848e84e6fa4e22a2cb64\hibernate-core-7.2.1.Final.jar;C:\Users\asus\.gradle\caches\modules-2\files-2.1\org.glassfish.jaxb\jaxb-runtime\4.0.6\fb95ebb62564657b2fedfe165b859789ef3a8711\jaxb-runtime-4.0.6.jar;C:\Users\asus\.gradle\caches\modules-2\files-2.1\org.glassfish.jaxb\jaxb-core\4.0.6\8e61282303777fc98a00cc3affd0560d68748a75\jaxb-core-4.0.6.jar;C:\Users\asus\.gradle\caches\modules-2\files-2.1\jakarta.xml.bind\jakarta.xml.bind-api\4.0.4\d6d2327f3817d9a33a3b6b8f2e15a96bc2e7afdc\jakarta.xml.bind-api-4.0.4.jar;C:\Users\asus\.gradle\caches\modules-2\files-2.1\net.minidev\json-smart\2.6.0\5f858a43a325a8673da6869ab2bc787a1bcb2244\json-smart-2.6.0.jar;C:\Users\asus\.gradle\caches\modules-2\files-2.1\org.assertj\assertj-core\3.27.6\8f34ccd6808899ad1d0aac6a770b73191f2f2a53\assertj-core-3.27.6.jar;C:\Users\asus\.gradle\caches\modules-2\files-2.1\org.awaitility\awaitility\4.3.0\f0c0bc1e404e500bab3f498b922eaedeae1c0207\awaitility-4.3.0.jar;C:\Users\asus\.gradle\caches\modules-2\files-2.1\org.hamcrest\hamcrest\3.0\8fd9b78a8e6a6510a078a9e30e9e86a6035cfaf7\hamcrest-3.0.jar;C:\Users\asus\.gradle\caches\modules-2\files-2.1\org.mockito\mockito-core\5.20.0\a32f446f38acf636363c5693db6498047731b9e0\mockito-core-5.20.0.jar;C:\Users\asus\.gradle\caches\modules-2\files-2.1\org.skyscreamer\jsonassert\1.5.3\aaa43e0823d2a0e106e8754d6a9c4ab24e05e9bc\jsonassert-1.5.3.jar;C:\Users\asus\.gradle\caches\modules-2\files-2.1\org.springframework\spring-test\7.0.3\1dca5b5694c352f0fc11a5f33a568e1017d06119\spring-test-7.0.3.jar;C:\Users\asus\.gradle\caches\modules-2\files-2.1\org.springframework\spring-orm\7.0.3\e082a6e2548b3dbd918d4d8ee67572a330087aa1\spring-orm-7.0.3.jar;C:\Users\asus\.gradle\caches\modules-2\files-2.1\org.springframework\spring-jdbc\7.0.3\2027c81e12ec380ece0148b7afb59ce11b6762a6\spring-jdbc-7.0.3.jar;C:\Users\asus\.gradle\caches\modules-2\files-2.1\org.springframework\spring-web\7.0.3\3bcdb4075e17a56b148f69fe0d83a4c0662d9258\spring-web-7.0.3.jar;C:\Users\asus\.gradle\caches\modules-2\files-2.1\org.springframework.data\spring-data-commons\4.0.2\833a27ea75a6b41786f7dc959fea24c00bfc46fd\spring-data-commons-4.0.2.jar;C:\Users\asus\.gradle\caches\modules-2\files-2.1\org.springframework\spring-tx\7.0.3\20da860c4c795f5c9f5dd1f3b2dbc4518cd724a6\spring-tx-7.0.3.jar;C:\Users\asus\.gradle\caches\modules-2\files-2.1\org.springframework\spring-beans\7.0.3\b3b43093088fe139d78643bcfe8ee9374a0dd892\spring-beans-7.0.3.jar;C:\Users\asus\.gradle\caches\modules-2\files-2.1\org.springframework\spring-expression\7.0.3\3fbdf8dc6a84d1f2c43c48c97e8220f29fab19d6\spring-expression-7.0.3.jar;C:\Users\asus\.gradle\caches\modules-2\files-2.1\org.springframework\spring-core\7.0.3\2072a89e347c63567a83349eb5908131ce6ea601\spring-core-7.0.3.jar;C:\Users\asus\.gradle\caches\modules-2\files-2.1\org.xmlunit\xmlunit-core\2.10.4\eff1eddcdb52fdeaa7e28ca68301db49361d8bec\xmlunit-core-2.10.4.jar;C:\Users\asus\.gradle\caches\modules-2\files-2.1\ch.qos.logback\logback-classic\1.5.25\20c4bbe98fb58f50ee1ca6befd7e7731f13a19d3\logback-classic-1.5.25.jar;C:\Users\asus\.gradle\caches\modules-2\files-2.1\org.apache.logging.log4j\log4j-to-slf4j\2.25.3\30adfb40cca243ec88cf7ec1fddb411ab55faa4f\log4j-to-slf4j-2.25.3.jar;C:\Users\asus\.gradle\caches\modules-2\files-2.1\org.slf4j\jul-to-slf4j\2.0.17\524cb6ccc2b68a57604750e1ab8b13b5a786a6aa\jul-to-slf4j-2.0.17.jar;C:\Users\asus\.gradle\caches\modules-2\files-2.1\com.zaxxer\HikariCP\7.0.2\c2b43c946b86a14a96342379e22b004c56c6166d\HikariCP-7.0.2.jar;C:\Users\asus\.gradle\caches\modules-2\files-2.1\org.springframework\spring-aspects\7.0.3\f457f2a458f24ce92abc8f9874e975e301c995e\spring-aspects-7.0.3.jar;C:\Users\asus\.gradle\caches\modules-2\files-2.1\org.apache.tomcat.embed\tomcat-embed-el\11.0.15\f20bc5f17baa18abeca76a640ad774d6f80a265b\tomcat-embed-el-11.0.15.jar;C:\Users\asus\.gradle\caches\modules-2\files-2.1\org.hibernate.validator\hibernate-validator\9.0.1.Final\28c0e41ecc84d1f0b8b6d81d16e0784e63364e68\hibernate-validator-9.0.1.Final.jar;C:\Users\asus\.gradle\caches\modules-2\files-2.1\tools.jackson.core\jackson-core\3.0.4\c5be0f5814e161030c29fc48b92c27331729ab7f\jackson-core-3.0.4.jar;C:\Users\asus\.gradle\caches\modules-2\files-2.1\tools.jackson.core\jackson-databind\3.0.4\b5f818b0b9c79d344aede4b87064cc0e323f9ef2\jackson-databind-3.0.4.jar;C:\Users\asus\.gradle\caches\modules-2\files-2.1\com.fasterxml.jackson.core\jackson-annotations\2.20\6a5e7291ea3f2b590a7ce400adb7b3aea4d7e12c\jackson-annotations-2.20.jar;C:\Users\asus\.gradle\caches\modules-2\files-2.1\org.slf4j\slf4j-api\2.0.17\d9e58ac9c7779ba3bf8142aff6c830617a7fe60f\slf4j-api-2.0.17.jar;C:\Users\asus\.gradle\caches\modules-2\files-2.1\org.eclipse.angus\angus-activation\2.0.3\7f80607ea5014fef0b1779e6c33d63a88a45a563\angus-activation-2.0.3.jar;C:\Users\asus\.gradle\caches\modules-2\files-2.1\jakarta.activation\jakarta.activation-api\2.1.4\9e5c2a0d75dde71a0bedc4dbdbe47b78a5dc50f8\jakarta.activation-api-2.1.4.jar;C:\Users\asus\.gradle\caches\modules-2\files-2.1\net.minidev\accessors-smart\2.6.0\2d96f1d9b6ab7f13261aa81b15703574185747a0\accessors-smart-2.6.0.jar;C:\Users\asus\.gradle\caches\modules-2\files-2.1\net.bytebuddy\byte-buddy\1.17.8\af5735f63d00ca47a9375fae5c7471a36331c6ed\byte-buddy-1.17.8.jar;C:\Users\asus\.gradle\caches\modules-2\files-2.1\net.bytebuddy\byte-buddy-agent\1.17.8\f09415827a71be7ed621c7bd02550678f28bc81c\byte-buddy-agent-1.17.8.jar;C:\Users\asus\.gradle\caches\modules-2\files-2.1\org.objenesis\objenesis\3.3\1049c09f1de4331e8193e579448d0916d75b7631\objenesis-3.3.jar;C:\Users\asus\.gradle\caches\modules-2\files-2.1\com.vaadin.external.google\android-json\0.0.20131108.vaadin1\fa26d351fe62a6a17f5cda1287c1c6110dec413f\android-json-0.0.20131108.vaadin1.jar;C:\Users\asus\.gradle\caches\modules-2\files-2.1\commons-logging\commons-logging\1.3.5\a3fcc5d3c29b2b03433aa2d2f2d2c1b1638924a1\commons-logging-1.3.5.jar;C:\Users\asus\.gradle\caches\modules-2\files-2.1\io.micrometer\micrometer-observation\1.16.2\c076389e612fe3702628527c21a13743acafddfc\micrometer-observation-1.16.2.jar;C:\Users\asus\.gradle\caches\modules-2\files-2.1\io.micrometer\micrometer-commons\1.16.2\58670637cb6e0c5fc855950fed827149779da226\micrometer-commons-1.16.2.jar;C:\Users\asus\.gradle\caches\modules-2\files-2.1\org.jspecify\jspecify\1.0.0\7425a601c1c7ec76645a78d22b8c6a627edee507\jspecify-1.0.0.jar;C:\Users\asus\.gradle\caches\modules-2\files-2.1\org.springframework.security\spring-security-crypto\7.0.2\8cec3433f111e21d6349a9788a1efcf547b8db03\spring-security-crypto-7.0.2.jar;C:\Users\asus\.gradle\caches\modules-2\files-2.1\org.opentest4j\opentest4j\1.3.0\152ea56b3a72f655d4fd677fc0ef2596c3dd5e6e\opentest4j-1.3.0.jar;C:\Users\asus\.gradle\caches\modules-2\files-2.1\ch.qos.logback\logback-core\1.5.25\137f4ae0af7acaa0f9600a2ca18ddc9f3a0b899b\logback-core-1.5.25.jar;C:\Users\asus\.gradle\caches\modules-2\files-2.1\org.apache.logging.log4j\log4j-api\2.25.3\fb385330d89c2d61058ef649403f214633569205\log4j-api-2.25.3.jar;C:\Users\asus\.gradle\caches\modules-2\files-2.1\org.antlr\antlr4-runtime\4.13.2\fc3db6d844df652a3d5db31c87fa12757f13691d\antlr4-runtime-4.13.2.jar;C:\Users\asus\.gradle\caches\modules-2\files-2.1\org.aspectj\aspectjweaver\1.9.25.1\a713c790da4d794c7dfb542b550d4e44898d5e23\aspectjweaver-1.9.25.1.jar;C:\Users\asus\.gradle\caches\modules-2\files-2.1\org.apache.tomcat.embed\tomcat-embed-websocket\11.0.15\4c0eced7d97fe8404c722d5ff02757a05a6d5033\tomcat-embed-websocket-11.0.15.jar;C:\Users\asus\.gradle\caches\modules-2\files-2.1\org.apache.tomcat.embed\tomcat-embed-core\11.0.15\aa20506537e3efa61afd6b57d79f9da6a55f37ae\tomcat-embed-core-11.0.15.jar;C:\Users\asus\.gradle\caches\modules-2\files-2.1\jakarta.validation\jakarta.validation-api\3.1.1\ec8622148afc5564235d17af80ea80288d0e7f92\jakarta.validation-api-3.1.1.jar;C:\Users\asus\.gradle\caches\modules-2\files-2.1\org.hibernate.models\hibernate-models\1.0.1\3158c5f9309494b905de62c72f6f02d108aea651\hibernate-models-1.0.1.jar;C:\Users\asus\.gradle\caches\modules-2\files-2.1\org.jboss.logging\jboss-logging\3.6.1.Final\886afbb445b4016a37c8960a7aef6ebd769ce7e5\jboss-logging-3.6.1.Final.jar;C:\Users\asus\.gradle\caches\modules-2\files-2.1\com.fasterxml\classmate\1.7.3\f61c7e7b81e9249b0f6a05914eff9d54fb09f4a0\classmate-1.7.3.jar;C:\Users\asus\.gradle\caches\modules-2\files-2.1\org.ow2.asm\asm\9.7.1\f0ed132a49244b042cd0e15702ab9f2ce3cc8436\asm-9.7.1.jar;C:\Users\asus\.gradle\caches\modules-2\files-2.1\jakarta.persistence\jakarta.persistence-api\3.2.0\bb75a113f3fa191c2c7ee7b206d8e674251b3129\jakarta.persistence-api-3.2.0.jar;C:\Users\asus\.gradle\caches\modules-2\files-2.1\jakarta.transaction\jakarta.transaction-api\2.0.1\51a520e3fae406abb84e2e1148e6746ce3f80a1a\jakarta.transaction-api-2.0.1.jar;C:\Users\asus\.gradle\caches\modules-2\files-2.1\jakarta.inject\jakarta.inject-api\2.0.1\4c28afe1991a941d7702fe1362c365f0a8641d1e\jakarta.inject-api-2.0.1.jar;C:\Users\asus\.gradle\caches\modules-2\files-2.1\org.glassfish.jaxb\txw2\4.0.6\4f4cd53b5ff9a2c5aa1211f15ed2569c57dfb044\txw2-4.0.6.jar;C:\Users\asus\.gradle\caches\modules-2\files-2.1\com.sun.istack\istack-commons-runtime\4.1.2\18ec117c85f3ba0ac65409136afa8e42bc74e739\istack-commons-runtime-4.1.2.jar
Launcher Type: SUN_STANDARD

[Global flags]
     intx CICompilerCount                          = 4                                         {product} {ergonomic}
     uint ConcGCThreads                            = 2                                         {product} {ergonomic}
     uint G1ConcRefinementThreads                  = 8                                         {product} {ergonomic}
   size_t G1HeapRegionSize                         = 1048576                                   {product} {ergonomic}
    uintx GCDrainStackTargetSize                   = 64                                        {product} {ergonomic}
   size_t InitialHeapSize                          = 100663296                                 {product} {ergonomic}
   size_t MarkStackSize                            = 4194304                                   {product} {ergonomic}
   size_t MaxHeapSize                              = 536870912                                 {product} {command line}
   size_t MinHeapDeltaBytes                        = 1048576                                   {product} {ergonomic}
   size_t MinHeapSize                              = 8388608                                   {product} {ergonomic}
    uintx NonNMethodCodeHeapSize                   = 5839372                                {pd product} {ergonomic}
    uintx NonProfiledCodeHeapSize                  = 122909434                              {pd product} {ergonomic}
    uintx ProfiledCodeHeapSize                     = 122909434                              {pd product} {ergonomic}
    uintx ReservedCodeCacheSize                    = 251658240                              {pd product} {ergonomic}
     bool SegmentedCodeCache                       = true                                      {product} {ergonomic}
   size_t SoftMaxHeapSize                          = 536870912                              {manageable} {ergonomic}
     bool UseCompressedOops                        = true                           {product lp64_product} {ergonomic}
     bool UseG1GC                                  = true                                      {product} {ergonomic}
     bool UseLargePagesIndividualAllocation        = false                                  {pd product} {ergonomic}

Logging:
Log output configuration:
 #0: stdout all=warning uptime,level,tags foldmultilines=false
 #1: stderr all=off uptime,level,tags foldmultilines=false

Environment Variables:
JAVA_HOME=C:\Program Files\Java\jdk-21.
PATH=C:\Program Files\Common Files\Oracle\Java\javapath;C:\WINDOWS\system32;C:\WINDOWS;C:\WINDOWS\System32\Wbem;C:\WINDOWS\System32\WindowsPowerShell\v1.0\;C:\WINDOWS\System32\OpenSSH\;C:\Program Files\TortoiseGit\bin;C:\Program Files\Git\cmd;C:\Program Files\nodejs\;C:\Program Files\Go\bin;C:\Program Files\MongoDB\Server\8.0\bin;C:\Users\asus\Downloads\gradle-8.13-bin\gradle-8.13\bin;;C:\Program Files\Docker\Docker\resources\bin;C:\Users\asus\anaconda3;C:\Users\asus\anaconda3\Library\mingw-w64\bin;C:\Users\asus\anaconda3\Library\usr\bin;C:\Users\asus\anaconda3\Library\bin;C:\Users\asus\anaconda3\Scripts;C:\Users\asus\AppData\Local\Programs\Python\Python39\Scripts\;C:\Users\asus\AppData\Local\Programs\Python\Python39\;C:\Users\asus\AppData\Local\Microsoft\WindowsApps;C:\Users\asus\Desktop\Microsoft VS Code\bin;C:\Users\asus\AppData\Roaming\npm;C:\Users\asus\go\bin;C:\Program Files\Apache\Maven\bin;C:\Users\asus\AppData\Local\Programs\mongosh\;C:\Users\asus\AppData\Local\Programs\Antigravity\bin
USERNAME=asus
OS=Windows_NT
PROCESSOR_IDENTIFIER=AMD64 Family 23 Model 24 Stepping 1, AuthenticAMD
TMP=C:\Users\asus\AppData\Local\Temp
TEMP=C:\Users\asus\AppData\Local\Temp




Periodic native trim disabled

---------------  S Y S T E M  ---------------

OS:
 Windows 11 , 64 bit Build 26100 (10.0.26100.7920)
OS uptime: 0 days 10:59 hours
Hyper-V role detected

CPU: total 8 (initial active 8) (8 cores per cpu, 2 threads per core) family 23 model 24 stepping 1 microcode 0x8108102, cx8, cmov, fxsr, ht, mmx, 3dnowpref, sse, sse2, sse3, ssse3, sse4a, sse4.1, sse4.2, popcnt, lzcnt, tsc, tscinvbit, avx, avx2, aes, clmul, bmi1, bmi2, adx, sha, fma, vzeroupper, clflush, clflushopt, hv, rdtscp, f16c
Processor Information for all 8 processors :
  Max Mhz: 2100, Current Mhz: 2100, Mhz Limit: 2100

Memory: 4k page, system-wide physical 6091M (464M free)
TotalPageFile size 21660M (AvailPageFile size 71M)
current process WorkingSet (physical memory assigned to process): 12M, peak: 12M
current process commit charge ("private bytes"): 60M, peak: 155M

vm_info: Java HotSpot(TM) 64-Bit Server VM (21.0.5+9-LTS-239) for windows-amd64 JRE (21.0.5+9-LTS-239), built on 2024-09-30T05:17:38Z by "mach5one" with MS VC++ 17.6 (VS2022)

END.
