#
# There is insufficient memory for the Java Runtime Environment to continue.
# Native memory allocation (malloc) failed to allocate 243136 bytes for Chunk::new
# Possible reasons:
#   The system is out of physical RAM or swap space
#   The process is running with CompressedOops enabled, and the Java Heap may be blocking the growth of the native heap
# Possible solutions:
#   Reduce memory load on the system
#   Increase physical memory or swap space
#   Check if swap backing store is full
#   Decrease Java heap size (-Xmx/-Xms)
#   Decrease number of Java threads
#   Decrease Java thread stack sizes (-Xss)
#   Set larger code cache with -XX:ReservedCodeCacheSize=
#   JVM is running with Unscaled Compressed Oops mode in which the Java heap is
#     placed in the first 4GB address space. The Java Heap base address is the
#     maximum limit for the native heap growth. Please use -XX:HeapBaseMinAddress
#     to set the Java Heap base and to place the Java Heap above 4GB virtual address.
# This output file may be truncated or incomplete.
#
#  Out of Memory Error (arena.cpp:168), pid=14828, tid=4428
#
# JRE version: Java(TM) SE Runtime Environment (21.0.5+9) (build 21.0.5+9-LTS-239)
# Java VM: Java HotSpot(TM) 64-Bit Server VM (21.0.5+9-LTS-239, mixed mode, sharing, tiered, compressed oops, compressed class ptrs, g1 gc, windows-amd64)
# No core dump will be written. Minidumps are not enabled by default on client versions of Windows
#

---------------  S U M M A R Y ------------

Command Line: -Xmx64m -Xms64m -Dorg.gradle.appname=gradlew C:\Users\asus\Desktop\projet_benazouz\projet\\gradle\wrapper\gradle-wrapper.jar bootRun

Host: AMD Ryzen 5 3500U with Radeon Vega Mobile Gfx  , 8 cores, 5G,  Windows 11 , 64 bit Build 26100 (10.0.26100.7920)
Time: Thu Mar 12 11:19:01 2026 Paris, Madrid elapsed time: 3609.061707 seconds (0d 1h 0m 9s)

---------------  T H R E A D  ---------------

Current thread (0x0000029423ce5910):  JavaThread "C2 CompilerThread0" daemon [_thread_in_native, id=4428, stack(0x000000f663c00000,0x000000f663d00000) (1024K)]


Current CompileTask:
C2:3609062 2599 %     4       org.gradle.internal.logging.text.AbstractLineChoppingStyledTextOutput::doAppend @ 10 (43 bytes)

Stack: [0x000000f663c00000,0x000000f663d00000]
Native frames: (J=compiled Java code, j=interpreted, Vv=VM code, C=native code)
V  [jvm.dll+0x6ca289]
V  [jvm.dll+0x854a51]
V  [jvm.dll+0x856f7e]
V  [jvm.dll+0x857653]
V  [jvm.dll+0x27dd26]
V  [jvm.dll+0xc4c2d]
V  [jvm.dll+0xc5163]
V  [jvm.dll+0x2f0ccd]
V  [jvm.dll+0x5f4ffa]
V  [jvm.dll+0x24f882]
V  [jvm.dll+0x247fae]
V  [jvm.dll+0x245de4]
V  [jvm.dll+0x1c6d0e]
V  [jvm.dll+0x2554d9]
V  [jvm.dll+0x253a6a]
V  [jvm.dll+0x3ee136]
V  [jvm.dll+0x7fee9b]
V  [jvm.dll+0x6c896d]
C  [ucrtbase.dll+0x37b0]
C  [KERNEL32.DLL+0x2e8d7]
C  [ntdll.dll+0x8c48c]


---------------  P R O C E S S  ---------------

Threads class SMR info:
_java_thread_list=0x000002946a1c72d0, length=12, elements={
0x0000029409a69660, 0x0000029423cc2b40, 0x0000029423cc51b0, 0x0000029423cc8f00,
0x0000029423cc9560, 0x0000029423cd2c60, 0x0000029423cd4040, 0x0000029423ce5910,
0x0000029423cec920, 0x00000294690c4890, 0x00000294690cd330, 0x0000029469dc6d70
}

Java Threads: ( => current thread )
  0x0000029409a69660 JavaThread "main"                              [_thread_blocked, id=15284, stack(0x000000f662e00000,0x000000f662f00000) (1024K)]
  0x0000029423cc2b40 JavaThread "Reference Handler"          daemon [_thread_blocked, id=22140, stack(0x000000f663600000,0x000000f663700000) (1024K)]
  0x0000029423cc51b0 JavaThread "Finalizer"                  daemon [_thread_blocked, id=27608, stack(0x000000f663700000,0x000000f663800000) (1024K)]
  0x0000029423cc8f00 JavaThread "Signal Dispatcher"          daemon [_thread_blocked, id=24244, stack(0x000000f663800000,0x000000f663900000) (1024K)]
  0x0000029423cc9560 JavaThread "Attach Listener"            daemon [_thread_blocked, id=23164, stack(0x000000f663900000,0x000000f663a00000) (1024K)]
  0x0000029423cd2c60 JavaThread "Service Thread"             daemon [_thread_blocked, id=26936, stack(0x000000f663a00000,0x000000f663b00000) (1024K)]
  0x0000029423cd4040 JavaThread "Monitor Deflation Thread"   daemon [_thread_blocked, id=27020, stack(0x000000f663b00000,0x000000f663c00000) (1024K)]
=>0x0000029423ce5910 JavaThread "C2 CompilerThread0"         daemon [_thread_in_native, id=4428, stack(0x000000f663c00000,0x000000f663d00000) (1024K)]
  0x0000029423cec920 JavaThread "C1 CompilerThread0"         daemon [_thread_blocked, id=20432, stack(0x000000f663d00000,0x000000f663e00000) (1024K)]
  0x00000294690c4890 JavaThread "Notification Thread"        daemon [_thread_blocked, id=5460, stack(0x000000f663e00000,0x000000f663f00000) (1024K)]
  0x00000294690cd330 JavaThread "Common-Cleaner"             daemon [_thread_blocked, id=16584, stack(0x000000f663f00000,0x000000f664000000) (1024K)]
  0x0000029469dc6d70 JavaThread "Thread-0"                          [_thread_in_vm, id=31692, stack(0x000000f662c00000,0x000000f662d00000) (1024K)]
Total: 12

Other Threads:
  0x0000029409b1bad0 VMThread "VM Thread"                           [id=27140, stack(0x000000f663500000,0x000000f663600000) (1024K)] _threads_hazard_ptr=0x000002946a1c72d0
  0x0000029409b07b50 WatcherThread "VM Periodic Task Thread"        [id=7004, stack(0x000000f663400000,0x000000f663500000) (1024K)]
  0x0000029409a827b0 WorkerThread "GC Thread#0"                     [id=19524, stack(0x000000f662f00000,0x000000f663000000) (1024K)]
  0x00000294692d0b60 WorkerThread "GC Thread#1"                     [id=26508, stack(0x000000f664100000,0x000000f664200000) (1024K)]
  0x00000294692076d0 WorkerThread "GC Thread#2"                     [id=25476, stack(0x000000f664200000,0x000000f664300000) (1024K)]
  0x00000294692faa20 WorkerThread "GC Thread#3"                     [id=23428, stack(0x000000f664300000,0x000000f664400000) (1024K)]
  0x0000029469ac3770 WorkerThread "GC Thread#4"                     [id=19712, stack(0x000000f664400000,0x000000f664500000) (1024K)]
  0x0000029469f25280 WorkerThread "GC Thread#5"                     [id=12368, stack(0x000000f664500000,0x000000f664600000) (1024K)]
  0x0000029469f76db0 WorkerThread "GC Thread#6"                     [id=19832, stack(0x000000f664600000,0x000000f664700000) (1024K)]
  0x0000029469f77150 WorkerThread "GC Thread#7"                     [id=8908, stack(0x000000f664700000,0x000000f664800000) (1024K)]
  0x0000029409a83ea0 ConcurrentGCThread "G1 Main Marker"            [id=27792, stack(0x000000f663000000,0x000000f663100000) (1024K)]
  0x0000029409a86ee0 WorkerThread "G1 Conc#0"                       [id=27992, stack(0x000000f663100000,0x000000f663200000) (1024K)]
  0x0000029409af39f0 ConcurrentGCThread "G1 Refine#0"               [id=5488, stack(0x000000f663200000,0x000000f663300000) (1024K)]
  0x0000029409af4f30 ConcurrentGCThread "G1 Service"                [id=18356, stack(0x000000f663300000,0x000000f663400000) (1024K)]
Total: 14

Threads with active compile tasks:
C2 CompilerThread0  3609188 2599 %     4       org.gradle.internal.logging.text.AbstractLineChoppingStyledTextOutput::doAppend @ 10 (43 bytes)
Total: 1

VM state: synchronizing (normal execution)

VM Mutex/Monitor currently owned by a thread:  ([mutex/lock_event])
[0x00007ffdaae5be98] Threads_lock - owner thread: 0x0000029409b1bad0

Heap address: 0x00000000fc000000, size: 64 MB, Compressed Oops mode: 32-bit

CDS archive(s) mapped at: [0x0000029424000000-0x0000029424c90000-0x0000029424c90000), size 13172736, SharedBaseAddress: 0x0000029424000000, ArchiveRelocationMode: 1.
Compressed class space mapped at: 0x0000029425000000-0x0000029465000000, reserved size: 1073741824
Narrow klass base: 0x0000029424000000, Narrow klass shift: 0, Narrow klass range: 0x100000000

GC Precious Log:
 CardTable entry size: 512
 Card Set container configuration: InlinePtr #cards 5 size 8 Array Of Cards #cards 12 size 40 Howl #buckets 4 coarsen threshold 1843 Howl Bitmap #cards 512 size 80 coarsen threshold 460 Card regions per heap region 1 cards per card region 2048
 CPUs: 8 total, 8 available
 Memory: 6091M
 Large Page Support: Disabled
 NUMA Support: Disabled
 Compressed Oops: Enabled (32-bit)
 Heap Region Size: 1M
 Heap Min Capacity: 64M
 Heap Initial Capacity: 64M
 Heap Max Capacity: 64M
 Pre-touch: Disabled
 Parallel Workers: 8
 Concurrent Workers: 2
 Concurrent Refinement Workers: 8
 Periodic GC: Disabled

Heap:
 garbage-first heap   total 65536K, used 40287K [0x00000000fc000000, 0x0000000100000000)
  region size 1024K, 29 young (29696K), 3 survivors (3072K)
 Metaspace       used 11632K, committed 11904K, reserved 1114112K
  class space    used 1445K, committed 1536K, reserved 1048576K

Heap Regions: E=young(eden), S=young(survivor), O=old, HS=humongous(starts), HC=humongous(continues), CS=collection set, F=free, TAMS=top-at-mark-start, PB=parsable bottom
|   0|0x00000000fc000000, 0x00000000fc100000, 0x00000000fc100000|100%|HS|  |TAMS 0x00000000fc000000| PB 0x00000000fc000000| Complete 
|   1|0x00000000fc100000, 0x00000000fc200000, 0x00000000fc200000|100%|HC|  |TAMS 0x00000000fc100000| PB 0x00000000fc100000| Complete 
|   2|0x00000000fc200000, 0x00000000fc300000, 0x00000000fc300000|100%|HC|  |TAMS 0x00000000fc200000| PB 0x00000000fc200000| Complete 
|   3|0x00000000fc300000, 0x00000000fc400000, 0x00000000fc400000|100%|HC|  |TAMS 0x00000000fc300000| PB 0x00000000fc300000| Complete 
|   4|0x00000000fc400000, 0x00000000fc500000, 0x00000000fc500000|100%| O|  |TAMS 0x00000000fc400000| PB 0x00000000fc400000| Untracked 
|   5|0x00000000fc500000, 0x00000000fc600000, 0x00000000fc600000|100%| O|  |TAMS 0x00000000fc500000| PB 0x00000000fc500000| Untracked 
|   6|0x00000000fc600000, 0x00000000fc700000, 0x00000000fc700000|100%| O|  |TAMS 0x00000000fc600000| PB 0x00000000fc600000| Untracked 
|   7|0x00000000fc700000, 0x00000000fc800000, 0x00000000fc800000|100%| O|  |TAMS 0x00000000fc700000| PB 0x00000000fc700000| Untracked 
|   8|0x00000000fc800000, 0x00000000fc900000, 0x00000000fc900000|100%| O|  |TAMS 0x00000000fc800000| PB 0x00000000fc800000| Untracked 
|   9|0x00000000fc900000, 0x00000000fca00000, 0x00000000fca00000|100%| O|  |TAMS 0x00000000fc900000| PB 0x00000000fc900000| Untracked 
|  10|0x00000000fca00000, 0x00000000fcb00000, 0x00000000fcb00000|100%| O|  |TAMS 0x00000000fca00000| PB 0x00000000fca00000| Untracked 
|  11|0x00000000fcb00000, 0x00000000fcbc6268, 0x00000000fcc00000| 77%| O|  |TAMS 0x00000000fcb00000| PB 0x00000000fcb00000| Untracked 
|  12|0x00000000fcc00000, 0x00000000fcc00000, 0x00000000fcd00000|  0%| F|  |TAMS 0x00000000fcc00000| PB 0x00000000fcc00000| Untracked 
|  13|0x00000000fcd00000, 0x00000000fcd00000, 0x00000000fce00000|  0%| F|  |TAMS 0x00000000fcd00000| PB 0x00000000fcd00000| Untracked 
|  14|0x00000000fce00000, 0x00000000fce00000, 0x00000000fcf00000|  0%| F|  |TAMS 0x00000000fce00000| PB 0x00000000fce00000| Untracked 
|  15|0x00000000fcf00000, 0x00000000fcf00000, 0x00000000fd000000|  0%| F|  |TAMS 0x00000000fcf00000| PB 0x00000000fcf00000| Untracked 
|  16|0x00000000fd000000, 0x00000000fd000000, 0x00000000fd100000|  0%| F|  |TAMS 0x00000000fd000000| PB 0x00000000fd000000| Untracked 
|  17|0x00000000fd100000, 0x00000000fd100000, 0x00000000fd200000|  0%| F|  |TAMS 0x00000000fd100000| PB 0x00000000fd100000| Untracked 
|  18|0x00000000fd200000, 0x00000000fd200000, 0x00000000fd300000|  0%| F|  |TAMS 0x00000000fd200000| PB 0x00000000fd200000| Untracked 
|  19|0x00000000fd300000, 0x00000000fd300000, 0x00000000fd400000|  0%| F|  |TAMS 0x00000000fd300000| PB 0x00000000fd300000| Untracked 
|  20|0x00000000fd400000, 0x00000000fd400000, 0x00000000fd500000|  0%| F|  |TAMS 0x00000000fd400000| PB 0x00000000fd400000| Untracked 
|  21|0x00000000fd500000, 0x00000000fd500000, 0x00000000fd600000|  0%| F|  |TAMS 0x00000000fd500000| PB 0x00000000fd500000| Untracked 
|  22|0x00000000fd600000, 0x00000000fd600000, 0x00000000fd700000|  0%| F|  |TAMS 0x00000000fd600000| PB 0x00000000fd600000| Untracked 
|  23|0x00000000fd700000, 0x00000000fd700000, 0x00000000fd800000|  0%| F|  |TAMS 0x00000000fd700000| PB 0x00000000fd700000| Untracked 
|  24|0x00000000fd800000, 0x00000000fd800000, 0x00000000fd900000|  0%| F|  |TAMS 0x00000000fd800000| PB 0x00000000fd800000| Untracked 
|  25|0x00000000fd900000, 0x00000000fd900000, 0x00000000fda00000|  0%| F|  |TAMS 0x00000000fd900000| PB 0x00000000fd900000| Untracked 
|  26|0x00000000fda00000, 0x00000000fda00000, 0x00000000fdb00000|  0%| F|  |TAMS 0x00000000fda00000| PB 0x00000000fda00000| Untracked 
|  27|0x00000000fdb00000, 0x00000000fdb00000, 0x00000000fdc00000|  0%| F|  |TAMS 0x00000000fdb00000| PB 0x00000000fdb00000| Untracked 
|  28|0x00000000fdc00000, 0x00000000fdc00000, 0x00000000fdd00000|  0%| F|  |TAMS 0x00000000fdc00000| PB 0x00000000fdc00000| Untracked 
|  29|0x00000000fdd00000, 0x00000000fdd00000, 0x00000000fde00000|  0%| F|  |TAMS 0x00000000fdd00000| PB 0x00000000fdd00000| Untracked 
|  30|0x00000000fde00000, 0x00000000fde00000, 0x00000000fdf00000|  0%| F|  |TAMS 0x00000000fde00000| PB 0x00000000fde00000| Untracked 
|  31|0x00000000fdf00000, 0x00000000fdf91ce0, 0x00000000fe000000| 56%| S|CS|TAMS 0x00000000fdf00000| PB 0x00000000fdf00000| Complete 
|  32|0x00000000fe000000, 0x00000000fe100000, 0x00000000fe100000|100%| S|CS|TAMS 0x00000000fe000000| PB 0x00000000fe000000| Complete 
|  33|0x00000000fe100000, 0x00000000fe200000, 0x00000000fe200000|100%| S|CS|TAMS 0x00000000fe100000| PB 0x00000000fe100000| Complete 
|  34|0x00000000fe200000, 0x00000000fe200000, 0x00000000fe300000|  0%| F|  |TAMS 0x00000000fe200000| PB 0x00000000fe200000| Untracked 
|  35|0x00000000fe300000, 0x00000000fe300000, 0x00000000fe400000|  0%| F|  |TAMS 0x00000000fe300000| PB 0x00000000fe300000| Untracked 
|  36|0x00000000fe400000, 0x00000000fe400000, 0x00000000fe500000|  0%| F|  |TAMS 0x00000000fe400000| PB 0x00000000fe400000| Untracked 
|  37|0x00000000fe500000, 0x00000000fe500000, 0x00000000fe600000|  0%| F|  |TAMS 0x00000000fe500000| PB 0x00000000fe500000| Untracked 
|  38|0x00000000fe600000, 0x00000000fe6caa90, 0x00000000fe700000| 79%| E|  |TAMS 0x00000000fe600000| PB 0x00000000fe600000| Complete 
|  39|0x00000000fe700000, 0x00000000fe800000, 0x00000000fe800000|100%| E|CS|TAMS 0x00000000fe700000| PB 0x00000000fe700000| Complete 
|  40|0x00000000fe800000, 0x00000000fe900000, 0x00000000fe900000|100%| E|CS|TAMS 0x00000000fe800000| PB 0x00000000fe800000| Complete 
|  41|0x00000000fe900000, 0x00000000fea00000, 0x00000000fea00000|100%| E|CS|TAMS 0x00000000fe900000| PB 0x00000000fe900000| Complete 
|  42|0x00000000fea00000, 0x00000000feb00000, 0x00000000feb00000|100%| E|CS|TAMS 0x00000000fea00000| PB 0x00000000fea00000| Complete 
|  43|0x00000000feb00000, 0x00000000fec00000, 0x00000000fec00000|100%| E|CS|TAMS 0x00000000feb00000| PB 0x00000000feb00000| Complete 
|  44|0x00000000fec00000, 0x00000000fed00000, 0x00000000fed00000|100%| E|CS|TAMS 0x00000000fec00000| PB 0x00000000fec00000| Complete 
|  45|0x00000000fed00000, 0x00000000fee00000, 0x00000000fee00000|100%| E|CS|TAMS 0x00000000fed00000| PB 0x00000000fed00000| Complete 
|  46|0x00000000fee00000, 0x00000000fef00000, 0x00000000fef00000|100%| E|CS|TAMS 0x00000000fee00000| PB 0x00000000fee00000| Complete 
|  47|0x00000000fef00000, 0x00000000ff000000, 0x00000000ff000000|100%| E|CS|TAMS 0x00000000fef00000| PB 0x00000000fef00000| Complete 
|  48|0x00000000ff000000, 0x00000000ff100000, 0x00000000ff100000|100%| E|CS|TAMS 0x00000000ff000000| PB 0x00000000ff000000| Complete 
|  49|0x00000000ff100000, 0x00000000ff200000, 0x00000000ff200000|100%| E|CS|TAMS 0x00000000ff100000| PB 0x00000000ff100000| Complete 
|  50|0x00000000ff200000, 0x00000000ff300000, 0x00000000ff300000|100%| E|CS|TAMS 0x00000000ff200000| PB 0x00000000ff200000| Complete 
|  51|0x00000000ff300000, 0x00000000ff400000, 0x00000000ff400000|100%| E|CS|TAMS 0x00000000ff300000| PB 0x00000000ff300000| Complete 
|  52|0x00000000ff400000, 0x00000000ff500000, 0x00000000ff500000|100%| E|CS|TAMS 0x00000000ff400000| PB 0x00000000ff400000| Complete 
|  53|0x00000000ff500000, 0x00000000ff600000, 0x00000000ff600000|100%| E|CS|TAMS 0x00000000ff500000| PB 0x00000000ff500000| Complete 
|  54|0x00000000ff600000, 0x00000000ff700000, 0x00000000ff700000|100%| E|CS|TAMS 0x00000000ff600000| PB 0x00000000ff600000| Complete 
|  55|0x00000000ff700000, 0x00000000ff800000, 0x00000000ff800000|100%| E|CS|TAMS 0x00000000ff700000| PB 0x00000000ff700000| Complete 
|  56|0x00000000ff800000, 0x00000000ff900000, 0x00000000ff900000|100%| E|CS|TAMS 0x00000000ff800000| PB 0x00000000ff800000| Complete 
|  57|0x00000000ff900000, 0x00000000ffa00000, 0x00000000ffa00000|100%| E|CS|TAMS 0x00000000ff900000| PB 0x00000000ff900000| Complete 
|  58|0x00000000ffa00000, 0x00000000ffb00000, 0x00000000ffb00000|100%| E|CS|TAMS 0x00000000ffa00000| PB 0x00000000ffa00000| Complete 
|  59|0x00000000ffb00000, 0x00000000ffc00000, 0x00000000ffc00000|100%| E|CS|TAMS 0x00000000ffb00000| PB 0x00000000ffb00000| Complete 
|  60|0x00000000ffc00000, 0x00000000ffd00000, 0x00000000ffd00000|100%| E|CS|TAMS 0x00000000ffc00000| PB 0x00000000ffc00000| Complete 
|  61|0x00000000ffd00000, 0x00000000ffe00000, 0x00000000ffe00000|100%| E|CS|TAMS 0x00000000ffd00000| PB 0x00000000ffd00000| Complete 
|  62|0x00000000ffe00000, 0x00000000fff00000, 0x00000000fff00000|100%| E|CS|TAMS 0x00000000ffe00000| PB 0x00000000ffe00000| Complete 
|  63|0x00000000fff00000, 0x0000000100000000, 0x0000000100000000|100%| E|CS|TAMS 0x00000000fff00000| PB 0x00000000fff00000| Complete 

Card table byte_map: [0x00000294099b0000,0x00000294099d0000] _byte_map_base: 0x00000294091d0000

Marking Bits: (CMBitMap*) 0x0000029409a82dc0
 Bits: [0x0000029421220000, 0x0000029421320000)

Polling page: 0x0000029409230000

Metaspace:

Usage:
  Non-class:      9.95 MB used.
      Class:      1.41 MB used.
       Both:     11.36 MB used.

Virtual space:
  Non-class space:       64.00 MB reserved,      10.12 MB ( 16%) committed,  1 nodes.
      Class space:        1.00 GB reserved,       1.50 MB ( <1%) committed,  1 nodes.
             Both:        1.06 GB reserved,      11.62 MB (  1%) committed. 

Chunk freelists:
   Non-Class:  5.51 MB
       Class:  14.38 MB
        Both:  19.90 MB

MaxMetaspaceSize: unlimited
CompressedClassSpaceSize: 1.00 GB
Initial GC threshold: 21.00 MB
Current GC threshold: 21.00 MB
CDS: on
 - commit_granule_bytes: 65536.
 - commit_granule_words: 8192.
 - virtual_space_node_default_size: 8388608.
 - enlarge_chunks_in_place: 1.
 - use_allocation_guard: 0.


Internal statistics:

num_allocs_failed_limit: 0.
num_arena_births: 252.
num_arena_deaths: 0.
num_vsnodes_births: 2.
num_vsnodes_deaths: 0.
num_space_committed: 186.
num_space_uncommitted: 0.
num_chunks_returned_to_freelist: 0.
num_chunks_taken_from_freelist: 606.
num_chunk_merges: 0.
num_chunk_splits: 388.
num_chunks_enlarged: 273.
num_inconsistent_stats: 0.

CodeHeap 'non-profiled nmethods': size=120000Kb used=1287Kb max_used=1287Kb free=118712Kb
 bounds [0x00000294199c0000, 0x0000029419c30000, 0x0000029420ef0000]
CodeHeap 'profiled nmethods': size=120000Kb used=4868Kb max_used=4868Kb free=115131Kb
 bounds [0x0000029411ef0000, 0x00000294123c0000, 0x0000029419420000]
CodeHeap 'non-nmethods': size=5760Kb used=1426Kb max_used=1465Kb free=4333Kb
 bounds [0x0000029419420000, 0x0000029419690000, 0x00000294199c0000]
 total_blobs=3117 nmethods=2597 adapters=424
 compilation: enabled
              stopped_count=0, restarted_count=0
 full_count=0

Compilation events (20 events):
Event: 3606.671 Thread 0x0000029423cec920 nmethod 2585 0x00000294123a4a90 code [0x00000294123a4c40, 0x00000294123a4e28]
Event: 3606.671 Thread 0x0000029423cec920 2586       3       java.io.BufferedReader::readLine (7 bytes)
Event: 3606.672 Thread 0x0000029423cec920 nmethod 2586 0x00000294123a4f10 code [0x00000294123a50c0, 0x00000294123a5218]
Event: 3606.672 Thread 0x0000029423cec920 2588   !   3       java.io.BufferedReader::readLine (72 bytes)
Event: 3606.684 Thread 0x0000029423cec920 nmethod 2588 0x00000294123a5310 code [0x00000294123a55a0, 0x00000294123a63f8]
Event: 3606.684 Thread 0x0000029423cec920 2589   !   3       java.nio.file.FileChannelLinesSpliterator::readLine (37 bytes)
Event: 3606.686 Thread 0x0000029423cec920 nmethod 2589 0x00000294123a6910 code [0x00000294123a6b00, 0x00000294123a6ed0]
Event: 3606.686 Thread 0x0000029423cec920 2590       3       java.util.stream.Collectors$$Lambda/0x000002942515c230::accept (11 bytes)
Event: 3606.686 Thread 0x0000029423cec920 nmethod 2590 0x00000294123a7090 code [0x00000294123a7240, 0x00000294123a7528]
Event: 3606.786 Thread 0x0000029423cec920 2592       3       java.lang.invoke.MethodHandle::asTypeUncached (54 bytes)
Event: 3606.789 Thread 0x0000029423cec920 nmethod 2592 0x00000294123a7610 code [0x00000294123a78e0, 0x00000294123a8380]
Event: 3606.789 Thread 0x0000029423cec920 2594       3       java.lang.invoke.MethodHandleImpl::makePairwiseConvertByEditor (617 bytes)
Event: 3606.818 Thread 0x0000029423cec920 nmethod 2594 0x00000294123a8810 code [0x00000294123a9020, 0x00000294123ae150]
Event: 3606.818 Thread 0x0000029423cec920 2593       3       java.lang.invoke.MethodType::isConvertibleTo (164 bytes)
Event: 3606.822 Thread 0x0000029423cec920 nmethod 2593 0x00000294123b0010 code [0x00000294123b0260, 0x00000294123b0b90]
Event: 3606.982 Thread 0x0000029423cec920 2596       3       org.gradle.internal.logging.text.AbstractStyledTextOutput::text (19 bytes)
Event: 3606.982 Thread 0x0000029423cec920 nmethod 2596 0x00000294123b0e10 code [0x00000294123b0fc0, 0x00000294123b12c0]
Event: 3606.988 Thread 0x0000029423ce5910 2597       4       org.gradle.internal.time.MonotonicClock::getCurrentTime (70 bytes)
Event: 3607.010 Thread 0x0000029423ce5910 nmethod 2597 0x0000029419b01410 code [0x0000029419b015e0, 0x0000029419b019b0]
Event: 3607.010 Thread 0x0000029423ce5910 2599 %     4       org.gradle.internal.logging.text.AbstractLineChoppingStyledTextOutput::doAppend @ 10 (43 bytes)

GC Heap History (6 events):
Event: 0.929 GC heap before
{Heap before GC invocations=0 (full 0):
 garbage-first heap   total 65536K, used 22528K [0x00000000fc000000, 0x0000000100000000)
  region size 1024K, 23 young (23552K), 0 survivors (0K)
 Metaspace       used 1544K, committed 1728K, reserved 1114112K
  class space    used 142K, committed 256K, reserved 1048576K
}
Event: 0.936 GC heap after
{Heap after GC invocations=1 (full 0):
 garbage-first heap   total 65536K, used 1792K [0x00000000fc000000, 0x0000000100000000)
  region size 1024K, 2 young (2048K), 2 survivors (2048K)
 Metaspace       used 1544K, committed 1728K, reserved 1114112K
  class space    used 142K, committed 256K, reserved 1048576K
}
Event: 2.647 GC heap before
{Heap before GC invocations=1 (full 0):
 garbage-first heap   total 65536K, used 38656K [0x00000000fc000000, 0x0000000100000000)
  region size 1024K, 35 young (35840K), 2 survivors (2048K)
 Metaspace       used 8127K, committed 8448K, reserved 1114112K
  class space    used 1070K, committed 1216K, reserved 1048576K
}
Event: 2.657 GC heap after
{Heap after GC invocations=2 (full 0):
 garbage-first heap   total 65536K, used 12070K [0x00000000fc000000, 0x0000000100000000)
  region size 1024K, 5 young (5120K), 5 survivors (5120K)
 Metaspace       used 8127K, committed 8448K, reserved 1114112K
  class space    used 1070K, committed 1216K, reserved 1048576K
}
Event: 1407.321 GC heap before
{Heap before GC invocations=2 (full 0):
 garbage-first heap   total 65536K, used 42790K [0x00000000fc000000, 0x0000000100000000)
  region size 1024K, 35 young (35840K), 5 survivors (5120K)
 Metaspace       used 11298K, committed 11648K, reserved 1114112K
  class space    used 1395K, committed 1536K, reserved 1048576K
}
Event: 1407.456 GC heap after
{Heap after GC invocations=3 (full 0):
 garbage-first heap   total 65536K, used 14687K [0x00000000fc000000, 0x0000000100000000)
  region size 1024K, 3 young (3072K), 3 survivors (3072K)
 Metaspace       used 11298K, committed 11648K, reserved 1114112K
  class space    used 1395K, committed 1536K, reserved 1048576K
}

Dll operation events (13 events):
Event: 0.016 Loaded shared library C:\Program Files\Java\jdk-21\bin\java.dll
Event: 0.070 Loaded shared library C:\Program Files\Java\jdk-21\bin\jsvml.dll
Event: 0.101 Loaded shared library C:\Program Files\Java\jdk-21\bin\net.dll
Event: 0.106 Loaded shared library C:\Program Files\Java\jdk-21\bin\nio.dll
Event: 0.113 Loaded shared library C:\Program Files\Java\jdk-21\bin\zip.dll
Event: 0.943 Loaded shared library C:\Program Files\Java\jdk-21\bin\jimage.dll
Event: 1.801 Loaded shared library C:\Program Files\Java\jdk-21\bin\management.dll
Event: 1.809 Loaded shared library C:\Program Files\Java\jdk-21\bin\management_ext.dll
Event: 1.889 Loaded shared library C:\Users\asus\.gradle\native\660c5614fbf4a5f2a75b1949f50a0caf5cd603558e7d8a26e50b933a0cfb79d1\windows-amd64\native-platform.dll
Event: 1.956 Loaded shared library C:\Users\asus\.gradle\native\jansi\2.4.2\Windows\x86_64\jansi.dll
Event: 2.346 Loaded shared library C:\Program Files\Java\jdk-21\bin\extnet.dll
Event: 3.133 Loaded shared library C:\Program Files\Java\jdk-21\bin\verify.dll
Event: 7.469 Loaded shared library C:\Program Files\Java\jdk-21\bin\sunmscapi.dll

Deoptimization events (20 events):
Event: 3607.007 Thread 0x0000029409a69660 Uncommon trap: trap_request=0xffffff45 fr.pc=0x0000029419aa3634 relative=0x0000000000000994
Event: 3607.007 Thread 0x0000029409a69660 Uncommon trap: reason=unstable_if action=reinterpret pc=0x0000029419aa3634 method=org.gradle.internal.logging.console.DefaultRedrawableLabel.redraw(Lorg/gradle/internal/logging/console/AnsiContext;)V @ 15 c2
Event: 3607.007 Thread 0x0000029409a69660 DEOPT PACKING pc=0x0000029419aa3634 sp=0x000000f662efe560
Event: 3607.008 Thread 0x0000029409a69660 DEOPT UNPACKING pc=0x00000294194746a2 sp=0x000000f662efe568 mode 2
Event: 3607.012 Thread 0x0000029469dc94d0 Uncommon trap: trap_request=0xffffff45 fr.pc=0x0000029419ad0b70 relative=0x0000000000000eb0
Event: 3607.012 Thread 0x0000029469dc94d0 Uncommon trap: reason=unstable_if action=reinterpret pc=0x0000029419ad0b70 method=java.util.concurrent.locks.AbstractQueuedSynchronizer$ConditionObject.awaitNanos(J)J @ 80 c2
Event: 3607.012 Thread 0x0000029469dc94d0 DEOPT PACKING pc=0x0000029419ad0b70 sp=0x000000f6640ff290
Event: 3607.012 Thread 0x0000029469dc94d0 DEOPT UNPACKING pc=0x00000294194746a2 sp=0x000000f6640ff0d0 mode 2
Event: 3607.012 Thread 0x0000029469dc94d0 Uncommon trap: trap_request=0xffffff45 fr.pc=0x0000029419ace4d8 relative=0x0000000000000138
Event: 3607.013 Thread 0x0000029469dc94d0 Uncommon trap: reason=unstable_if action=reinterpret pc=0x0000029419ace4d8 method=java.util.concurrent.locks.ReentrantLock$NonfairSync.tryAcquire(I)Z @ 4 c2
Event: 3607.013 Thread 0x0000029469dc94d0 DEOPT PACKING pc=0x0000029419ace4d8 sp=0x000000f6640ff1b0
Event: 3607.013 Thread 0x0000029469dc94d0 DEOPT UNPACKING pc=0x00000294194746a2 sp=0x000000f6640ff160 mode 2
Event: 3607.013 Thread 0x0000029469dc94d0 Uncommon trap: trap_request=0xffffff45 fr.pc=0x0000029419afd640 relative=0x0000000000000580
Event: 3607.013 Thread 0x0000029469dc94d0 Uncommon trap: reason=unstable_if action=reinterpret pc=0x0000029419afd640 method=java.util.concurrent.locks.AbstractQueuedSynchronizer.acquire(Ljava/util/concurrent/locks/AbstractQueuedSynchronizer$Node;IZZZJ)I @ 26 c2
Event: 3607.013 Thread 0x0000029469dc94d0 DEOPT PACKING pc=0x0000029419afd640 sp=0x000000f6640ff140
Event: 3607.013 Thread 0x0000029469dc94d0 DEOPT UNPACKING pc=0x00000294194746a2 sp=0x000000f6640ff0e8 mode 2
Event: 3607.013 Thread 0x0000029469dc94d0 Uncommon trap: trap_request=0xffffff45 fr.pc=0x0000029419aceaec relative=0x000000000000006c
Event: 3607.013 Thread 0x0000029469dc94d0 Uncommon trap: reason=unstable_if action=reinterpret pc=0x0000029419aceaec method=java.util.concurrent.locks.AbstractQueuedSynchronizer.tryInitializeHead()Ljava/util/concurrent/locks/AbstractQueuedSynchronizer$Node; @ 8 c2
Event: 3607.013 Thread 0x0000029469dc94d0 DEOPT PACKING pc=0x0000029419aceaec sp=0x000000f6640ff0e0
Event: 3607.013 Thread 0x0000029469dc94d0 DEOPT UNPACKING pc=0x00000294194746a2 sp=0x000000f6640ff068 mode 2

Classes loaded (20 events):
Event: 3606.852 Loading class java/lang/StackTraceElement$HashedModules
Event: 3606.854 Loading class java/lang/StackTraceElement$HashedModules done
Event: 3606.954 Loading class java/util/stream/DistinctOps
Event: 3606.955 Loading class java/util/stream/DistinctOps done
Event: 3606.955 Loading class java/util/stream/DistinctOps$1
Event: 3606.958 Loading class java/util/stream/ReferencePipeline$StatefulOp
Event: 3606.958 Loading class java/util/stream/ReferencePipeline$StatefulOp done
Event: 3606.958 Loading class java/util/stream/DistinctOps$1 done
Event: 3606.960 Loading class java/util/stream/DistinctOps$1$2
Event: 3606.960 Loading class java/util/stream/DistinctOps$1$2 done
Event: 3606.967 Loading class java/util/stream/MatchOps$MatchKind
Event: 3606.968 Loading class java/util/stream/MatchOps$MatchKind done
Event: 3606.968 Loading class java/util/stream/MatchOps
Event: 3606.970 Loading class java/util/stream/MatchOps done
Event: 3606.970 Loading class java/util/stream/MatchOps$MatchOp
Event: 3606.971 Loading class java/util/stream/MatchOps$MatchOp done
Event: 3606.971 Loading class java/util/stream/MatchOps$BooleanTerminalSink
Event: 3606.971 Loading class java/util/stream/MatchOps$BooleanTerminalSink done
Event: 3606.972 Loading class java/util/stream/MatchOps$1MatchSink
Event: 3606.973 Loading class java/util/stream/MatchOps$1MatchSink done

Classes unloaded (0 events):
No events

Classes redefined (0 events):
No events

Internal exceptions (20 events):
Event: 2.350 Thread 0x0000029409a69660 Exception <a 'java/lang/NoSuchMethodError'{0x00000000fe2eaf40}: 'void java.lang.invoke.DirectMethodHandle$Holder.invokeStatic(java.lang.Object, java.lang.Object, java.lang.Object)'> (0x00000000fe2eaf40) 
thrown [s\open\src\hotspot\share\interpreter\linkResolver.cpp, line 773]
Event: 2.389 Thread 0x0000029409a69660 Exception <a 'java/lang/NoSuchMethodError'{0x00000000fe1c1788}: 'java.lang.Object java.lang.invoke.DirectMethodHandle$Holder.invokeVirtual(java.lang.Object, java.lang.Object, java.lang.Object, java.lang.Object, java.lang.Object)'> (0x00000000fe1c1788) 
thrown [s\open\src\hotspot\share\interpreter\linkResolver.cpp, line 773]
Event: 2.391 Thread 0x0000029409a69660 Exception <a 'java/lang/NoSuchMethodError'{0x00000000fe1d43c8}: 'java.lang.Object java.lang.invoke.Invokers$Holder.invokeExact_MT(java.lang.Object, java.lang.Object, java.lang.Object, java.lang.Object, java.lang.Object, java.lang.Object)'> (0x00000000fe1d43c8) 
thrown [s\open\src\hotspot\share\interpreter\linkResolver.cpp, line 773]
Event: 2.528 Thread 0x0000029409a69660 Exception <a 'java/lang/NoSuchMethodError'{0x00000000fdfed648}: 'java.lang.Object java.lang.invoke.DirectMethodHandle$Holder.invokeVirtual(java.lang.Object, java.lang.Object, java.lang.Object, java.lang.Object, java.lang.Object, java.lang.Object, java.lang.Object, java.lang.Object, java.lang.Object)'> (0x00000000fdfed648) 
thrown [s\open\src\hotspot\share\interpreter\linkResolver.cpp, line 773]
Event: 2.668 Thread 0x0000029409a69660 Exception <a 'java/lang/NoSuchMethodError'{0x00000000fff38010}: 'java.lang.Object java.lang.invoke.DirectMethodHandle$Holder.invokeVirtual(java.lang.Object, java.lang.Object, java.lang.Object, java.lang.Object, java.lang.Object, java.lang.Object, java.lang.Object, java.lang.Object)'> (0x00000000fff38010) 
thrown [s\open\src\hotspot\share\interpreter\linkResolver.cpp, line 773]
Event: 2.698 Thread 0x0000029409a69660 Exception <a 'java/lang/NoSuchMethodError'{0x00000000ffe27be8}: 'java.lang.Object java.lang.invoke.DirectMethodHandle$Holder.invokeStaticInit(java.lang.Object, int, int, int, int)'> (0x00000000ffe27be8) 
thrown [s\open\src\hotspot\share\interpreter\linkResolver.cpp, line 773]
Event: 2.735 Thread 0x0000029409a69660 Exception <a 'java/lang/NoSuchMethodError'{0x00000000ffe5a9f0}: 'java.lang.Object java.lang.invoke.DirectMethodHandle$Holder.invokeStaticInit(java.lang.Object, java.lang.Object, int, int, int, int)'> (0x00000000ffe5a9f0) 
thrown [s\open\src\hotspot\share\interpreter\linkResolver.cpp, line 773]
Event: 2.788 Thread 0x0000029409a69660 Implicit null exception at 0x0000029419a0d224 to 0x0000029419a0d878
Event: 2.789 Thread 0x0000029409a69660 Implicit null exception at 0x0000029419a1a720 to 0x0000029419a1acb0
Event: 2.800 Thread 0x0000029409a69660 Exception <a 'java/lang/NoSuchMethodError'{0x00000000ffd79a28}: 'void java.lang.invoke.DirectMethodHandle$Holder.invokeInterface(java.lang.Object, java.lang.Object, java.lang.Object)'> (0x00000000ffd79a28) 
thrown [s\open\src\hotspot\share\interpreter\linkResolver.cpp, line 773]
Event: 2.812 Thread 0x0000029409a69660 Exception <a 'java/net/ConnectException'{0x00000000ffd81240}: Connection refused: getsockopt> (0x00000000ffd81240) 
thrown [s\open\src\hotspot\share\prims\jni.cpp, line 539]
Event: 3.199 Thread 0x0000029469dc9b60 Exception <a 'java/lang/NoSuchMethodError'{0x00000000ff50ad18}: 'void java.lang.invoke.DirectMethodHandle$Holder.invokeStatic(java.lang.Object, long)'> (0x00000000ff50ad18) 
thrown [s\open\src\hotspot\share\interpreter\linkResolver.cpp, line 773]
Event: 3.200 Thread 0x0000029469dc9b60 Exception <a 'java/lang/NoSuchMethodError'{0x00000000ff50fc48}: 'java.lang.Object java.lang.invoke.DirectMethodHandle$Holder.newInvokeSpecial(java.lang.Object, long)'> (0x00000000ff50fc48) 
thrown [s\open\src\hotspot\share\interpreter\linkResolver.cpp, line 773]
Event: 3.203 Thread 0x0000029469dc9b60 Exception <a 'java/lang/NoSuchMethodError'{0x00000000ff5167d8}: 'java.lang.Object java.lang.invoke.DirectMethodHandle$Holder.invokeStatic(java.lang.Object, long, java.lang.Object)'> (0x00000000ff5167d8) 
thrown [s\open\src\hotspot\share\interpreter\linkResolver.cpp, line 773]
Event: 3.204 Thread 0x0000029469dc9b60 Exception <a 'java/lang/NoSuchMethodError'{0x00000000ff519e40}: 'java.lang.Object java.lang.invoke.DirectMethodHandle$Holder.invokeStaticInit(java.lang.Object, long, java.lang.Object)'> (0x00000000ff519e40) 
thrown [s\open\src\hotspot\share\interpreter\linkResolver.cpp, line 773]
Event: 3605.917 Thread 0x0000029409a69660 Exception <a 'sun/net/ConnectionResetException'{0x00000000fffe68a8}: Connection reset> (0x00000000fffe68a8) 
thrown [s\open\src\hotspot\share\prims\jni.cpp, line 539]
Event: 3606.691 Thread 0x0000029409a69660 Exception <a 'java/lang/NoSuchMethodError'{0x00000000fe76cb50}: 'int java.lang.invoke.DirectMethodHandle$Holder.invokeVirtual(java.lang.Object, java.lang.Object)'> (0x00000000fe76cb50) 
thrown [s\open\src\hotspot\share\interpreter\linkResolver.cpp, line 773]
Event: 3606.728 Thread 0x0000029409a69660 Exception <a 'java/io/IOException'{0x00000000fe776f48}: Connection reset by peer> (0x00000000fe776f48) 
thrown [s\open\src\hotspot\share\prims\jni.cpp, line 539]
Event: 3606.979 Thread 0x0000029409a69660 Exception <a 'java/lang/NoSuchMethodError'{0x00000000fe7e24d0}: 'void java.lang.invoke.DirectMethodHandle$Holder.invokeStatic(java.lang.Object, int, java.lang.Object)'> (0x00000000fe7e24d0) 
thrown [s\open\src\hotspot\share\interpreter\linkResolver.cpp, line 773]
Event: 3607.013 Thread 0x0000029469dc94d0 Implicit null exception at 0x0000029419afd11b to 0x0000029419afd624

ZGC Phase Switch (0 events):
No events

VM Operations (20 events):
Event: 1683.268 Executing VM operation: RendezvousGCThreads done
Event: 1770.997 Executing VM operation: Cleanup
Event: 1770.997 Executing VM operation: Cleanup done
Event: 1803.559 Executing VM operation: HandshakeAllThreads (HandshakeForDeflation)
Event: 1803.559 Executing VM operation: HandshakeAllThreads (HandshakeForDeflation) done
Event: 1803.559 Executing VM operation: RendezvousGCThreads
Event: 1803.559 Executing VM operation: RendezvousGCThreads done
Event: 1821.702 Executing VM operation: Cleanup
Event: 1821.702 Executing VM operation: Cleanup done
Event: 2679.556 Executing VM operation: Cleanup
Event: 2679.557 Executing VM operation: Cleanup done
Event: 2909.773 Executing VM operation: Cleanup
Event: 2909.775 Executing VM operation: Cleanup done
Event: 3606.589 Executing VM operation: Cleanup
Event: 3606.606 Executing VM operation: Cleanup done
Event: 3606.944 Executing VM operation: HandshakeAllThreads (Deoptimize)
Event: 3606.945 Executing VM operation: HandshakeAllThreads (Deoptimize) done
Event: 3606.978 Executing VM operation: HandshakeAllThreads (Deoptimize)
Event: 3606.978 Executing VM operation: HandshakeAllThreads (Deoptimize) done
Event: 3607.762 Executing VM operation: HandshakeAllThreads (HandshakeForDeflation)

Events (20 events):
Event: 0.094 Thread 0x00000294690cd330 Thread added: 0x00000294690cd330
Event: 0.927 Thread 0x0000029423cedd90 Thread added: 0x0000029423cedd90
Event: 1.904 Thread 0x0000029423cedd90 Thread exited: 0x0000029423cedd90
Event: 1.948 Thread 0x0000029469de5da0 Thread added: 0x0000029469de5da0
Event: 1.953 Thread 0x0000029469de5da0 Thread exited: 0x0000029469de5da0
Event: 2.004 Thread 0x0000029469dc94d0 Thread added: 0x0000029469dc94d0
Event: 2.915 Thread 0x0000029423ceeb30 Thread added: 0x0000029423ceeb30
Event: 3.180 Thread 0x0000029469dc9b60 Thread added: 0x0000029469dc9b60
Event: 3.214 Thread 0x0000029469dc87b0 Thread added: 0x0000029469dc87b0
Event: 3.214 Thread 0x0000029469dc87b0 Thread exited: 0x0000029469dc87b0
Event: 3.217 Thread 0x0000029469dc87b0 Thread added: 0x0000029469dc87b0
Event: 3.912 Thread 0x0000029423ceeb30 Thread exited: 0x0000029423ceeb30
Event: 7.407 Thread 0x0000029469dc87b0 Thread exited: 0x0000029469dc87b0
Event: 7.407 Thread 0x0000029469dc9b60 Thread exited: 0x0000029469dc9b60
Event: 7.508 Thread 0x0000029423ceffa0 Thread added: 0x0000029423ceffa0
Event: 8.113 Thread 0x0000029423ceffa0 Thread exited: 0x0000029423ceffa0
Event: 3607.014 Thread 0x0000029469dc94d0 Thread exited: 0x0000029469dc94d0
Event: 3607.023 Thread 0x0000029469dc9b60 Thread added: 0x0000029469dc9b60
Event: 3607.023 Thread 0x0000029469dc6d70 Thread added: 0x0000029469dc6d70
Event: 3607.026 Thread 0x0000029469dc9b60 Thread exited: 0x0000029469dc9b60


Dynamic libraries:
0x00007ff7fcc40000 - 0x00007ff7fcc50000 	C:\Program Files\Java\jdk-21\bin\java.exe
0x00007ffdcafe0000 - 0x00007ffdcb247000 	C:\WINDOWS\SYSTEM32\ntdll.dll
0x00007ffdc9de0000 - 0x00007ffdc9ea9000 	C:\WINDOWS\System32\KERNEL32.DLL
0x00007ffdc8980000 - 0x00007ffdc8d71000 	C:\WINDOWS\System32\KERNELBASE.dll
0x00007ffdc78c0000 - 0x00007ffdc7a0b000 	C:\WINDOWS\System32\ucrtbase.dll
0x00007ffdac0a0000 - 0x00007ffdac0b9000 	C:\Program Files\Java\jdk-21\bin\jli.dll
0x00007ffdab4e0000 - 0x00007ffdab4fb000 	C:\Program Files\Java\jdk-21\bin\VCRUNTIME140.dll
0x00007ffdc8fa0000 - 0x00007ffdc905b000 	C:\WINDOWS\System32\ADVAPI32.dll
0x00007ffdc9160000 - 0x00007ffdc9209000 	C:\WINDOWS\System32\msvcrt.dll
0x00007ffdc9210000 - 0x00007ffdc92b7000 	C:\WINDOWS\System32\sechost.dll
0x00007ffdc9610000 - 0x00007ffdc9728000 	C:\WINDOWS\System32\RPCRT4.dll
0x00007ffdc9440000 - 0x00007ffdc9605000 	C:\WINDOWS\System32\USER32.dll
0x00007ffdb4810000 - 0x00007ffdb4aa3000 	C:\WINDOWS\WinSxS\amd64_microsoft.windows.common-controls_6595b64144ccf1df_6.0.26100.8037_none_3e092faae333b53b\COMCTL32.dll
0x00007ffdc8e10000 - 0x00007ffdc8e3b000 	C:\WINDOWS\System32\GDI32.dll
0x00007ffdc8770000 - 0x00007ffdc8797000 	C:\WINDOWS\System32\win32u.dll
0x00007ffdc87a0000 - 0x00007ffdc88cb000 	C:\WINDOWS\System32\gdi32full.dll
0x00007ffdc86c0000 - 0x00007ffdc8763000 	C:\WINDOWS\System32\msvcp_win.dll
0x00007ffdc1ad0000 - 0x00007ffdc1adb000 	C:\WINDOWS\SYSTEM32\VERSION.dll
0x00007ffdc9750000 - 0x00007ffdc9781000 	C:\WINDOWS\System32\IMM32.DLL
0x00007ffdac090000 - 0x00007ffdac09c000 	C:\Program Files\Java\jdk-21\bin\vcruntime140_1.dll
0x00007ffdab420000 - 0x00007ffdab4ae000 	C:\Program Files\Java\jdk-21\bin\msvcp140.dll
0x00007ffdaa220000 - 0x00007ffdaaf38000 	C:\Program Files\Java\jdk-21\bin\server\jvm.dll
0x00007ffdc9870000 - 0x00007ffdc98e4000 	C:\WINDOWS\System32\WS2_32.dll
0x00007ffdc7740000 - 0x00007ffdc779e000 	C:\WINDOWS\SYSTEM32\POWRPROF.dll
0x00007ffdc1a90000 - 0x00007ffdc1ac5000 	C:\WINDOWS\SYSTEM32\WINMM.dll
0x00007ffdc7700000 - 0x00007ffdc7714000 	C:\WINDOWS\SYSTEM32\UMPDC.dll
0x00007ffdc6630000 - 0x00007ffdc664b000 	C:\WINDOWS\SYSTEM32\kernel.appcore.dll
0x00007ffdab500000 - 0x00007ffdab50a000 	C:\Program Files\Java\jdk-21\bin\jimage.dll
0x00007ffdb44a0000 - 0x00007ffdb46e2000 	C:\WINDOWS\SYSTEM32\DBGHELP.DLL
0x00007ffdc99f0000 - 0x00007ffdc9d72000 	C:\WINDOWS\System32\combase.dll
0x00007ffdc9790000 - 0x00007ffdc9867000 	C:\WINDOWS\System32\OLEAUT32.dll
0x00007ffdb3620000 - 0x00007ffdb365b000 	C:\WINDOWS\SYSTEM32\dbgcore.DLL
0x00007ffdc88d0000 - 0x00007ffdc8975000 	C:\WINDOWS\System32\bcryptPrimitives.dll
0x00007ffdab070000 - 0x00007ffdab08f000 	C:\Program Files\Java\jdk-21\bin\java.dll
0x00007ffdca830000 - 0x00007ffdcaf8f000 	C:\WINDOWS\System32\SHELL32.dll
0x00007ffdc8490000 - 0x00007ffdc85fa000 	C:\WINDOWS\System32\wintypes.dll
0x00007ffdc7a10000 - 0x00007ffdc8274000 	C:\WINDOWS\System32\windows.storage.dll
0x00007ffdc98f0000 - 0x00007ffdc99e7000 	C:\WINDOWS\System32\SHCORE.dll
0x00007ffdc9ed0000 - 0x00007ffdc9f37000 	C:\WINDOWS\System32\shlwapi.dll
0x00007ffdc77e0000 - 0x00007ffdc7809000 	C:\WINDOWS\SYSTEM32\profapi.dll
0x00007ffdaa0f0000 - 0x00007ffdaa1c7000 	C:\Program Files\Java\jdk-21\bin\jsvml.dll
0x00007ffdaf6b0000 - 0x00007ffdaf6c0000 	C:\Program Files\Java\jdk-21\bin\net.dll
0x00007ffdbf5a0000 - 0x00007ffdbf6c7000 	C:\WINDOWS\SYSTEM32\WINHTTP.dll
0x00007ffdc6bc0000 - 0x00007ffdc6c2b000 	C:\WINDOWS\system32\mswsock.dll
0x00007ffdaf690000 - 0x00007ffdaf6a6000 	C:\Program Files\Java\jdk-21\bin\nio.dll
0x00007ffdaf6f0000 - 0x00007ffdaf708000 	C:\Program Files\Java\jdk-21\bin\zip.dll
0x00007ffdaf650000 - 0x00007ffdaf65a000 	C:\Program Files\Java\jdk-21\bin\management.dll
0x00007ffdaf640000 - 0x00007ffdaf64b000 	C:\Program Files\Java\jdk-21\bin\management_ext.dll
0x00007ffdc9ec0000 - 0x00007ffdc9ec8000 	C:\WINDOWS\System32\PSAPI.DLL
0x00007ffda1240000 - 0x00007ffda1267000 	C:\Users\asus\.gradle\native\660c5614fbf4a5f2a75b1949f50a0caf5cd603558e7d8a26e50b933a0cfb79d1\windows-amd64\native-platform.dll
0x00007ffd6ea70000 - 0x00007ffd6ea94000 	C:\Users\asus\.gradle\native\jansi\2.4.2\Windows\x86_64\jansi.dll
0x00007ffdc6010000 - 0x00007ffdc6043000 	C:\WINDOWS\SYSTEM32\IPHLPAPI.DLL
0x00007ffdc8e00000 - 0x00007ffdc8e0a000 	C:\WINDOWS\System32\NSI.dll
0x00007ffdaf4d0000 - 0x00007ffdaf4d9000 	C:\Program Files\Java\jdk-21\bin\extnet.dll
0x00007ffdc6eb0000 - 0x00007ffdc6ecb000 	C:\WINDOWS\SYSTEM32\CRYPTSP.dll
0x00007ffdc6580000 - 0x00007ffdc65b9000 	C:\WINDOWS\system32\rsaenh.dll
0x00007ffdc6c70000 - 0x00007ffdc6ca2000 	C:\WINDOWS\SYSTEM32\USERENV.dll
0x00007ffdc77b0000 - 0x00007ffdc77da000 	C:\WINDOWS\SYSTEM32\bcrypt.dll
0x00007ffdc6ea0000 - 0x00007ffdc6eac000 	C:\WINDOWS\SYSTEM32\CRYPTBASE.dll
0x00007ffdb9ea0000 - 0x00007ffdb9eb0000 	C:\Program Files\Java\jdk-21\bin\verify.dll
0x00007ffdb9df0000 - 0x00007ffdb9dfe000 	C:\Program Files\Java\jdk-21\bin\sunmscapi.dll
0x00007ffdc8310000 - 0x00007ffdc8487000 	C:\WINDOWS\System32\CRYPT32.dll
0x00007ffdc70c0000 - 0x00007ffdc70f0000 	C:\WINDOWS\SYSTEM32\ncrypt.dll
0x00007ffdc7070000 - 0x00007ffdc70af000 	C:\WINDOWS\SYSTEM32\NTASN1.dll
0x00007ffdaf660000 - 0x00007ffdaf668000 	C:\WINDOWS\system32\wshunix.dll

dbghelp: loaded successfully - version: 4.0.5 - missing functions: none
symbol engine: initialized successfully - sym options: 0x614 - pdb path: .;C:\Program Files\Java\jdk-21\bin;C:\WINDOWS\SYSTEM32;C:\WINDOWS\WinSxS\amd64_microsoft.windows.common-controls_6595b64144ccf1df_6.0.26100.8037_none_3e092faae333b53b;C:\Program Files\Java\jdk-21\bin\server;C:\Users\asus\.gradle\native\660c5614fbf4a5f2a75b1949f50a0caf5cd603558e7d8a26e50b933a0cfb79d1\windows-amd64;C:\Users\asus\.gradle\native\jansi\2.4.2\Windows\x86_64

VM Arguments:
jvm_args: -Xmx64m -Xms64m -Dorg.gradle.appname=gradlew 
java_command: C:\Users\asus\Desktop\projet_benazouz\projet\\gradle\wrapper\gradle-wrapper.jar bootRun
java_class_path (initial): C:\Users\asus\Desktop\projet_benazouz\projet\\gradle\wrapper\gradle-wrapper.jar
Launcher Type: SUN_STANDARD

[Global flags]
     intx CICompilerCount                          = 4                                         {product} {ergonomic}
     uint ConcGCThreads                            = 2                                         {product} {ergonomic}
     uint G1ConcRefinementThreads                  = 8                                         {product} {ergonomic}
   size_t G1HeapRegionSize                         = 1048576                                   {product} {ergonomic}
    uintx GCDrainStackTargetSize                   = 64                                        {product} {ergonomic}
   size_t InitialHeapSize                          = 67108864                                  {product} {command line}
   size_t MarkStackSize                            = 4194304                                   {product} {ergonomic}
   size_t MaxHeapSize                              = 67108864                                  {product} {command line}
   size_t MaxNewSize                               = 39845888                                  {product} {ergonomic}
   size_t MinHeapDeltaBytes                        = 1048576                                   {product} {ergonomic}
   size_t MinHeapSize                              = 67108864                                  {product} {command line}
    uintx NonNMethodCodeHeapSize                   = 5839372                                {pd product} {ergonomic}
    uintx NonProfiledCodeHeapSize                  = 122909434                              {pd product} {ergonomic}
    uintx ProfiledCodeHeapSize                     = 122909434                              {pd product} {ergonomic}
    uintx ReservedCodeCacheSize                    = 251658240                              {pd product} {ergonomic}
     bool SegmentedCodeCache                       = true                                      {product} {ergonomic}
   size_t SoftMaxHeapSize                          = 67108864                               {manageable} {ergonomic}
     bool UseCompressedOops                        = true                           {product lp64_product} {ergonomic}
     bool UseG1GC                                  = true                                      {product} {ergonomic}
     bool UseLargePagesIndividualAllocation        = false                                  {pd product} {ergonomic}

Logging:
Log output configuration:
 #0: stdout all=warning uptime,level,tags foldmultilines=false
 #1: stderr all=off uptime,level,tags foldmultilines=false

Environment Variables:
JAVA_HOME=C:\Program Files\Java\jdk-21.
PATH=C:\Program Files\Common Files\Oracle\Java\javapath;C:\WINDOWS\system32;C:\WINDOWS;C:\WINDOWS\System32\Wbem;C:\WINDOWS\System32\WindowsPowerShell\v1.0\;C:\WINDOWS\System32\OpenSSH\;C:\Program Files\TortoiseGit\bin;C:\Program Files\Git\cmd;C:\Program Files\nodejs\;C:\Program Files\Go\bin;C:\Program Files\MongoDB\Server\8.0\bin;C:\Users\asus\Downloads\gradle-8.13-bin\gradle-8.13\bin;;C:\Program Files\Docker\Docker\resources\bin;C:\Users\asus\anaconda3;C:\Users\asus\anaconda3\Library\mingw-w64\bin;C:\Users\asus\anaconda3\Library\usr\bin;C:\Users\asus\anaconda3\Library\bin;C:\Users\asus\anaconda3\Scripts;C:\Users\asus\AppData\Local\Programs\Python\Python39\Scripts\;C:\Users\asus\AppData\Local\Programs\Python\Python39\;C:\Users\asus\AppData\Local\Microsoft\WindowsApps;C:\Users\asus\Desktop\Microsoft VS Code\bin;C:\Users\asus\AppData\Roaming\npm;C:\Users\asus\go\bin;C:\Program Files\Apache\Maven\bin;C:\Users\asus\AppData\Local\Programs\mongosh\;C:\Users\asus\AppData\Local\Programs\Antigravity\bin
USERNAME=asus
OS=Windows_NT
PROCESSOR_IDENTIFIER=AMD64 Family 23 Model 24 Stepping 1, AuthenticAMD
TMP=C:\Users\asus\AppData\Local\Temp
TEMP=C:\Users\asus\AppData\Local\Temp




Periodic native trim disabled

---------------  S Y S T E M  ---------------

OS:
 Windows 11 , 64 bit Build 26100 (10.0.26100.7920)
OS uptime: 0 days 19:08 hours
Hyper-V role detected

CPU: total 8 (initial active 8) (8 cores per cpu, 2 threads per core) family 23 model 24 stepping 1 microcode 0x8108102, cx8, cmov, fxsr, ht, mmx, 3dnowpref, sse, sse2, sse3, ssse3, sse4a, sse4.1, sse4.2, popcnt, lzcnt, tsc, tscinvbit, avx, avx2, aes, clmul, bmi1, bmi2, adx, sha, fma, vzeroupper, clflush, clflushopt, hv, rdtscp, f16c
Processor Information for all 8 processors :
  Max Mhz: 2100, Current Mhz: 2100, Mhz Limit: 2100

Memory: 4k page, system-wide physical 6091M (374M free)
TotalPageFile size 21660M (AvailPageFile size 0M)
current process WorkingSet (physical memory assigned to process): 43M, peak: 114M
current process commit charge ("private bytes"): 171M, peak: 196M

vm_info: Java HotSpot(TM) 64-Bit Server VM (21.0.5+9-LTS-239) for windows-amd64 JRE (21.0.5+9-LTS-239), built on 2024-09-30T05:17:38Z by "mach5one" with MS VC++ 17.6 (VS2022)

END.
